Component: ARM Compiler 5.06 update 5 (build 528) Tool: armlink [4d35e2]

==============================================================================

Section Cross References

    main.o(.text) refers to delay.o(.text) for delay_init
    main.o(.text) refers to sram.o(.text) for FSMC_SRAM_Init
    main.o(.text) refers to usart3.o(.text) for initiate_filter
    main.o(.text) refers to led.o(.text) for LED_Init
    main.o(.text) refers to misc.o(.text) for NVIC_PriorityGroupConfig
    main.o(.text) refers to exti.o(.text) for EXTIX_Init
    main.o(.text) refers to usart.o(.text) for uart_init
    main.o(.text) refers to emg.o(.text) for feature_extraction
    main.o(.text) refers to stm32f4xx_usart.o(.text) for USART_SendData
    main.o(.text) refers to usart3.o(.data) for data_full_flag
    main.o(.text) refers to main.o(.bss) for .bss
    main.o(.text) refers to main.o(.data) for .data
    main.o(.text) refers to emg.o(.data) for count
    main.o(.text) refers to exti.o(.data) for trainig_flag
    main.o(.text) refers to emg.o(.bss) for feat
    main.o(.text) refers to emg.o(.bss) for feat_matrix
    main.o(.text) refers to config.o(.data) for window_count
    main.o(.text) refers to config.o(.data) for dur
    system_stm32f4xx.o(.text) refers to system_stm32f4xx.o(.data) for .data
    startup_stm32f40_41xxx.o(STACK) refers (Special) to heapauxi.o(.text) for __use_two_region_memory
    startup_stm32f40_41xxx.o(HEAP) refers (Special) to heapauxi.o(.text) for __use_two_region_memory
    startup_stm32f40_41xxx.o(RESET) refers (Special) to heapauxi.o(.text) for __use_two_region_memory
    startup_stm32f40_41xxx.o(RESET) refers to startup_stm32f40_41xxx.o(STACK) for __initial_sp
    startup_stm32f40_41xxx.o(RESET) refers to startup_stm32f40_41xxx.o(.text) for Reset_Handler
    startup_stm32f40_41xxx.o(RESET) refers to stm32f4xx_it.o(.text) for NMI_Handler
    startup_stm32f40_41xxx.o(RESET) refers to exti.o(.text) for EXTI0_IRQHandler
    startup_stm32f40_41xxx.o(RESET) refers to usart.o(.text) for USART1_IRQHandler
    startup_stm32f40_41xxx.o(RESET) refers to usart3.o(.text) for USART3_IRQHandler
    startup_stm32f40_41xxx.o(.text) refers (Special) to heapauxi.o(.text) for __use_two_region_memory
    startup_stm32f40_41xxx.o(.text) refers to system_stm32f4xx.o(.text) for SystemInit
    startup_stm32f40_41xxx.o(.text) refers to __main.o(!!!main) for __main
    startup_stm32f40_41xxx.o(.text) refers to startup_stm32f40_41xxx.o(HEAP) for Heap_Mem
    startup_stm32f40_41xxx.o(.text) refers to startup_stm32f40_41xxx.o(STACK) for Stack_Mem
    stm32f4xx_adc.o(.text) refers to stm32f4xx_rcc.o(.text) for RCC_APB2PeriphResetCmd
    stm32f4xx_can.o(.text) refers to stm32f4xx_rcc.o(.text) for RCC_APB1PeriphResetCmd
    stm32f4xx_cryp.o(.text) refers to stm32f4xx_rcc.o(.text) for RCC_AHB2PeriphResetCmd
    stm32f4xx_cryp_aes.o(.text) refers to stm32f4xx_cryp.o(.text) for CRYP_KeyStructInit
    stm32f4xx_cryp_des.o(.text) refers to stm32f4xx_cryp.o(.text) for CRYP_KeyStructInit
    stm32f4xx_cryp_tdes.o(.text) refers to stm32f4xx_cryp.o(.text) for CRYP_KeyStructInit
    stm32f4xx_dac.o(.text) refers to stm32f4xx_rcc.o(.text) for RCC_APB1PeriphResetCmd
    stm32f4xx_dma2d.o(.text) refers to stm32f4xx_rcc.o(.text) for RCC_AHB1PeriphResetCmd
    stm32f4xx_fsmc.o(.text) refers to stm32f4xx_fsmc.o(.constdata) for .constdata
    stm32f4xx_gpio.o(.text) refers to stm32f4xx_rcc.o(.text) for RCC_AHB1PeriphResetCmd
    stm32f4xx_hash.o(.text) refers to stm32f4xx_rcc.o(.text) for RCC_AHB2PeriphResetCmd
    stm32f4xx_hash_md5.o(.text) refers to stm32f4xx_hash.o(.text) for HASH_DeInit
    stm32f4xx_hash_sha1.o(.text) refers to stm32f4xx_hash.o(.text) for HASH_DeInit
    stm32f4xx_i2c.o(.text) refers to stm32f4xx_rcc.o(.text) for RCC_APB1PeriphResetCmd
    stm32f4xx_ltdc.o(.text) refers to stm32f4xx_rcc.o(.text) for RCC_APB2PeriphResetCmd
    stm32f4xx_pwr.o(.text) refers to stm32f4xx_rcc.o(.text) for RCC_APB1PeriphResetCmd
    stm32f4xx_rcc.o(.text) refers to stm32f4xx_rcc.o(.data) for .data
    stm32f4xx_rng.o(.text) refers to stm32f4xx_rcc.o(.text) for RCC_AHB2PeriphResetCmd
    stm32f4xx_sai.o(.text) refers to stm32f4xx_rcc.o(.text) for RCC_APB2PeriphResetCmd
    stm32f4xx_sdio.o(.text) refers to stm32f4xx_rcc.o(.text) for RCC_APB2PeriphResetCmd
    stm32f4xx_spi.o(.text) refers to stm32f4xx_rcc.o(.text) for RCC_APB1PeriphResetCmd
    stm32f4xx_syscfg.o(.text) refers to stm32f4xx_rcc.o(.text) for RCC_APB2PeriphResetCmd
    stm32f4xx_tim.o(.text) refers to stm32f4xx_rcc.o(.text) for RCC_APB2PeriphResetCmd
    stm32f4xx_usart.o(.text) refers to stm32f4xx_rcc.o(.text) for RCC_APB2PeriphResetCmd
    stm32f4xx_wwdg.o(.text) refers to stm32f4xx_rcc.o(.text) for RCC_APB1PeriphResetCmd
    delay.o(.text) refers to misc.o(.text) for SysTick_CLKSourceConfig
    delay.o(.text) refers to delay.o(.data) for .data
    usart.o(.text) refers to stm32f4xx_rcc.o(.text) for RCC_AHB1PeriphClockCmd
[...]
    ../clib/angel/kernel.s                   0x00000000   Number         0  __rtentry4.o ABSOLUTE
    ../clib/angel/kernel.s                   0x00000000   Number         0  rtexit.o ABSOLUTE
    ../clib/angel/kernel.s                   0x00000000   Number         0  __rtentry.o ABSOLUTE
    ../clib/angel/rt.s                       0x00000000   Number         0  rt_raise.o ABSOLUTE
    ../clib/angel/scatter.s                  0x00000000   Number         0  __scatter.o ABSOLUTE
    ../clib/angel/startup.s                  0x00000000   Number         0  __main.o ABSOLUTE
    ../clib/angel/sys.s                      0x00000000   Number         0  use_no_semi.o ABSOLUTE
    ../clib/angel/sys.s                      0x00000000   Number         0  libspace.o ABSOLUTE
    ../clib/angel/sys.s                      0x00000000   Number         0  sys_stackheap_outer.o ABSOLUTE
    ../clib/angel/sys.s                      0x00000000   Number         0  indicate_semi.o ABSOLUTE
    ../clib/angel/sysapp.c                   0x00000000   Number         0  sys_wrch.o ABSOLUTE
    ../clib/angel/sysapp.c                   0x00000000   Number         0  sys_command.o ABSOLUTE
    ../clib/armsys.c                         0x00000000   Number         0  no_argv.o ABSOLUTE
    ../clib/armsys.c                         0x00000000   Number         0  _get_argv_nomalloc.o ABSOLUTE
    ../clib/armsys.c                         0x00000000   Number         0  argv_veneer.o ABSOLUTE
    ../clib/armsys.c                         0x00000000   Number         0  argv_veneer.o ABSOLUTE
    ../clib/heapalloc.c                      0x00000000   Number         0  hrguard.o ABSOLUTE
    ../clib/heapaux.c                        0x00000000   Number         0  heapauxi.o ABSOLUTE
    ../clib/libinit.s                        0x00000000   Number         0  libshutdown.o ABSOLUTE
    ../clib/libinit.s                        0x00000000   Number         0  libinit2.o ABSOLUTE
    ../clib/libinit.s                        0x00000000   Number         0  libinit.o ABSOLUTE
    ../clib/libinit.s                        0x00000000   Number         0  libshutdown2.o ABSOLUTE
    ../clib/printf.c                         0x00000000   Number         0  _printf_hex_int_ll_ptr.o ABSOLUTE
    ../clib/printf.c                         0x00000000   Number         0  _printf_hex_ll.o ABSOLUTE
    ../clib/printf.c                         0x00000000   Number         0  __printf.o ABSOLUTE
    ../clib/printf.c                         0x00000000   Number         0  __printf_nopercent.o ABSOLUTE
    ../clib/printf.c                         0x00000000   Number         0  noretval__2printf.o ABSOLUTE
    ../clib/printf.c                         0x00000000   Number         0  __2printf.o ABSOLUTE
    ../clib/printf.c                         0x00000000   Number         0  _printf_hex_ll_ptr.o ABSOLUTE
    ../clib/printf.c                         0x00000000   Number         0  __printf_ss.o ABSOLUTE
    ../clib/printf.c                         0x00000000   Number         0  __printf_flags_ss.o ABSOLUTE
    ../clib/printf.c                         0x00000000   Number         0  __printf_wp.o ABSOLUTE
    ../clib/printf.c                         0x00000000   Number         0  __printf_ss_wp.o ABSOLUTE
    ../clib/printf.c                         0x00000000   Number         0  __printf_flags_ss_wp.o ABSOLUTE
    ../clib/printf.c                         0x00000000   Number         0  _printf_char_file.o ABSOLUTE
    ../clib/printf.c                         0x00000000   Number         0  _printf_char_common.o ABSOLUTE
    ../clib/printf.c                         0x00000000   Number         0  _printf_intcommon.o ABSOLUTE
    ../clib/printf.c                         0x00000000   Number         0  _printf_hex_int_ll.o ABSOLUTE
    ../clib/printf.c                         0x00000000   Number         0  __printf_flags.o ABSOLUTE
    ../clib/printf.c                         0x00000000   Number         0  _printf_hex_int_ptr.o ABSOLUTE
    ../clib/printf.c                         0x00000000   Number         0  _printf_hex_ptr.o ABSOLUTE
    ../clib/printf.c                         0x00000000   Number         0  __printf_flags_wp.o ABSOLUTE
    ../clib/printf.c                         0x00000000   Number         0  _printf_hex_int.o ABSOLUTE
    ../clib/printf_percent.s                 0x00000000   Number         0  _printf_percent_end.o ABSOLUTE
    ../clib/printf_percent.s                 0x00000000   Number         0  _printf_percent.o ABSOLUTE
    ../clib/printf_percent.s                 0x00000000   Number         0  _printf_x.o ABSOLUTE
    ../clib/signal.c                         0x00000000   Number         0  defsig_rtmem_outer.o ABSOLUTE
    ../clib/signal.c                         0x00000000   Number         0  defsig_rtred_inner.o ABSOLUTE
    ../clib/signal.c                         0x00000000   Number         0  defsig_exit.o ABSOLUTE
    ../clib/signal.c                         0x00000000   Number         0  defsig_rtmem_formal.o ABSOLUTE
    ../clib/signal.c                         0x00000000   Number         0  defsig_pvfn_inner.o ABSOLUTE
    ../clib/signal.c                         0x00000000   Number         0  defsig_cppl_inner.o ABSOLUTE
    ../clib/signal.c                         0x00000000   Number         0  defsig_fpe_inner.o ABSOLUTE
    ../clib/signal.c                         0x00000000   Number         0  defsig_segv_inner.o ABSOLUTE
    ../clib/signal.c                         0x00000000   Number         0  defsig_abrt_inner.o ABSOLUTE
    ../clib/signal.c                         0x00000000   Number         0  defsig_other.o ABSOLUTE
    ../clib/signal.c                         0x00000000   Number         0  defsig_general.o ABSOLUTE
    ../clib/signal.c                         0x00000000   Number         0  __raise.o ABSOLUTE
    ../clib/signal.c                         0x00000000   Number         0  defsig_rtmem_inner.o ABSOLUTE
    ../clib/signal.c                         0x00000000   Number         0  defsig_stak_inner.o ABSOLUTE
    ../clib/signal.s                         0x00000000   Number         0  defsig.o ABSOLUTE
    ../clib/stdio.c                          0x00000000   Number         0  ferror_locked.o ABSOLUTE
    ../clib/stdio.c                          0x00000000   Number         0  ferror.o ABSOLUTE
    ../clib/stdlib.c                         0x00000000   Number         0  exit.o ABSOLUTE
    ../fplib/d2f.s                           0x00000000   Number         0  d2f.o ABSOLUTE
    ../fplib/daddsub.s                       0x00000000   Number         0  daddsub_clz.o ABSOLUTE
    ../fplib/dcmpi.s                         0x00000000   Number         0  dcmpi.o ABSOLUTE
    ../fplib/dfixu.s                         0x00000000   Number         0  dfixu.o ABSOLUTE
    ../fplib/dflt.s                          0x00000000   Number         0  dflt_clz.o ABSOLUTE
    ../fplib/dleqf.s                         0x00000000   Number         0  dleqf.o ABSOLUTE
    ../fplib/dmul.s                          0x00000000   Number         0  dmul.o ABSOLUTE
    ../fplib/dnaninf.s                       0x00000000   Number         0  dnaninf.o ABSOLUTE
    ../fplib/dretinf.s                       0x00000000   Number         0  dretinf.o ABSOLUTE
    ../fplib/drleqf.s                        0x00000000   Number         0  drleqf.o ABSOLUTE
    ../fplib/f2d.s                           0x00000000   Number         0  f2d.o ABSOLUTE
    ../fplib/fnaninf.s                       0x00000000   Number         0  fnaninf.o ABSOLUTE
    ../fplib/fpinit.s                        0x00000000   Number         0  fpinit.o ABSOLUTE
    ../fplib/fretinf.s                       0x00000000   Number         0  fretinf.o ABSOLUTE
    ../fplib/usenofp.s                       0x00000000   Number         0  usenofp.o ABSOLUTE
    ../mathlib/fabs.c                        0x00000000   Number         0  fabs.o ABSOLUTE
    ..\CORE\startup_stm32f40_41xxx.s         0x00000000   Number         0  startup_stm32f40_41xxx.o ABSOLUTE
    ..\FWLIB\src\misc.c                      0x00000000   Number         0  misc.o ABSOLUTE
    ..\FWLIB\src\stm32f4xx_adc.c             0x00000000   Number         0  stm32f4xx_adc.o ABSOLUTE
    ..\FWLIB\src\stm32f4xx_can.c             0x00000000   Number         0  stm32f4xx_can.o ABSOLUTE
    ..\FWLIB\src\stm32f4xx_crc.c             0x00000000   Number         0  stm32f4xx_crc.o ABSOLUTE
    ..\FWLIB\src\stm32f4xx_cryp.c            0x00000000   Number         0  stm32f4xx_cryp.o ABSOLUTE
    ..\FWLIB\src\stm32f4xx_cryp_aes.c        0x00000000   Number         0  stm32f4xx_cryp_aes.o ABSOLUTE
    ..\FWLIB\src\stm32f4xx_cryp_des.c        0x00000000   Number         0  stm32f4xx_cryp_des.o ABSOLUTE
    ..\FWLIB\src\stm32f4xx_cryp_tdes.c       0x00000000   Number         0  stm32f4xx_cryp_tdes.o ABSOLUTE
    ..\FWLIB\src\stm32f4xx_dac.c             0x00000000   Number         0  stm32f4xx_dac.o ABSOLUTE
    ..\FWLIB\src\stm32f4xx_dbgmcu.c          0x00000000   Number         0  stm32f4xx_dbgmcu.o ABSOLUTE
    ..\FWLIB\src\stm32f4xx_dcmi.c            0x00000000   Number         0  stm32f4xx_dcmi.o ABSOLUTE
    ..\FWLIB\src\stm32f4xx_dma.c             0x00000000   Number         0  stm32f4xx_dma.o ABSOLUTE
    ..\FWLIB\src\stm32f4xx_dma2d.c           0x00000000   Number         0  stm32f4xx_dma2d.o ABSOLUTE
    ..\FWLIB\src\stm32f4xx_exti.c            0x00000000   Number         0  stm32f4xx_exti.o ABSOLUTE
    ..\FWLIB\src\stm32f4xx_flash.c           0x00000000   Number         0  stm32f4xx_flash.o ABSOLUTE
    ..\FWLIB\src\stm32f4xx_flash_ramfunc.c   0x00000000   Number         0  stm32f4xx_flash_ramfunc.o ABSOLUTE
    ..\FWLIB\src\stm32f4xx_fsmc.c            0x00000000   Number         0  stm32f4xx_fsmc.o ABSOLUTE
    ..\FWLIB\src\stm32f4xx_gpio.c            0x00000000   Number         0  stm32f4xx_gpio.o ABSOLUTE
    ..\FWLIB\src\stm32f4xx_hash.c            0x00000000   Number         0  stm32f4xx_hash.o ABSOLUTE
    ..\FWLIB\src\stm32f4xx_hash_md5.c        0x00000000   Number         0  stm32f4xx_hash_md5.o ABSOLUTE
    ..\FWLIB\src\stm32f4xx_hash_sha1.c       0x00000000   Number         0  stm32f4xx_hash_sha1.o ABSOLUTE
    ..\FWLIB\src\stm32f4xx_i2c.c             0x00000000   Number         0  stm32f4xx_i2c.o ABSOLUTE
    ..\FWLIB\src\stm32f4xx_iwdg.c            0x00000000   Number         0  stm32f4xx_iwdg.o ABSOLUTE
    ..\FWLIB\src\stm32f4xx_ltdc.c            0x00000000   Number         0  stm32f4xx_ltdc.o ABSOLUTE
    ..\FWLIB\src\stm32f4xx_pwr.c             0x00000000   Number         0  stm32f4xx_pwr.o ABSOLUTE
    ..\FWLIB\src\stm32f4xx_rcc.c             0x00000000   Number         0  stm32f4xx_rcc.o ABSOLUTE
    ..\FWLIB\src\stm32f4xx_rng.c             0x00000000   Number         0  stm32f4xx_rng.o ABSOLUTE
    ..\FWLIB\src\stm32f4xx_rtc.c             0x00000000   Number         0  stm32f4xx_rtc.o ABSOLUTE
    ..\FWLIB\src\stm32f4xx_sai.c             0x00000000   Number         0  stm32f4xx_sai.o ABSOLUTE
    ..\FWLIB\src\stm32f4xx_sdio.c            0x00000000   Number         0  stm32f4xx_sdio.o ABSOLUTE
    ..\FWLIB\src\stm32f4xx_spi.c             0x00000000   Number         0  stm32f4xx_spi.o ABSOLUTE
    ..\FWLIB\src\stm32f4xx_syscfg.c          0x00000000   Number         0  stm32f4xx_syscfg.o ABSOLUTE
    ..\FWLIB\src\stm32f4xx_tim.c             0x00000000   Number         0  stm32f4xx_tim.o ABSOLUTE
    ..\FWLIB\src\stm32f4xx_usart.c           0x00000000   Number         0  stm32f4xx_usart.o ABSOLUTE
    ..\FWLIB\src\stm32f4xx_wwdg.c            0x00000000   Number         0  stm32f4xx_wwdg.o ABSOLUTE
    ..\HARDWARE\EMG\emg.c                    0x00000000   Number         0  emg.o ABSOLUTE
    ..\HARDWARE\EXTI\exti.c                  0x00000000   Number         0  exti.o ABSOLUTE
    ..\HARDWARE\KEY\key.c                    0x00000000   Number         0  key.o ABSOLUTE
    ..\HARDWARE\LCD\lcd.c                    0x00000000   Number         0  lcd.o ABSOLUTE
    ..\HARDWARE\LED\led.c                    0x00000000   Number         0  led.o ABSOLUTE
    ..\HARDWARE\SRAM\sram.c                  0x00000000   Number         0  sram.o ABSOLUTE
    ..\HARDWARE\config.c                     0x00000000   Number         0  config.o ABSOLUTE
    ..\HARDWARE\usart3.c                     0x00000000   Number         0  usart3.o ABSOLUTE
    ..\SYSTEM\delay\delay.c                  0x00000000   Number         0  delay.o ABSOLUTE
    ..\SYSTEM\sys\sys.c                      0x00000000   Number         0  sys.o ABSOLUTE
    ..\SYSTEM\usart\usart.c                  0x00000000   Number         0  usart.o ABSOLUTE
    ..\\FWLIB\\src\\misc.c                   0x00000000   Number         0  misc.o ABSOLUTE
    ..\\FWLIB\\src\\stm32f4xx_adc.c          0x00000000   Number         0  stm32f4xx_adc.o ABSOLUTE
    ..\\FWLIB\\src\\stm32f4xx_can.c          0x00000000   Number         0  stm32f4xx_can.o ABSOLUTE
    ..\\FWLIB\\src\\stm32f4xx_crc.c          0x00000000   Number         0  stm32f4xx_crc.o ABSOLUTE
    ..\\FWLIB\\src\\stm32f4xx_cryp.c         0x00000000   Number         0  stm32f4xx_cryp.o ABSOLUTE
    ..\\FWLIB\\src\\stm32f4xx_cryp_aes.c     0x00000000   Number         0  stm32f4xx_cryp_aes.o ABSOLUTE
    ..\\FWLIB\\src\\stm32f4xx_cryp_des.c     0x00000000   Number         0  stm32f4xx_cryp_des.o ABSOLUTE
    ..\\FWLIB\\src\\stm32f4xx_cryp_tdes.c    0x00000000   Number         0  stm32f4xx_cryp_tdes.o ABSOLUTE
    ..\\FWLIB\\src\\stm32f4xx_dac.c          0x00000000   Number         0  stm32f4xx_dac.o ABSOLUTE
    ..\\FWLIB\\src\\stm32f4xx_dbgmcu.c       0x00000000   Number         0  stm32f4xx_dbgmcu.o ABSOLUTE
    ..\\FWLIB\\src\\stm32f4xx_dcmi.c         0x00000000   Number         0  stm32f4xx_dcmi.o ABSOLUTE
    ..\\FWLIB\\src\\stm32f4xx_dma.c          0x00000000   Number         0  stm32f4xx_dma.o ABSOLUTE
    ..\\FWLIB\\src\\stm32f4xx_dma2d.c        0x00000000   Number         0  stm32f4xx_dma2d.o ABSOLUTE
    ..\\FWLIB\\src\\stm32f4xx_exti.c         0x00000000   Number         0  stm32f4xx_exti.o ABSOLUTE
    ..\\FWLIB\\src\\stm32f4xx_flash.c        0x00000000   Number         0  stm32f4xx_flash.o ABSOLUTE
    ..\\FWLIB\\src\\stm32f4xx_flash_ramfunc.c 0x00000000   Number         0  stm32f4xx_flash_ramfunc.o ABSOLUTE
    ..\\FWLIB\\src\\stm32f4xx_fsmc.c         0x00000000   Number         0  stm32f4xx_fsmc.o ABSOLUTE
    ..\\FWLIB\\src\\stm32f4xx_gpio.c         0x00000000   Number         0  stm32f4xx_gpio.o ABSOLUTE
    ..\\FWLIB\\src\\stm32f4xx_hash.c         0x00000000   Number         0  stm32f4xx_hash.o ABSOLUTE
    ..\\FWLIB\\src\\stm32f4xx_hash_md5.c     0x00000000   Number         0  stm32f4xx_hash_md5.o ABSOLUTE
    ..\\FWLIB\\src\\stm32f4xx_hash_sha1.c    0x00000000   Number         0  stm32f4xx_hash_sha1.o ABSOLUTE
    ..\\FWLIB\\src\\stm32f4xx_i2c.c          0x00000000   Number         0  stm32f4xx_i2c.o ABSOLUTE
    ..\\FWLIB\\src\\stm32f4xx_iwdg.c         0x00000000   Number         0  stm32f4xx_iwdg.o ABSOLUTE
    ..\\FWLIB\\src\\stm32f4xx_ltdc.c         0x00000000   Number         0  stm32f4xx_ltdc.o ABSOLUTE
    ..\\FWLIB\\src\\stm32f4xx_pwr.c          0x00000000   Number         0  stm32f4xx_pwr.o ABSOLUTE
    ..\\FWLIB\\src\\stm32f4xx_rcc.c          0x00000000   Number         0  stm32f4xx_rcc.o ABSOLUTE
    ..\\FWLIB\\src\\stm32f4xx_rng.c          0x00000000   Number         0  stm32f4xx_rng.o ABSOLUTE
    ..\\FWLIB\\src\\stm32f4xx_rtc.c          0x00000000   Number         0  stm32f4xx_rtc.o ABSOLUTE
    ..\\FWLIB\\src\\stm32f4xx_sai.c          0x00000000   Number         0  stm32f4xx_sai.o ABSOLUTE
    ..\\FWLIB\\src\\stm32f4xx_sdio.c         0x00000000   Number         0  stm32f4xx_sdio.o ABSOLUTE
    ..\\FWLIB\\src\\stm32f4xx_spi.c          0x00000000   Number         0  stm32f4xx_spi.o ABSOLUTE
    ..\\FWLIB\\src\\stm32f4xx_syscfg.c       0x00000000   Number         0  stm32f4xx_syscfg.o ABSOLUTE
    ..\\FWLIB\\src\\stm32f4xx_tim.c          0x00000000   Number         0  stm32f4xx_tim.o ABSOLUTE
    ..\\FWLIB\\src\\stm32f4xx_usart.c        0x00000000   Number         0  stm32f4xx_usart.o ABSOLUTE
    ..\\FWLIB\\src\\stm32f4xx_wwdg.c         0x00000000   Number         0  stm32f4xx_wwdg.o ABSOLUTE
    ..\\HARDWARE\\EMG\\emg.c                 0x00000000   Number         0  emg.o ABSOLUTE
    ..\\HARDWARE\\EXTI\\exti.c               0x00000000   Number         0  exti.o ABSOLUTE
    ..\\HARDWARE\\KEY\\key.c                 0x00000000   Number         0  key.o ABSOLUTE
    ..\\HARDWARE\\LCD\\lcd.c                 0x00000000   Number         0  lcd.o ABSOLUTE
    ..\\HARDWARE\\LED\\led.c                 0x00000000   Number         0  led.o ABSOLUTE
    ..\\HARDWARE\\SRAM\\sram.c               0x00000000   Number         0  sram.o ABSOLUTE
    ..\\HARDWARE\\config.c                   0x00000000   Number         0  config.o ABSOLUTE
    ..\\HARDWARE\\usart3.c                   0x00000000   Number         0  usart3.o ABSOLUTE
    ..\\SYSTEM\\delay\\delay.c               0x00000000   Number         0  delay.o ABSOLUTE
    ..\\SYSTEM\\sys\\sys.c                   0x00000000   Number         0  sys.o ABSOLUTE
    ..\\SYSTEM\\usart\\usart.c               0x00000000   Number         0  usart.o ABSOLUTE
    dc.s                                     0x00000000   Number         0  dc.o ABSOLUTE
    main.c                                   0x00000000   Number         0  main.o ABSOLUTE
    main.c                                   0x00000000   Number         0  main.o ABSOLUTE
    stm32f4xx_it.c                           0x00000000   Number         0  stm32f4xx_it.o ABSOLUTE
    stm32f4xx_it.c                           0x00000000   Number         0  stm32f4xx_it.o ABSOLUTE
    system_stm32f4xx.c                       0x00000000   Number         0  system_stm32f4xx.o ABSOLUTE
    system_stm32f4xx.c                       0x00000000   Number         0  system_stm32f4xx.o ABSOLUTE
    RESET                                    0x08000000   Section      392  startup_stm32f40_41xxx.o(RESET)
    !!!main                                  0x08000188   Section        8  __main.o(!!!main)
    !!!scatter                               0x08000190   Section       52  __scatter.o(!!!scatter)
    !!handler_copy                           0x080001c4   Section       26  __scatter_copy.o(!!handler_copy)
    !!handler_zi                             0x080001e0   Section       28  __scatter_zi.o(!!handler_zi)
    .ARM.Collect$$libinit$$00000000          0x080001fc   Section        2  libinit.o(.ARM.Collect$$libinit$$00000000)
    .ARM.Collect$$libinit$$00000001          0x080001fe   Section        4  libinit2.o(.ARM.Collect$$libinit$$00000001)
    .ARM.Collect$$libinit$$00000004          0x08000202   Section        0  libinit2.o(.ARM.Collect$$libinit$$00000004)
    .ARM.Collect$$libinit$$0000000A          0x08000202   Section        0  libinit2.o(.ARM.Collect$$libinit$$0000000A)
    .ARM.Collect$$libinit$$0000000C          0x08000202   Section        0  libinit2.o(.ARM.Collect$$libinit$$0000000C)
    .ARM.Collect$$libinit$$0000000E          0x08000202   Section        0  libinit2.o(.ARM.Collect$$libinit$$0000000E)
    .ARM.Collect$$libinit$$00000011          0x08000202   Section        0  libinit2.o(.ARM.Collect$$libinit$$00000011)
    .ARM.Collect$$libinit$$00000013          0x08000202   Section        0  libinit2.o(.ARM.Collect$$libinit$$00000013)
    .ARM.Collect$$libinit$$00000015          0x08000202   Section        0  libinit2.o(.ARM.Collect$$libinit$$00000015)
    .ARM.Collect$$libinit$$00000017          0x08000202   Section        0  libinit2.o(.ARM.Collect$$libinit$$00000017)
    .ARM.Collect$$libinit$$00000019          0x08000202   Section        0  libinit2.o(.ARM.Collect$$libinit$$00000019)
    .ARM.Collect$$libinit$$0000001B          0x08000202   Section        0  libinit2.o(.ARM.Collect$$libinit$$0000001B)
    .ARM.Collect$$libinit$$0000001D          0x08000202   Section        0  libinit2.o(.ARM.Collect$$libinit$$0000001D)
    .ARM.Collect$$libinit$$0000001F          0x08000202   Section        0  libinit2.o(.ARM.Collect$$libinit$$0000001F)
    .ARM.Collect$$libinit$$00000021          0x08000202   Section        0  libinit2.o(.ARM.Collect$$libinit$$00000021)
    .ARM.Collect$$libinit$$00000023          0x08000202   Section        0  libinit2.o(.ARM.Collect$$libinit$$00000023)
    .ARM.Collect$$libinit$$00000025          0x08000202   Section        0  libinit2.o(.ARM.Collect$$libinit$$00000025)
    .ARM.Collect$$libinit$$0000002C          0x08000202   Section        0  libinit2.o(.ARM.Collect$$libinit$$0000002C)
    .ARM.Collect$$libinit$$0000002E          0x08000202   Section        0  libinit2.o(.ARM.Collect$$libinit$$0000002E)
    .ARM.Collect$$libinit$$00000030          0x08000202   Section        0  libinit2.o(.ARM.Collect$$libinit$$00000030)
    .ARM.Collect$$libinit$$00000032          0x08000202   Section        0  libinit2.o(.ARM.Collect$$libinit$$00000032)
    .ARM.Collect$$libinit$$00000033          0x08000202   Section        2  libinit2.o(.ARM.Collect$$libinit$$00000033)
    .ARM.Collect$$libshutdown$$00000000      0x08000204   Section        2  libshutdown.o(.ARM.Collect$$libshutdown$$00000000)
    .ARM.Collect$$libshutdown$$00000002      0x08000206   Section        0  libshutdown2.o(.ARM.Collect$$libshutdown$$00000002)
    .ARM.Collect$$libshutdown$$00000004      0x08000206   Section        0  libshutdown2.o(.ARM.Collect$$libshutdown$$00000004)
    .ARM.Collect$$libshutdown$$00000007      0x08000206   Section        0  libshutdown2.o(.ARM.Collect$$libshutdown$$00000007)
    .ARM.Collect$$libshutdown$$0000000A      0x08000206   Section        0  libshutdown2.o(.ARM.Collect$$libshutdown$$0000000A)
    .ARM.Collect$$libshutdown$$0000000C      0x08000206   Section        0  libshutdown2.o(.ARM.Collect$$libshutdown$$0000000C)
    .ARM.Collect$$libshutdown$$0000000F      0x08000206   Section        0  libshutdown2.o(.ARM.Collect$$libshutdown$$0000000F)
    .ARM.Collect$$libshutdown$$00000010      0x08000206   Section        2  libshutdown2.o(.ARM.Collect$$libshutdown$$00000010)
    .ARM.Collect$$rtentry$$00000000          0x08000208   Section        0  __rtentry.o(.ARM.Collect$$rtentry$$00000000)
    .ARM.Collect$$rtentry$$00000002          0x08000208   Section        0  __rtentry2.o(.ARM.Collect$$rtentry$$00000002)
    .ARM.Collect$$rtentry$$00000004          0x08000208   Section        6  __rtentry4.o(.ARM.Collect$$rtentry$$00000004)
    .ARM.Collect$$rtentry$$00000009          0x0800020e   Section        0  __rtentry2.o(.ARM.Collect$$rtentry$$00000009)
    .ARM.Collect$$rtentry$$0000000A          0x0800020e   Section        4  __rtentry2.o(.ARM.Collect$$rtentry$$0000000A)
    .ARM.Collect$$rtentry$$0000000C          0x08000212   Section        0  __rtentry2.o(.ARM.Collect$$rtentry$$0000000C)
    .ARM.Collect$$rtentry$$0000000D          0x08000212   Section        8  __rtentry2.o(.ARM.Collect$$rtentry$$0000000D)
    .ARM.Collect$$rtexit$$00000000           0x0800021a   Section        2  rtexit.o(.ARM.Collect$$rtexit$$00000000)
    .ARM.Collect$$rtexit$$00000002           0x0800021c   Section        0  rtexit2.o(.ARM.Collect$$rtexit$$00000002)
    .ARM.Collect$$rtexit$$00000003           0x0800021c   Section        4  rtexit2.o(.ARM.Collect$$rtexit$$00000003)
    .ARM.Collect$$rtexit$$00000004           0x08000220   Section        6  rtexit2.o(.ARM.Collect$$rtexit$$00000004)
    .text                                    0x08000228   Section        0  main.o(.text)
    .text                                    0x08000420   Section        0  stm32f4xx_it.o(.text)
    .text                                    0x08000434   Section        0  system_stm32f4xx.o(.text)
    SetSysClock                              0x08000435   Thumb Code   162  system_stm32f4xx.o(.text)
    .text                                    0x080005b0   Section       64  startup_stm32f40_41xxx.o(.text)
    $v0                                      0x080005b0   Number         0  startup_stm32f40_41xxx.o(.text)
    .text                                    0x080005f0   Section        0  misc.o(.text)
    .text                                    0x080006a0   Section        0  stm32f4xx_exti.o(.text)
    .text                                    0x08000780   Section        0  stm32f4xx_fsmc.o(.text)
    .text                                    0x08000bc8   Section        0  stm32f4xx_gpio.o(.text)
    .text                                    0x08000e00   Section        0  stm32f4xx_rcc.o(.text)
    .text                                    0x08001280   Section        0  stm32f4xx_syscfg.o(.text)
    .text                                    0x080012fc   Section        0  stm32f4xx_usart.o(.text)
    .text                                    0x08001654   Section        0  delay.o(.text)
    .text                                    0x0800170c   Section        0  usart.o(.text)
    .text                                    0x08001830   Section        0  usart3.o(.text)
    .text                                    0x08001ce0   Section        0  emg.o(.text)
    .text                                    0x080025a4   Section        0  key.o(.text)
    .text                                    0x080026a8   Section        0  exti.o(.text)
    .text                                    0x080027b0   Section        0  led.o(.text)
    .text                                    0x080027f0   Section        0  sram.o(.text)
    .text                                    0x08002ad4   Section        0  heapauxi.o(.text)
    .text                                    0x08002ada   Section       74  sys_stackheap_outer.o(.text)
    .text                                    0x08002b24   Section        0  exit.o(.text)
    .text                                    0x08002b38   Section        8  libspace.o(.text)
    i.__hardfp_fabs                          0x08002b40   Section        0  fabs.o(i.__hardfp_fabs)
    x$fpl$d2f                                0x08002b54   Section       98  d2f.o(x$fpl$d2f)
    $v0                                      0x08002b54   Number         0  d2f.o(x$fpl$d2f)
    x$fpl$dadd                               0x08002bb8   Section      336  daddsub_clz.o(x$fpl$dadd)
    $v0                                      0x08002bb8   Number         0  daddsub_clz.o(x$fpl$dadd)
    _dadd1                                   0x08002bc9   Thumb Code     0  daddsub_clz.o(x$fpl$dadd)
    x$fpl$dcmpinf                            0x08002d08   Section       24  dcmpi.o(x$fpl$dcmpinf)
    $v0                                      0x08002d08   Number         0  dcmpi.o(x$fpl$dcmpinf)
    x$fpl$dfltu                              0x08002d20   Section       38  dflt_clz.o(x$fpl$dfltu)
    $v0                                      0x08002d20   Number         0  dflt_clz.o(x$fpl$dfltu)
    x$fpl$dleqf                              0x08002d48   Section      120  dleqf.o(x$fpl$dleqf)
    $v0                                      0x08002d48   Number         0  dleqf.o(x$fpl$dleqf)
    x$fpl$dmul                               0x08002dc0   Section      340  dmul.o(x$fpl$dmul)
    $v0                                      0x08002dc0   Number         0  dmul.o(x$fpl$dmul)
    x$fpl$dnaninf                            0x08002f14   Section      156  dnaninf.o(x$fpl$dnaninf)
    $v0                                      0x08002f14   Number         0  dnaninf.o(x$fpl$dnaninf)
    x$fpl$dretinf                            0x08002fb0   Section       12  dretinf.o(x$fpl$dretinf)
    $v0                                      0x08002fb0   Number         0  dretinf.o(x$fpl$dretinf)
    x$fpl$drleqf                             0x08002fbc   Section      108  drleqf.o(x$fpl$drleqf)
    $v0                                      0x08002fbc   Number         0  drleqf.o(x$fpl$drleqf)
    x$fpl$drsb                               0x08003028   Section       22  daddsub_clz.o(x$fpl$drsb)
    $v0                                      0x08003028   Number         0  daddsub_clz.o(x$fpl$drsb)
    x$fpl$dsub                               0x08003040   Section      468  daddsub_clz.o(x$fpl$dsub)
    $v0                                      0x08003040   Number         0  daddsub_clz.o(x$fpl$dsub)
    _dsub1                                   0x08003051   Thumb Code     0  daddsub_clz.o(x$fpl$dsub)
    x$fpl$f2d                                0x08003214   Section       86  f2d.o(x$fpl$f2d)
    $v0                                      0x08003214   Number         0  f2d.o(x$fpl$f2d)
    x$fpl$fnaninf                            0x0800326a   Section      140  fnaninf.o(x$fpl$fnaninf)
    $v0                                      0x0800326a   Number         0  fnaninf.o(x$fpl$fnaninf)
    x$fpl$fpinit                             0x080032f6   Section       10  fpinit.o(x$fpl$fpinit)
    $v0                                      0x080032f6   Number         0  fpinit.o(x$fpl$fpinit)
    x$fpl$fretinf                            0x08003300   Section       10  fretinf.o(x$fpl$fretinf)
    $v0                                      0x08003300   Number         0  fretinf.o(x$fpl$fretinf)
    x$fpl$usenofp                            0x0800330a   Section        0  usenofp.o(x$fpl$usenofp)
    .constdata                               0x0800330c   Section       28  stm32f4xx_fsmc.o(.constdata)
    .data                                    0x20000000   Section        1  main.o(.data)
    .data                                    0x20000004   Section       20  system_stm32f4xx.o(.data)
    .data                                    0x20000018   Section       16  stm32f4xx_rcc.o(.data)
    APBAHBPrescTable                         0x20000018   Data          16  stm32f4xx_rcc.o(.data)
    .data                                    0x20000028   Section        4  delay.o(.data)
    fac_us                                   0x20000028   Data           1  delay.o(.data)
    fac_ms                                   0x2000002a   Data           2  delay.o(.data)
    .data                                    0x2000002c   Section        2  usart.o(.data)
    .data                                    0x2000002e   Section       14  usart3.o(.data)
    .data                                    0x2000003c   Section       12  emg.o(.data)
    .data                                    0x20000048   Section        1  key.o(.data)
    key_up                                   0x20000048   Data           1  key.o(.data)
    .data                                    0x20000049   Section        2  exti.o(.data)
    .data                                    0x2000004c   Section        4  config.o(.data)
    .data                                    0x20000050   Section        1  config.o(.data)
    .data                                    0x20000052   Section        2  config.o(.data)
    .data                                    0x20000054   Section       20  config.o(.data)
    .data                                    0x20000068   Section       12  config.o(.data)
    .bss                                     0x20000074   Section     1000  main.o(.bss)
    .bss                                     0x2000045c   Section      200  usart.o(.bss)
    .bss                                     0x20000528   Section    41488  usart3.o(.bss)
    .bss                                     0x2000a738   Section    31488  emg.o(.bss)
    .bss                                     0x20012238   Section    52480  emg.o(.bss)
    .bss                                     0x2001ef38   Section       96  libspace.o(.bss)
    HEAP                                     0x2001ef98   Section     2048  startup_stm32f40_41xxx.o(HEAP)
    Heap_Mem                                 0x2001ef98   Data        2048  startup_stm32f40_41xxx.o(HEAP)
    STACK                                    0x2001f798   Section     2048  startup_stm32f40_41xxx.o(STACK)
    Stack_Mem                                0x2001f798   Data        2048  startup_stm32f40_41xxx.o(STACK)
    __initial_sp                             0x2001ff98   Data           0  startup_stm32f40_41xxx.o(STACK)

    Global Symbols

    Symbol Name                              Value     Ov Type        Size  Object(Section)

    BuildAttributes$$THM_ISAv4$E$P$D$K$B$S$7EM$VFPi3$EXTD16$VFPS$VFMA$PE$A:L22UL41UL21$X:L11$S22US41US21$IEEE1$IW$USESV6$~STKCKD$USESV7$~SHL$OTIME$ROPI$IEEEJ$EBA8$UX$STANDARDLIB$REQ8$PRES8$EABIv2 0x00000000   Number         0  anon$$obj.o ABSOLUTE
    __ARM_use_no_argv                        0x00000000   Number         0  main.o ABSOLUTE
    __ARM_exceptions_init                     - Undefined Weak Reference
    __alloca_initialize                       - Undefined Weak Reference
    __arm_preinit_                            - Undefined Weak Reference
    __cpp_initialize__aeabi_                  - Undefined Weak Reference
    __cxa_finalize                            - Undefined Weak Reference
    __rt_locale                               - Undefined Weak Reference
    __sigvec_lookup                           - Undefined Weak Reference
    _atexit_init                              - Undefined Weak Reference
    _call_atexit_fns                          - Undefined Weak Reference
    _clock_init                               - Undefined Weak Reference
    _fp_trap_init                             - Undefined Weak Reference
    _fp_trap_shutdown                         - Undefined Weak Reference
    _get_lc_collate                           - Undefined Weak Reference
    _get_lc_ctype                             - Undefined Weak Reference
    _get_lc_monetary                          - Undefined Weak Reference
    _get_lc_numeric                           - Undefined Weak Reference
    _get_lc_time                              - Undefined Weak Reference
    _getenv_init                              - Undefined Weak Reference
    _handle_redirection                       - Undefined Weak Reference
    _init_alloc                               - Undefined Weak Reference
    _init_user_alloc                          - Undefined Weak Reference
    _initio                                   - Undefined Weak Reference
    _mutex_acquire                            - Undefined Weak Reference
    _mutex_release                            - Undefined Weak Reference
    _printf_post_padding                      - Undefined Weak Reference
    _printf_pre_padding                       - Undefined Weak Reference
    _printf_truncate_unsigned                 - Undefined Weak Reference
    _rand_init                                - Undefined Weak Reference
    _signal_finish                            - Undefined Weak Reference
    _signal_init                              - Undefined Weak Reference
    _terminate_alloc                          - Undefined Weak Reference
    _terminate_user_alloc                     - Undefined Weak Reference
    _terminateio                              - Undefined Weak Reference
    __Vectors_Size                           0x00000188   Number         0  startup_stm32f40_41xxx.o ABSOLUTE
    __Vectors                                0x08000000   Data           4  startup_stm32f40_41xxx.o(RESET)
    __Vectors_End                            0x08000188   Data           0  startup_stm32f40_41xxx.o(RESET)
    __main                                   0x08000189   Thumb Code     8  __main.o(!!!main)
    __scatterload                            0x08000191   Thumb Code     0  __scatter.o(!!!scatter)
    __scatterload_rt2                        0x08000191   Thumb Code    44  __scatter.o(!!!scatter)
    __scatterload_rt2_thumb_only             0x08000191   Thumb Code     0  __scatter.o(!!!scatter)
    __scatterload_null                       0x0800019f   Thumb Code     0  __scatter.o(!!!scatter)
    __scatterload_copy                       0x080001c5   Thumb Code    26  __scatter_copy.o(!!handler_copy)
    __scatterload_zeroinit                   0x080001e1   Thumb Code    28  __scatter_zi.o(!!handler_zi)
    __rt_lib_init                            0x080001fd   Thumb Code     0  libinit.o(.ARM.Collect$$libinit$$00000000)
    __rt_lib_init_fp_1                       0x080001ff   Thumb Code     0  libinit2.o(.ARM.Collect$$libinit$$00000001)
    __rt_lib_init_alloca_1                   0x08000203   Thumb Code     0  libinit2.o(.ARM.Collect$$libinit$$0000002E)
    __rt_lib_init_argv_1                     0x08000203   Thumb Code     0  libinit2.o(.ARM.Collect$$libinit$$0000002C)
    __rt_lib_init_atexit_1                   0x08000203   Thumb Code     0  libinit2.o(.ARM.Collect$$libinit$$0000001B)
    __rt_lib_init_clock_1                    0x08000203   Thumb Code     0  libinit2.o(.ARM.Collect$$libinit$$00000021)
    __rt_lib_init_cpp_1                      0x08000203   Thumb Code     0  libinit2.o(.ARM.Collect$$libinit$$00000032)
    __rt_lib_init_exceptions_1               0x08000203   Thumb Code     0  libinit2.o(.ARM.Collect$$libinit$$00000030)
    __rt_lib_init_fp_trap_1                  0x08000203   Thumb Code     0  libinit2.o(.ARM.Collect$$libinit$$0000001F)
    __rt_lib_init_getenv_1                   0x08000203   Thumb Code     0  libinit2.o(.ARM.Collect$$libinit$$00000023)
    __rt_lib_init_heap_1                     0x08000203   Thumb Code     0  libinit2.o(.ARM.Collect$$libinit$$0000000A)
    __rt_lib_init_lc_collate_1               0x08000203   Thumb Code     0  libinit2.o(.ARM.Collect$$libinit$$00000011)
    __rt_lib_init_lc_ctype_1                 0x08000203   Thumb Code     0  libinit2.o(.ARM.Collect$$libinit$$00000013)
    __rt_lib_init_lc_monetary_1              0x08000203   Thumb Code     0  libinit2.o(.ARM.Collect$$libinit$$00000015)
    __rt_lib_init_lc_numeric_1               0x08000203   Thumb Code     0  libinit2.o(.ARM.Collect$$libinit$$00000017)
    __rt_lib_init_lc_time_1                  0x08000203   Thumb Code     0  libinit2.o(.ARM.Collect$$libinit$$00000019)
    __rt_lib_init_preinit_1                  0x08000203   Thumb Code     0  libinit2.o(.ARM.Collect$$libinit$$00000004)
    __rt_lib_init_rand_1                     0x08000203   Thumb Code     0  libinit2.o(.ARM.Collect$$libinit$$0000000E)
    __rt_lib_init_return                     0x08000203   Thumb Code     0  libinit2.o(.ARM.Collect$$libinit$$00000033)
    __rt_lib_init_signal_1                   0x08000203   Thumb Code     0  libinit2.o(.ARM.Collect$$libinit$$0000001D)
    __rt_lib_init_stdio_1                    0x08000203   Thumb Code     0  libinit2.o(.ARM.Collect$$libinit$$00000025)
    __rt_lib_init_user_alloc_1               0x08000203   Thumb Code     0  libinit2.o(.ARM.Collect$$libinit$$0000000C)
    __rt_lib_shutdown                        0x08000205   Thumb Code     0  libshutdown.o(.ARM.Collect$$libshutdown$$00000000)
    __rt_lib_shutdown_cpp_1                  0x08000207   Thumb Code     0  libshutdown2.o(.ARM.Collect$$libshutdown$$00000002)
    __rt_lib_shutdown_fp_trap_1              0x08000207   Thumb Code     0  libshutdown2.o(.ARM.Collect$$libshutdown$$00000007)
    __rt_lib_shutdown_heap_1                 0x08000207   Thumb Code     0  libshutdown2.o(.ARM.Collect$$libshutdown$$0000000F)
    __rt_lib_shutdown_return                 0x08000207   Thumb Code     0  libshutdown2.o(.ARM.Collect$$libshutdown$$00000010)
    __rt_lib_shutdown_signal_1               0x08000207   Thumb Code     0  libshutdown2.o(.ARM.Collect$$libshutdown$$0000000A)
    __rt_lib_shutdown_stdio_1                0x08000207   Thumb Code     0  libshutdown2.o(.ARM.Collect$$libshutdown$$00000004)
    __rt_lib_shutdown_user_alloc_1           0x08000207   Thumb Code     0  libshutdown2.o(.ARM.Collect$$libshutdown$$0000000C)
    __rt_entry                               0x08000209   Thumb Code     0  __rtentry.o(.ARM.Collect$$rtentry$$00000000)
    __rt_entry_presh_1                       0x08000209   Thumb Code     0  __rtentry2.o(.ARM.Collect$$rtentry$$00000002)
    __rt_entry_sh                            0x08000209   Thumb Code     0  __rtentry4.o(.ARM.Collect$$rtentry$$00000004)
    __rt_entry_li                            0x0800020f   Thumb Code     0  __rtentry2.o(.ARM.Collect$$rtentry$$0000000A)
    __rt_entry_postsh_1                      0x0800020f   Thumb Code     0  __rtentry2.o(.ARM.Collect$$rtentry$$00000009)
    __rt_entry_main                          0x08000213   Thumb Code     0  __rtentry2.o(.ARM.Collect$$rtentry$$0000000D)
    __rt_entry_postli_1                      0x08000213   Thumb Code     0  __rtentry2.o(.ARM.Collect$$rtentry$$0000000C)
    __rt_exit                                0x0800021b   Thumb Code     0  rtexit.o(.ARM.Collect$$rtexit$$00000000)
    __rt_exit_ls                             0x0800021d   Thumb Code     0  rtexit2.o(.ARM.Collect$$rtexit$$00000003)
    __rt_exit_prels_1                        0x0800021d   Thumb Code     0  rtexit2.o(.ARM.Collect$$rtexit$$00000002)
    __rt_exit_exit                           0x08000221   Thumb Code     0  rtexit2.o(.ARM.Collect$$rtexit$$00000004)
    main                                     0x08000229   Thumb Code   452  main.o(.text)
    NMI_Handler                              0x08000421   Thumb Code     2  stm32f4xx_it.o(.text)
    HardFault_Handler                        0x08000423   Thumb Code     2  stm32f4xx_it.o(.text)
    MemManage_Handler                        0x08000425   Thumb Code     2  stm32f4xx_it.o(.text)
    BusFault_Handler                         0x08000427   Thumb Code     2  stm32f4xx_it.o(.text)
    UsageFault_Handler                       0x08000429   Thumb Code     2  stm32f4xx_it.o(.text)
    SVC_Handler                              0x0800042b   Thumb Code     2  stm32f4xx_it.o(.text)
    DebugMon_Handler                         0x0800042d   Thumb Code     2  stm32f4xx_it.o(.text)
    PendSV_Handler                           0x0800042f   Thumb Code     2  stm32f4xx_it.o(.text)
    SysTick_Handler                          0x08000431   Thumb Code     2  stm32f4xx_it.o(.text)
    SystemInit                               0x080004d7   Thumb Code    74  system_stm32f4xx.o(.text)
    SystemCoreClockUpdate                    0x08000521   Thumb Code   108  system_stm32f4xx.o(.text)
    Reset_Handler                            0x080005b1   Thumb Code     8  startup_stm32f40_41xxx.o(.text)
    ADC_IRQHandler                           0x080005cb   Thumb Code     0  startup_stm32f40_41xxx.o(.text)
    CAN1_RX0_IRQHandler                      0x080005cb   Thumb Code     0  startup_stm32f40_41xxx.o(.text)
    CAN1_RX1_IRQHandler                      0x080005cb   Thumb Code     0  startup_stm32f40_41xxx.o(.text)
    CAN1_SCE_IRQHandler                      0x080005cb   Thumb Code     0  startup_stm32f40_41xxx.o(.text)
    CAN1_TX_IRQHandler                       0x080005cb   Thumb Code     0  startup_stm32f40_41xxx.o(.text)
    CAN2_RX0_IRQHandler                      0x080005cb   Thumb Code     0  startup_stm32f40_41xxx.o(.text)
    CAN2_RX1_IRQHandler                      0x080005cb   Thumb Code     0  startup_stm32f40_41xxx.o(.text)
    CAN2_SCE_IRQHandler                      0x080005cb   Thumb Code     0  startup_stm32f40_41xxx.o(.text)
    CAN2_TX_IRQHandler                       0x080005cb   Thumb Code     0  startup_stm32f40_41xxx.o(.text)
    CRYP_IRQHandler                          0x080005cb   Thumb Code     0  startup_stm32f40_41xxx.o(.text)
    DCMI_IRQHandler                          0x080005cb   Thumb Code     0  startup_stm32f40_41xxx.o(.text)
    DMA1_Stream0_IRQHandler                  0x080005cb   Thumb Code     0  startup_stm32f40_41xxx.o(.text)
    DMA1_Stream1_IRQHandler                  0x080005cb   Thumb Code     0  startup_stm32f40_41xxx.o(.text)
    DMA1_Stream2_IRQHandler                  0x080005cb   Thumb Code     0  startup_stm32f40_41xxx.o(.text)
    DMA1_Stream3_IRQHandler                  0x080005cb   Thumb Code     0  startup_stm32f40_41xxx.o(.text)
    DMA1_Stream4_IRQHandler                  0x080005cb   Thumb Code     0  startup_stm32f40_41xxx.o(.text)
    DMA1_Stream5_IRQHandler                  0x080005cb   Thumb Code     0  startup_stm32f40_41xxx.o(.text)
    DMA1_Stream6_IRQHandler                  0x080005cb   Thumb Code     0  startup_stm32f40_41xxx.o(.text)
    DMA1_Stream7_IRQHandler                  0x080005cb   Thumb Code     0  startup_stm32f40_41xxx.o(.text)
    DMA2_Stream0_IRQHandler                  0x080005cb   Thumb Code     0  startup_stm32f40_41xxx.o(.text)
    DMA2_Stream1_IRQHandler                  0x080005cb   Thumb Code     0  startup_stm32f40_41xxx.o(.text)
    DMA2_Stream2_IRQHandler                  0x080005cb   Thumb Code     0  startup_stm32f40_41xxx.o(.text)
    DMA2_Stream3_IRQHandler                  0x080005cb   Thumb Code     0  startup_stm32f40_41xxx.o(.text)
    DMA2_Stream4_IRQHandler                  0x080005cb   Thumb Code     0  startup_stm32f40_41xxx.o(.text)
    DMA2_Stream5_IRQHandler                  0x080005cb   Thumb Code     0  startup_stm32f40_41xxx.o(.text)
    DMA2_Stream6_IRQHandler                  0x080005cb   Thumb Code     0  startup_stm32f40_41xxx.o(.text)
    DMA2_Stream7_IRQHandler                  0x080005cb   Thumb Code     0  startup_stm32f40_41xxx.o(.text)
    ETH_IRQHandler                           0x080005cb   Thumb Code     0  startup_stm32f40_41xxx.o(.text)
    ETH_WKUP_IRQHandler                      0x080005cb   Thumb Code     0  startup_stm32f40_41xxx.o(.text)
    EXTI15_10_IRQHandler                     0x080005cb   Thumb Code     0  startup_stm32f40_41xxx.o(.text)
    EXTI1_IRQHandler                         0x080005cb   Thumb Code     0  startup_stm32f40_41xxx.o(.text)
    EXTI2_IRQHandler                         0x080005cb   Thumb Code     0  startup_stm32f40_41xxx.o(.text)
    EXTI4_IRQHandler                         0x080005cb   Thumb Code     0  startup_stm32f40_41xxx.o(.text)
    EXTI9_5_IRQHandler                       0x080005cb   Thumb Code     0  startup_stm32f40_41xxx.o(.text)
    FLASH_IRQHandler                         0x080005cb   Thumb Code     0  startup_stm32f40_41xxx.o(.text)
    FPU_IRQHandler                           0x080005cb   Thumb Code     0  startup_stm32f40_41xxx.o(.text)
    FSMC_IRQHandler                          0x080005cb   Thumb Code     0  startup_stm32f40_41xxx.o(.text)
    HASH_RNG_IRQHandler                      0x080005cb   Thumb Code     0  startup_stm32f40_41xxx.o(.text)
    I2C1_ER_IRQHandler                       0x080005cb   Thumb Code     0  startup_stm32f40_41xxx.o(.text)
    I2C1_EV_IRQHandler                       0x080005cb   Thumb Code     0  startup_stm32f40_41xxx.o(.text)
    I2C2_ER_IRQHandler                       0x080005cb   Thumb Code     0  startup_stm32f40_41xxx.o(.text)
    I2C2_EV_IRQHandler                       0x080005cb   Thumb Code     0  startup_stm32f40_41xxx.o(.text)
    I2C3_ER_IRQHandler                       0x080005cb   Thumb Code     0  startup_stm32f40_41xxx.o(.text)
    I2C3_EV_IRQHandler                       0x080005cb   Thumb Code     0  startup_stm32f40_41xxx.o(.text)
    OTG_FS_IRQHandler                        0x080005cb   Thumb Code     0  startup_stm32f40_41xxx.o(.text)
    OTG_FS_WKUP_IRQHandler                   0x080005cb   Thumb Code     0  startup_stm32f40_41xxx.o(.text)
    OTG_HS_EP1_IN_IRQHandler                 0x080005cb   Thumb Code     0  startup_stm32f40_41xxx.o(.text)
    OTG_HS_EP1_OUT_IRQHandler                0x080005cb   Thumb Code     0  startup_stm32f40_41xxx.o(.text)
    OTG_HS_IRQHandler                        0x080005cb   Thumb Code     0  startup_stm32f40_41xxx.o(.text)
    OTG_HS_WKUP_IRQHandler                   0x080005cb   Thumb Code     0  startup_stm32f40_41xxx.o(.text)
    PVD_IRQHandler                           0x080005cb   Thumb Code     0  startup_stm32f40_41xxx.o(.text)
    RCC_IRQHandler                           0x080005cb   Thumb Code     0  startup_stm32f40_41xxx.o(.text)
    RTC_Alarm_IRQHandler                     0x080005cb   Thumb Code     0  startup_stm32f40_41xxx.o(.text)
    RTC_WKUP_IRQHandler                      0x080005cb   Thumb Code     0  startup_stm32f40_41xxx.o(.text)
    SDIO_IRQHandler                          0x080005cb   Thumb Code     0  startup_stm32f40_41xxx.o(.text)
    SPI1_IRQHandler                          0x080005cb   Thumb Code     0  startup_stm32f40_41xxx.o(.text)
    SPI2_IRQHandler                          0x080005cb   Thumb Code     0  startup_stm32f40_41xxx.o(.text)
    SPI3_IRQHandler                          0x080005cb   Thumb Code     0  startup_stm32f40_41xxx.o(.text)
    TAMP_STAMP_IRQHandler                    0x080005cb   Thumb Code     0  startup_stm32f40_41xxx.o(.text)
    TIM1_BRK_TIM9_IRQHandler                 0x080005cb   Thumb Code     0  startup_stm32f40_41xxx.o(.text)
    TIM1_CC_IRQHandler                       0x080005cb   Thumb Code     0  startup_stm32f40_41xxx.o(.text)
    TIM1_TRG_COM_TIM11_IRQHandler            0x080005cb   Thumb Code     0  startup_stm32f40_41xxx.o(.text)
    TIM1_UP_TIM10_IRQHandler                 0x080005cb   Thumb Code     0  startup_stm32f40_41xxx.o(.text)
    TIM2_IRQHandler                          0x080005cb   Thumb Code     0  startup_stm32f40_41xxx.o(.text)
    TIM3_IRQHandler                          0x080005cb   Thumb Code     0  startup_stm32f40_41xxx.o(.text)
    TIM4_IRQHandler                          0x080005cb   Thumb Code     0  startup_stm32f40_41xxx.o(.text)
    TIM5_IRQHandler                          0x080005cb   Thumb Code     0  startup_stm32f40_41xxx.o(.text)
    TIM6_DAC_IRQHandler                      0x080005cb   Thumb Code     0  startup_stm32f40_41xxx.o(.text)
    TIM7_IRQHandler                          0x080005cb   Thumb Code     0  startup_stm32f40_41xxx.o(.text)
    TIM8_BRK_TIM12_IRQHandler                0x080005cb   Thumb Code     0  startup_stm32f40_41xxx.o(.text)
    TIM8_CC_IRQHandler                       0x080005cb   Thumb Code     0  startup_stm32f40_41xxx.o(.text)
    TIM8_TRG_COM_TIM14_IRQHandler            0x080005cb   Thumb Code     0  startup_stm32f40_41xxx.o(.text)
    TIM8_UP_TIM13_IRQHandler                 0x080005cb   Thumb Code     0  startup_stm32f40_41xxx.o(.text)
    UART4_IRQHandler                         0x080005cb   Thumb Code     0  startup_stm32f40_41xxx.o(.text)
    UART5_IRQHandler                         0x080005cb   Thumb Code     0  startup_stm32f40_41xxx.o(.text)
    USART2_IRQHandler                        0x080005cb   Thumb Code     0  startup_stm32f40_41xxx.o(.text)
    USART6_IRQHandler                        0x080005cb   Thumb Code     0  startup_stm32f40_41xxx.o(.text)
    WWDG_IRQHandler                          0x080005cb   Thumb Code     0  startup_stm32f40_41xxx.o(.text)
    __user_initial_stackheap                 0x080005cd   Thumb Code     0  startup_stm32f40_41xxx.o(.text)
    NVIC_PriorityGroupConfig                 0x080005f1   Thumb Code    10  misc.o(.text)
    NVIC_Init                                0x080005fb   Thumb Code    96  misc.o(.text)
    NVIC_SetVectorTable                      0x0800065b   Thumb Code    14  misc.o(.text)
    NVIC_SystemLPConfig                      0x08000669   Thumb Code    20  misc.o(.text)
    SysTick_CLKSourceConfig                  0x0800067d   Thumb Code    24  misc.o(.text)
    EXTI_DeInit                              0x080006a1   Thumb Code    28  stm32f4xx_exti.o(.text)
    EXTI_Init                                0x080006bd   Thumb Code   108  stm32f4xx_exti.o(.text)
    EXTI_StructInit                          0x08000729   Thumb Code    14  stm32f4xx_exti.o(.text)
    EXTI_GenerateSWInterrupt                 0x08000737   Thumb Code    12  stm32f4xx_exti.o(.text)
    EXTI_GetFlagStatus                       0x08000743   Thumb Code    18  stm32f4xx_exti.o(.text)
    EXTI_ClearFlag                           0x08000755   Thumb Code     8  stm32f4xx_exti.o(.text)
    EXTI_GetITStatus                         0x0800075d   Thumb Code    18  stm32f4xx_exti.o(.text)
    EXTI_ClearITPendingBit                   0x0800076f   Thumb Code     8  stm32f4xx_exti.o(.text)
    FSMC_NORSRAMDeInit                       0x08000781   Thumb Code    40  stm32f4xx_fsmc.o(.text)
    FSMC_NORSRAMInit                         0x080007a9   Thumb Code   200  stm32f4xx_fsmc.o(.text)
    FSMC_NORSRAMStructInit                   0x08000871   Thumb Code    42  stm32f4xx_fsmc.o(.text)
    FSMC_NORSRAMCmd                          0x0800089b   Thumb Code    26  stm32f4xx_fsmc.o(.text)
    FSMC_NANDDeInit                          0x080008b5   Thumb Code    40  stm32f4xx_fsmc.o(.text)
    FSMC_NANDInit                            0x080008dd   Thumb Code   104  stm32f4xx_fsmc.o(.text)
    FSMC_NANDStructInit                      0x08000945   Thumb Code    54  stm32f4xx_fsmc.o(.text)
    FSMC_NANDCmd                             0x0800097b   Thumb Code    54  stm32f4xx_fsmc.o(.text)
    FSMC_NANDECCCmd                          0x080009b1   Thumb Code    54  stm32f4xx_fsmc.o(.text)
    FSMC_GetECC                              0x080009e7   Thumb Code    18  stm32f4xx_fsmc.o(.text)
    FSMC_PCCARDDeInit                        0x080009f9   Thumb Code    26  stm32f4xx_fsmc.o(.text)
    FSMC_PCCARDInit                          0x08000a13   Thumb Code   102  stm32f4xx_fsmc.o(.text)
    FSMC_PCCARDStructInit                    0x08000a79   Thumb Code    60  stm32f4xx_fsmc.o(.text)
    FSMC_PCCARDCmd                           0x08000ab5   Thumb Code    28  stm32f4xx_fsmc.o(.text)
    FSMC_ITConfig                            0x08000ad1   Thumb Code    72  stm32f4xx_fsmc.o(.text)
    FSMC_GetFlagStatus                       0x08000b19   Thumb Code    40  stm32f4xx_fsmc.o(.text)
    FSMC_ClearFlag                           0x08000b41   Thumb Code    38  stm32f4xx_fsmc.o(.text)
    FSMC_GetITStatus                         0x08000b67   Thumb Code    48  stm32f4xx_fsmc.o(.text)
    FSMC_ClearITPendingBit                   0x08000b97   Thumb Code    42  stm32f4xx_fsmc.o(.text)
    GPIO_DeInit                              0x08000bc9   Thumb Code   216  stm32f4xx_gpio.o(.text)
    GPIO_Init                                0x08000ca1   Thumb Code   162  stm32f4xx_gpio.o(.text)
    GPIO_StructInit                          0x08000d43   Thumb Code    18  stm32f4xx_gpio.o(.text)
    GPIO_PinLockConfig                       0x08000d55   Thumb Code    24  stm32f4xx_gpio.o(.text)
    GPIO_ReadInputDataBit                    0x08000d6d   Thumb Code    14  stm32f4xx_gpio.o(.text)
    GPIO_ReadInputData                       0x08000d7b   Thumb Code     6  stm32f4xx_gpio.o(.text)
    GPIO_ReadOutputDataBit                   0x08000d81   Thumb Code    14  stm32f4xx_gpio.o(.text)
    GPIO_ReadOutputData                      0x08000d8f   Thumb Code     6  stm32f4xx_gpio.o(.text)
    GPIO_SetBits                             0x08000d95   Thumb Code     4  stm32f4xx_gpio.o(.text)
    GPIO_ResetBits                           0x08000d99   Thumb Code     4  stm32f4xx_gpio.o(.text)
    GPIO_WriteBit                            0x08000d9d   Thumb Code    10  stm32f4xx_gpio.o(.text)
    GPIO_Write                               0x08000da7   Thumb Code     4  stm32f4xx_gpio.o(.text)
    GPIO_ToggleBits                          0x08000dab   Thumb Code     8  stm32f4xx_gpio.o(.text)
    GPIO_PinAFConfig                         0x08000db3   Thumb Code    32  stm32f4xx_gpio.o(.text)
    RCC_DeInit                               0x08000e01   Thumb Code    68  stm32f4xx_rcc.o(.text)
    RCC_HSEConfig                            0x08000e45   Thumb Code    12  stm32f4xx_rcc.o(.text)
    RCC_GetFlagStatus                        0x08000e51   Thumb Code    46  stm32f4xx_rcc.o(.text)
    RCC_WaitForHSEStartUp                    0x08000e7f   Thumb Code    44  stm32f4xx_rcc.o(.text)
    RCC_AdjustHSICalibrationValue            0x08000eab   Thumb Code    16  stm32f4xx_rcc.o(.text)
    RCC_HSICmd                               0x08000ebb   Thumb Code     6  stm32f4xx_rcc.o(.text)
    RCC_LSEConfig                            0x08000ec1   Thumb Code    24  stm32f4xx_rcc.o(.text)
    RCC_LSICmd                               0x08000ed9   Thumb Code     6  stm32f4xx_rcc.o(.text)
    RCC_PLLConfig                            0x08000edf   Thumb Code    32  stm32f4xx_rcc.o(.text)
    RCC_PLLCmd                               0x08000eff   Thumb Code     6  stm32f4xx_rcc.o(.text)
    RCC_PLLI2SConfig                         0x08000f05   Thumb Code    14  stm32f4xx_rcc.o(.text)
    RCC_PLLI2SCmd                            0x08000f13   Thumb Code     6  stm32f4xx_rcc.o(.text)
    RCC_PLLSAIConfig                         0x08000f19   Thumb Code    18  stm32f4xx_rcc.o(.text)
    RCC_PLLSAICmd                            0x08000f2b   Thumb Code     6  stm32f4xx_rcc.o(.text)
    RCC_ClockSecuritySystemCmd               0x08000f31   Thumb Code     6  stm32f4xx_rcc.o(.text)
    RCC_MCO1Config                           0x08000f37   Thumb Code    18  stm32f4xx_rcc.o(.text)
    RCC_MCO2Config                           0x08000f49   Thumb Code    18  stm32f4xx_rcc.o(.text)
    RCC_SYSCLKConfig                         0x08000f5b   Thumb Code    16  stm32f4xx_rcc.o(.text)
    RCC_GetSYSCLKSource                      0x08000f6b   Thumb Code    12  stm32f4xx_rcc.o(.text)
    RCC_HCLKConfig                           0x08000f77   Thumb Code    16  stm32f4xx_rcc.o(.text)
    RCC_PCLK1Config                          0x08000f87   Thumb Code    16  stm32f4xx_rcc.o(.text)
    RCC_PCLK2Config                          0x08000f97   Thumb Code    18  stm32f4xx_rcc.o(.text)
    RCC_GetClocksFreq                        0x08000fa9   Thumb Code   134  stm32f4xx_rcc.o(.text)
    RCC_RTCCLKConfig                         0x0800102f   Thumb Code    42  stm32f4xx_rcc.o(.text)
    RCC_RTCCLKCmd                            0x08001059   Thumb Code     8  stm32f4xx_rcc.o(.text)
    RCC_BackupResetCmd                       0x08001061   Thumb Code     8  stm32f4xx_rcc.o(.text)
    RCC_I2SCLKConfig                         0x08001069   Thumb Code     8  stm32f4xx_rcc.o(.text)
    RCC_SAIPLLI2SClkDivConfig                0x08001071   Thumb Code    18  stm32f4xx_rcc.o(.text)
    RCC_SAIPLLSAIClkDivConfig                0x08001083   Thumb Code    24  stm32f4xx_rcc.o(.text)
    RCC_SAIBlockACLKConfig                   0x0800109b   Thumb Code    16  stm32f4xx_rcc.o(.text)
    RCC_SAIBlockBCLKConfig                   0x080010ab   Thumb Code    16  stm32f4xx_rcc.o(.text)
    RCC_LTDCCLKDivConfig                     0x080010bb   Thumb Code    16  stm32f4xx_rcc.o(.text)
    RCC_TIMCLKPresConfig                     0x080010cb   Thumb Code     8  stm32f4xx_rcc.o(.text)
    RCC_AHB1PeriphClockCmd                   0x080010d3   Thumb Code    20  stm32f4xx_rcc.o(.text)
    RCC_AHB2PeriphClockCmd                   0x080010e7   Thumb Code    20  stm32f4xx_rcc.o(.text)
    RCC_AHB3PeriphClockCmd                   0x080010fb   Thumb Code    20  stm32f4xx_rcc.o(.text)
    RCC_APB1PeriphClockCmd                   0x0800110f   Thumb Code    20  stm32f4xx_rcc.o(.text)
    RCC_APB2PeriphClockCmd                   0x08001123   Thumb Code    20  stm32f4xx_rcc.o(.text)
    RCC_AHB1PeriphResetCmd                   0x08001137   Thumb Code    20  stm32f4xx_rcc.o(.text)
    RCC_AHB2PeriphResetCmd                   0x0800114b   Thumb Code    20  stm32f4xx_rcc.o(.text)
    RCC_AHB3PeriphResetCmd                   0x0800115f   Thumb Code    20  stm32f4xx_rcc.o(.text)
    RCC_APB1PeriphResetCmd                   0x08001173   Thumb Code    20  stm32f4xx_rcc.o(.text)
    RCC_APB2PeriphResetCmd                   0x08001187   Thumb Code    20  stm32f4xx_rcc.o(.text)
    RCC_AHB1PeriphClockLPModeCmd             0x0800119b   Thumb Code    20  stm32f4xx_rcc.o(.text)
    RCC_AHB2PeriphClockLPModeCmd             0x080011af   Thumb Code    20  stm32f4xx_rcc.o(.text)
    RCC_AHB3PeriphClockLPModeCmd             0x080011c3   Thumb Code    20  stm32f4xx_rcc.o(.text)
    RCC_APB1PeriphClockLPModeCmd             0x080011d7   Thumb Code    64  stm32f4xx_rcc.o(.text)
    RCC_APB2PeriphClockLPModeCmd             0x08001217   Thumb Code    18  stm32f4xx_rcc.o(.text)
    RCC_LSEModeConfig                        0x08001229   Thumb Code    24  stm32f4xx_rcc.o(.text)
    RCC_ITConfig                             0x08001241   Thumb Code    20  stm32f4xx_rcc.o(.text)
    RCC_ClearFlag                            0x08001255   Thumb Code    14  stm32f4xx_rcc.o(.text)
    RCC_GetITStatus                          0x08001263   Thumb Code    18  stm32f4xx_rcc.o(.text)
    RCC_ClearITPendingBit                    0x08001275   Thumb Code     8  stm32f4xx_rcc.o(.text)
    SYSCFG_DeInit                            0x08001281   Thumb Code    24  stm32f4xx_syscfg.o(.text)
    SYSCFG_MemoryRemapConfig                 0x08001299   Thumb Code     6  stm32f4xx_syscfg.o(.text)
    SYSCFG_MemorySwappingBank                0x0800129f   Thumb Code     6  stm32f4xx_syscfg.o(.text)
    SYSCFG_EXTILineConfig                    0x080012a5   Thumb Code    42  stm32f4xx_syscfg.o(.text)
    SYSCFG_ETH_MediaInterfaceConfig          0x080012cf   Thumb Code     8  stm32f4xx_syscfg.o(.text)
    SYSCFG_CompensationCellCmd               0x080012d7   Thumb Code     6  stm32f4xx_syscfg.o(.text)
    SYSCFG_GetCompensationCellStatus         0x080012dd   Thumb Code    16  stm32f4xx_syscfg.o(.text)
    USART_DeInit                             0x080012fd   Thumb Code   138  stm32f4xx_usart.o(.text)
    USART_Init                               0x08001387   Thumb Code   164  stm32f4xx_usart.o(.text)
    USART_StructInit                         0x0800142b   Thumb Code    22  stm32f4xx_usart.o(.text)
    USART_ClockInit                          0x08001441   Thumb Code    28  stm32f4xx_usart.o(.text)
    USART_ClockStructInit                    0x0800145d   Thumb Code    12  stm32f4xx_usart.o(.text)
    USART_Cmd                                0x08001469   Thumb Code    20  stm32f4xx_usart.o(.text)
    USART_SetPrescaler                       0x0800147d   Thumb Code    16  stm32f4xx_usart.o(.text)
    USART_OverSampling8Cmd                   0x0800148d   Thumb Code    20  stm32f4xx_usart.o(.text)
    USART_OneBitMethodCmd                    0x080014a1   Thumb Code    20  stm32f4xx_usart.o(.text)
    USART_SendData                           0x080014b5   Thumb Code     8  stm32f4xx_usart.o(.text)
    USART_ReceiveData                        0x080014bd   Thumb Code     8  stm32f4xx_usart.o(.text)
    USART_SetAddress                         0x080014c5   Thumb Code    16  stm32f4xx_usart.o(.text)
    USART_ReceiverWakeUpCmd                  0x080014d5   Thumb Code    20  stm32f4xx_usart.o(.text)
    USART_WakeUpConfig                       0x080014e9   Thumb Code    16  stm32f4xx_usart.o(.text)
    USART_LINBreakDetectLengthConfig         0x080014f9   Thumb Code    16  stm32f4xx_usart.o(.text)
    USART_LINCmd                             0x08001509   Thumb Code    20  stm32f4xx_usart.o(.text)
    USART_SendBreak                          0x0800151d   Thumb Code    10  stm32f4xx_usart.o(.text)
    USART_HalfDuplexCmd                      0x08001527   Thumb Code    20  stm32f4xx_usart.o(.text)
    USART_SetGuardTime                       0x0800153b   Thumb Code    16  stm32f4xx_usart.o(.text)
    USART_SmartCardCmd                       0x0800154b   Thumb Code    20  stm32f4xx_usart.o(.text)
    USART_SmartCardNACKCmd                   0x0800155f   Thumb Code    20  stm32f4xx_usart.o(.text)
    USART_IrDAConfig                         0x08001573   Thumb Code    16  stm32f4xx_usart.o(.text)
    USART_IrDACmd                            0x08001583   Thumb Code    20  stm32f4xx_usart.o(.text)
    USART_DMACmd                             0x08001597   Thumb Code    16  stm32f4xx_usart.o(.text)
    USART_ITConfig                           0x080015a7   Thumb Code    48  stm32f4xx_usart.o(.text)
    USART_GetFlagStatus                      0x080015d7   Thumb Code    14  stm32f4xx_usart.o(.text)
    USART_ClearFlag                          0x080015e5   Thumb Code     6  stm32f4xx_usart.o(.text)
    USART_GetITStatus                        0x080015eb   Thumb Code    62  stm32f4xx_usart.o(.text)
    USART_ClearITPendingBit                  0x08001629   Thumb Code    12  stm32f4xx_usart.o(.text)
    delay_init                               0x08001655   Thumb Code    38  delay.o(.text)
    delay_us                                 0x0800167b   Thumb Code    46  delay.o(.text)
    delay_xms                                0x080016a9   Thumb Code    46  delay.o(.text)
    delay_ms                                 0x080016d7   Thumb Code    50  delay.o(.text)
    _sys_exit                                0x0800170d   Thumb Code     2  usart.o(.text)
    fputc                                    0x0800170f   Thumb Code    14  usart.o(.text)
    uart_init                                0x0800171d   Thumb Code   172  usart.o(.text)
    USART1_IRQHandler                        0x080017c9   Thumb Code    88  usart.o(.text)
    initiate_filter                          0x08001831   Thumb Code   142  usart3.o(.text)
    Filter                                   0x080018bf   Thumb Code   256  usart3.o(.text)
    SetData                                  0x080019bf   Thumb Code   222  usart3.o(.text)
    USART3_IRQHandler                        0x08001a9d   Thumb Code   296  usart3.o(.text)
    usart3_init                              0x08001bc5   Thumb Code   282  usart3.o(.text)
    feature_extraction                       0x08001ce1   Thumb Code   444  emg.o(.text)
    LDA_predict                              0x08001e9d   Thumb Code   184  emg.o(.text)
    qiuni                                    0x08001f55   Thumb Code   642  emg.o(.text)
    LDA_train                                0x080021d7   Thumb Code   926  emg.o(.text)
    KEY_Init                                 0x080025a5   Thumb Code    58  key.o(.text)
    KEY_Scan                                 0x080025df   Thumb Code   190  key.o(.text)
    EXTI0_IRQHandler                         0x080026a9   Thumb Code    52  exti.o(.text)
    EXTI3_IRQHandler                         0x080026dd   Thumb Code    50  exti.o(.text)
    EXTIX_Init                               0x0800270f   Thumb Code   132  exti.o(.text)
    LED_Init                                 0x080027b1   Thumb Code    58  led.o(.text)
    FSMC_SRAM_Init                           0x080027f1   Thumb Code   668  sram.o(.text)
    FSMC_SRAM_WriteBuffer                    0x08002a8d   Thumb Code    26  sram.o(.text)
    FSMC_SRAM_ReadBuffer                     0x08002aa7   Thumb Code    24  sram.o(.text)
    __use_two_region_memory                  0x08002ad5   Thumb Code     2  heapauxi.o(.text)
    __rt_heap_escrow$2region                 0x08002ad7   Thumb Code     2  heapauxi.o(.text)
    __rt_heap_expand$2region                 0x08002ad9   Thumb Code     2  heapauxi.o(.text)
    __user_setup_stackheap                   0x08002adb   Thumb Code    74  sys_stackheap_outer.o(.text)
    exit                                     0x08002b25   Thumb Code    18  exit.o(.text)
    __user_libspace                          0x08002b39   Thumb Code     8  libspace.o(.text)
    __user_perproc_libspace                  0x08002b39   Thumb Code     0  libspace.o(.text)
    __user_perthread_libspace                0x08002b39   Thumb Code     0  libspace.o(.text)
    __hardfp_fabs                            0x08002b41   Thumb Code    20  fabs.o(i.__hardfp_fabs)
    __aeabi_d2f                              0x08002b55   Thumb Code     0  d2f.o(x$fpl$d2f)
    _d2f                                     0x08002b55   Thumb Code    98  d2f.o(x$fpl$d2f)
    __aeabi_dadd                             0x08002bb9   Thumb Code     0  daddsub_clz.o(x$fpl$dadd)
    _dadd                                    0x08002bb9   Thumb Code   332  daddsub_clz.o(x$fpl$dadd)
    __fpl_dcmp_Inf                           0x08002d09   Thumb Code    24  dcmpi.o(x$fpl$dcmpinf)
    __aeabi_ui2d                             0x08002d21   Thumb Code     0  dflt_clz.o(x$fpl$dfltu)
    _dfltu                                   0x08002d21   Thumb Code    38  dflt_clz.o(x$fpl$dfltu)
    __aeabi_cdcmple                          0x08002d49   Thumb Code     0  dleqf.o(x$fpl$dleqf)
    _dcmple                                  0x08002d49   Thumb Code   120  dleqf.o(x$fpl$dleqf)
    __fpl_dcmple_InfNaN                      0x08002dab   Thumb Code     0  dleqf.o(x$fpl$dleqf)
    __aeabi_dmul                             0x08002dc1   Thumb Code     0  dmul.o(x$fpl$dmul)
    _dmul                                    0x08002dc1   Thumb Code   332  dmul.o(x$fpl$dmul)
    __fpl_dnaninf                            0x08002f15   Thumb Code   156  dnaninf.o(x$fpl$dnaninf)
    __fpl_dretinf                            0x08002fb1   Thumb Code    12  dretinf.o(x$fpl$dretinf)
    __aeabi_cdrcmple                         0x08002fbd   Thumb Code     0  drleqf.o(x$fpl$drleqf)
    _drcmple                                 0x08002fbd   Thumb Code   108  drleqf.o(x$fpl$drleqf)
    __aeabi_drsub                            0x08003029   Thumb Code     0  daddsub_clz.o(x$fpl$drsb)
    _drsb                                    0x08003029   Thumb Code    22  daddsub_clz.o(x$fpl$drsb)
    __aeabi_dsub                             0x08003041   Thumb Code     0  daddsub_clz.o(x$fpl$dsub)
    _dsub                                    0x08003041   Thumb Code   464  daddsub_clz.o(x$fpl$dsub)
    __aeabi_f2d                              0x08003215   Thumb Code     0  f2d.o(x$fpl$f2d)
    _f2d                                     0x08003215   Thumb Code    86  f2d.o(x$fpl$f2d)
    __fpl_fnaninf                            0x0800326b   Thumb Code   140  fnaninf.o(x$fpl$fnaninf)
    _fp_init                                 0x080032f7   Thumb Code    10  fpinit.o(x$fpl$fpinit)
    __fplib_config_fpu_vfp                   0x080032ff   Thumb Code     0  fpinit.o(x$fpl$fpinit)
    __fplib_config_pureend_doubles           0x080032ff   Thumb Code     0  fpinit.o(x$fpl$fpinit)
    __fpl_fretinf                            0x08003301   Thumb Code    10  fretinf.o(x$fpl$fretinf)
    __I$use$fp                               0x0800330a   Number         0  usenofp.o(x$fpl$usenofp)
    FSMC_DefaultTimingStruct                 0x0800330c   Data          28  stm32f4xx_fsmc.o(.constdata)
    Region$$Table$$Base                      0x08003328   Number         0  anon$$obj.o(Region$$Table)
    Region$$Table$$Limit                     0x08003348   Number         0  anon$$obj.o(Region$$Table)
    motiondetect                             0x20000000   Data           1  main.o(.data)
    SystemCoreClock                          0x20000004   Data           4  system_stm32f4xx.o(.data)
    AHBPrescTable                            0x20000008   Data          16  system_stm32f4xx.o(.data)
    USART_RX_STA                             0x2000002c   Data           2  usart.o(.data)
    data_cnt_state                           0x2000002e   Data           1  usart3.o(.data)
    data_cnt_max                             0x2000002f   Data           1  usart3.o(.data)
    data_cnt_count                           0x20000030   Data           1  usart3.o(.data)
    data_full_flag                           0x20000031   Data           1  usart3.o(.data)
    first_flag                               0x20000032   Data           1  usart3.o(.data)
    kill_flag                                0x20000033   Data           1  usart3.o(.data)
    filter_n                                 0x20000034   Data           1  usart3.o(.data)
    filter_index                             0x20000035   Data           1  usart3.o(.data)
    data_cnt_check                           0x20000036   Data           2  usart3.o(.data)
    data_index                               0x20000038   Data           2  usart3.o(.data)
    count_temp                               0x2000003a   Data           2  usart3.o(.data)
    channel_index                            0x2000003c   Data           1  emg.o(.data)
    count                                    0x2000003e   Data           2  emg.o(.data)
    channel_used                             0x20000040   Data           8  emg.o(.data)
    trainig_flag                             0x20000049   Data           1  exti.o(.data)
    testing_flag                             0x2000004a   Data           1  exti.o(.data)
    dur                                      0x2000004c   Data           4  config.o(.data)
    state                                    0x20000050   Data           1  config.o(.data)
    window_count                             0x20000052   Data           2  config.o(.data)
    action_serial                            0x20000054   Data          20  config.o(.data)
    UNILABEL                                 0x20000068   Data          12  config.o(.data)
    predict                                  0x20000074   Data        1000  main.o(.bss)
    USART_RX_BUF                             0x2000045c   Data         200  usart.o(.bss)
    data_buff                                0x20000528   Data          64  usart3.o(.bss)
    data                                     0x20000568   Data       38400  usart3.o(.bss)
    data_src                                 0x20009b68   Data        1344  usart3.o(.bss)
    data_filter                              0x2000a0a8   Data        1344  usart3.o(.bss)
    filter_a                                 0x2000a5e8   Data         168  usart3.o(.bss)
    filter_b                                 0x2000a690   Data         168  usart3.o(.bss)
    feat_num_perclass                        0x2000a738   Data          24  emg.o(.bss)
    feat                                     0x2000a750   Data         132  emg.o(.bss)
    LABEL                                    0x2000a7d4   Data         820  emg.o(.bss)
    pDataDst                                 0x2000ab08   Data          24  emg.o(.bss)
    LDA_TEMP                                 0x2000ab20   Data         768  emg.o(.bss)
    MeanMat                                  0x2000ae20   Data         768  emg.o(.bss)
    CovMat                                   0x2000b120   Data        4096  emg.o(.bss)
    CovMat_Inverse                           0x2000c120   Data        4096  emg.o(.bss)
    CovMat_class                             0x2000d120   Data        4096  emg.o(.bss)
    Temp_Mat                                 0x2000e120   Data         128  emg.o(.bss)
    Temp_Mat_T                               0x2000e1a0   Data         128  emg.o(.bss)
    Bias_Mat                                 0x2000e220   Data          24  emg.o(.bss)
    a                                        0x2000e238   Data        4096  emg.o(.bss)
    b                                        0x2000f238   Data        8192  emg.o(.bss)
    c                                        0x20011238   Data        4096  emg.o(.bss)
    feat_matrix                              0x20012238   Data       52480  emg.o(.bss)
    __libspace_start                         0x2001ef38   Data          96  libspace.o(.bss)
    __temporary_stack_top$libspace           0x2001ef98   Data           0  libspace.o(.bss)



==============================================================================

Memory Map of the image

  Image Entry point : 0x08000189

  Load Region LR_IROM1 (Base: 0x08000000, Size: 0x000033bc, Max: 0x00080000, ABSOLUTE)

    Execution Region ER_IROM1 (Exec base: 0x08000000, Load base: 0x08000000, Size: 0x00003348, Max: 0x00080000, ABSOLUTE)

    Exec Addr    Load Addr    Size         Type   Attr      Idx    E Section Name        Object

    0x08000000   0x08000000   0x00000188   Data   RO          258    RESET               startup_stm32f40_41xxx.o
    0x08000188   0x08000188   0x00000008   Code   RO         1333  * !!!main             c_w.l(__main.o)
    0x08000190   0x08000190   0x00000034   Code   RO         1544    !!!scatter          c_w.l(__scatter.o)
    0x080001c4   0x080001c4   0x0000001a   Code   RO         1546    !!handler_copy      c_w.l(__scatter_copy.o)
    0x080001de   0x080001de   0x00000002   PAD
    0x080001e0   0x080001e0   0x0000001c   Code   RO         1548    !!handler_zi        c_w.l(__scatter_zi.o)
    0x080001fc   0x080001fc   0x00000002   Code   RO         1416    .ARM.Collect$$libinit$$00000000  c_w.l(libinit.o)
    0x080001fe   0x080001fe   0x00000004   Code   RO         1422    .ARM.Collect$$libinit$$00000001  c_w.l(libinit2.o)
    0x08000202   0x08000202   0x00000000   Code   RO         1425    .ARM.Collect$$libinit$$00000004  c_w.l(libinit2.o)
    0x08000202   0x08000202   0x00000000   Code   RO         1428    .ARM.Collect$$libinit$$0000000A  c_w.l(libinit2.o)
    0x08000202   0x08000202   0x00000000   Code   RO         1430    .ARM.Collect$$libinit$$0000000C  c_w.l(libinit2.o)
    0x08000202   0x08000202   0x00000000   Code   RO         1432    .ARM.Collect$$libinit$$0000000E  c_w.l(libinit2.o)
    0x08000202   0x08000202   0x00000000   Code   RO         1435    .ARM.Collect$$libinit$$00000011  c_w.l(libinit2.o)
    0x08000202   0x08000202   0x00000000   Code   RO         1437    .ARM.Collect$$libinit$$00000013  c_w.l(libinit2.o)
    0x08000202   0x08000202   0x00000000   Code   RO         1439    .ARM.Collect$$libinit$$00000015  c_w.l(libinit2.o)
    0x08000202   0x08000202   0x00000000   Code   RO         1441    .ARM.Collect$$libinit$$00000017  c_w.l(libinit2.o)
    0x08000202   0x08000202   0x00000000   Code   RO         1443    .ARM.Collect$$libinit$$00000019  c_w.l(libinit2.o)
    0x08000202   0x08000202   0x00000000   Code   RO         1445    .ARM.Collect$$libinit$$0000001B  c_w.l(libinit2.o)
    0x08000202   0x08000202   0x00000000   Code   RO         1447    .ARM.Collect$$libinit$$0000001D  c_w.l(libinit2.o)
    0x08000202   0x08000202   0x00000000   Code   RO         1449    .ARM.Collect$$libinit$$0000001F  c_w.l(libinit2.o)
    0x08000202   0x08000202   0x00000000   Code   RO         1451    .ARM.Collect$$libinit$$00000021  c_w.l(libinit2.o)
    0x08000202   0x08000202   0x00000000   Code   RO         1453    .ARM.Collect$$libinit$$00000023  c_w.l(libinit2.o)
    0x08000202   0x08000202   0x00000000   Code   RO         1455    .ARM.Collect$$libinit$$00000025  c_w.l(libinit2.o)
    0x08000202   0x08000202   0x00000000   Code   RO         1459    .ARM.Collect$$libinit$$0000002C  c_w.l(libinit2.o)
    0x08000202   0x08000202   0x00000000   Code   RO         1461    .ARM.Collect$$libinit$$0000002E  c_w.l(libinit2.o)
    0x08000202   0x08000202   0x00000000   Code   RO         1463    .ARM.Collect$$libinit$$00000030  c_w.l(libinit2.o)
    0x08000202   0x08000202   0x00000000   Code   RO         1465    .ARM.Collect$$libinit$$00000032  c_w.l(libinit2.o)
    0x08000202   0x08000202   0x00000002   Code   RO         1466    .ARM.Collect$$libinit$$00000033  c_w.l(libinit2.o)
    0x08000204   0x08000204   0x00000002   Code   RO         1484    .ARM.Collect$$libshutdown$$00000000  c_w.l(libshutdown.o)
    0x08000206   0x08000206   0x00000000   Code   RO         1494    .ARM.Collect$$libshutdown$$00000002  c_w.l(libshutdown2.o)
    0x08000206   0x08000206   0x00000000   Code   RO         1496    .ARM.Collect$$libshutdown$$00000004  c_w.l(libshutdown2.o)
    0x08000206   0x08000206   0x00000000   Code   RO         1499    .ARM.Collect$$libshutdown$$00000007  c_w.l(libshutdown2.o)
    0x08000206   0x08000206   0x00000000   Code   RO         1502    .ARM.Collect$$libshutdown$$0000000A  c_w.l(libshutdown2.o)
    0x08000206   0x08000206   0x00000000   Code   RO         1504    .ARM.Collect$$libshutdown$$0000000C  c_w.l(libshutdown2.o)
    0x08000206   0x08000206   0x00000000   Code   RO         1507    .ARM.Collect$$libshutdown$$0000000F  c_w.l(libshutdown2.o)
    0x08000206   0x08000206   0x00000002   Code   RO         1508    .ARM.Collect$$libshutdown$$00000010  c_w.l(libshutdown2.o)
    0x08000208   0x08000208   0x00000000   Code   RO         1365    .ARM.Collect$$rtentry$$00000000  c_w.l(__rtentry.o)
    0x08000208   0x08000208   0x00000000   Code   RO         1383    .ARM.Collect$$rtentry$$00000002  c_w.l(__rtentry2.o)
    0x08000208   0x08000208   0x00000006   Code   RO         1395    .ARM.Collect$$rtentry$$00000004  c_w.l(__rtentry4.o)
    0x0800020e   0x0800020e   0x00000000   Code   RO         1385    .ARM.Collect$$rtentry$$00000009  c_w.l(__rtentry2.o)
    0x0800020e   0x0800020e   0x00000004   Code   RO         1386    .ARM.Collect$$rtentry$$0000000A  c_w.l(__rtentry2.o)
    0x08000212   0x08000212   0x00000000   Code   RO         1388    .ARM.Collect$$rtentry$$0000000C  c_w.l(__rtentry2.o)
    0x08000212   0x08000212   0x00000008   Code   RO         1389    .ARM.Collect$$rtentry$$0000000D  c_w.l(__rtentry2.o)
    0x0800021a   0x0800021a   0x00000002   Code   RO         1420    .ARM.Collect$$rtexit$$00000000  c_w.l(rtexit.o)
    0x0800021c   0x0800021c   0x00000000   Code   RO         1468    .ARM.Collect$$rtexit$$00000002  c_w.l(rtexit2.o)
    0x0800021c   0x0800021c   0x00000004   Code   RO         1469    .ARM.Collect$$rtexit$$00000003  c_w.l(rtexit2.o)
    0x08000220   0x08000220   0x00000006   Code   RO         1470    .ARM.Collect$$rtexit$$00000004  c_w.l(rtexit2.o)
    0x08000226   0x08000226   0x00000002   PAD
    0x08000228   0x08000228   0x000001f8   Code   RO            3    .text               main.o
    0x08000420   0x08000420   0x00000012   Code   RO          183    .text               stm32f4xx_it.o
    0x08000432   0x08000432   0x00000002   PAD
    0x08000434   0x08000434   0x0000017c   Code   RO          232    .text               system_stm32f4xx.o
    0x080005b0   0x080005b0   0x00000040   Code   RO          259    .text               startup_stm32f40_41xxx.o
    0x080005f0   0x080005f0   0x000000b0   Code   RO          265    .text               misc.o
    0x080006a0   0x080006a0   0x000000e0   Code   RO          528    .text               stm32f4xx_exti.o
    0x08000780   0x08000780   0x00000448   Code   RO          592    .text               stm32f4xx_fsmc.o
    0x08000bc8   0x08000bc8   0x00000238   Code   RO          615    .text               stm32f4xx_gpio.o
    0x08000e00   0x08000e00   0x00000480   Code   RO          778    .text               stm32f4xx_rcc.o
    0x08001280   0x08001280   0x0000007c   Code   RO          904    .text               stm32f4xx_syscfg.o
    0x080012fc   0x080012fc   0x00000358   Code   RO          945    .text               stm32f4xx_usart.o
    0x08001654   0x08001654   0x000000b8   Code   RO          985    .text               delay.o
    0x0800170c   0x0800170c   0x00000124   Code   RO         1025    .text               usart.o
    0x08001830   0x08001830   0x000004ae   Code   RO         1057    .text               usart3.o
    0x08001cde   0x08001cde   0x00000002   PAD
    0x08001ce0   0x08001ce0   0x000008c4   Code   RO         1091    .text               emg.o
    0x080025a4   0x080025a4   0x00000104   Code   RO         1171    .text               key.o
    0x080026a8   0x080026a8   0x00000108   Code   RO         1192    .text               exti.o
    0x080027b0   0x080027b0   0x00000040   Code   RO         1218    .text               led.o
    0x080027f0   0x080027f0   0x000002e4   Code   RO         1262    .text               sram.o
    0x08002ad4   0x08002ad4   0x00000006   Code   RO         1331    .text               c_w.l(heapauxi.o)
    0x08002ada   0x08002ada   0x0000004a   Code   RO         1405    .text               c_w.l(sys_stackheap_outer.o)
    0x08002b24   0x08002b24   0x00000012   Code   RO         1409    .text               c_w.l(exit.o)
    0x08002b36   0x08002b36   0x00000002   PAD
    0x08002b38   0x08002b38   0x00000008   Code   RO         1417    .text               c_w.l(libspace.o)
    0x08002b40   0x08002b40   0x00000014   Code   RO         1359    i.__hardfp_fabs     m_wm.l(fabs.o)
    0x08002b54   0x08002b54   0x00000062   Code   RO         1335    x$fpl$d2f           fz_wm.l(d2f.o)
    0x08002bb6   0x08002bb6   0x00000002   PAD
    0x08002bb8   0x08002bb8   0x00000150   Code   RO         1337    x$fpl$dadd          fz_wm.l(daddsub_clz.o)
    0x08002d08   0x08002d08   0x00000018   Code   RO         1403    x$fpl$dcmpinf       fz_wm.l(dcmpi.o)
    0x08002d20   0x08002d20   0x00000026   Code   RO         1347    x$fpl$dfltu         fz_wm.l(dflt_clz.o)
    0x08002d46   0x08002d46   0x00000002   PAD
    0x08002d48   0x08002d48   0x00000078   Code   RO         1371    x$fpl$dleqf         fz_wm.l(dleqf.o)
    0x08002dc0   0x08002dc0   0x00000154   Code   RO         1353    x$fpl$dmul          fz_wm.l(dmul.o)
    0x08002f14   0x08002f14   0x0000009c   Code   RO         1373    x$fpl$dnaninf       fz_wm.l(dnaninf.o)
    0x08002fb0   0x08002fb0   0x0000000c   Code   RO         1375    x$fpl$dretinf       fz_wm.l(dretinf.o)
    0x08002fbc   0x08002fbc   0x0000006c   Code   RO         1355    x$fpl$drleqf        fz_wm.l(drleqf.o)
    0x08003028   0x08003028   0x00000016   Code   RO         1338    x$fpl$drsb          fz_wm.l(daddsub_clz.o)
    0x0800303e   0x0800303e   0x00000002   PAD
    0x08003040   0x08003040   0x000001d4   Code   RO         1339    x$fpl$dsub          fz_wm.l(daddsub_clz.o)
    0x08003214   0x08003214   0x00000056   Code   RO         1357    x$fpl$f2d           fz_wm.l(f2d.o)
    0x0800326a   0x0800326a   0x0000008c   Code   RO         1377    x$fpl$fnaninf       fz_wm.l(fnaninf.o)
    0x080032f6   0x080032f6   0x0000000a   Code   RO         1476    x$fpl$fpinit        fz_wm.l(fpinit.o)
    0x08003300   0x08003300   0x0000000a   Code   RO         1379    x$fpl$fretinf       fz_wm.l(fretinf.o)
    0x0800330a   0x0800330a   0x00000000   Code   RO         1381    x$fpl$usenofp       fz_wm.l(usenofp.o)
    0x0800330a   0x0800330a   0x00000002   PAD
    0x0800330c   0x0800330c   0x0000001c   Data   RO          593    .constdata          stm32f4xx_fsmc.o
    0x08003328   0x08003328   0x00000020   Data   RO         1542    Region$$Table       anon$$obj.o


    Execution Region RW_IRAM1 (Exec base: 0x20000000, Load base: 0x08003348, Size: 0x0001ff98, Max: 0x00020000, ABSOLUTE)

    Exec Addr    Load Addr    Size         Type   Attr      Idx    E Section Name        Object

    0x20000000   0x08003348   0x00000001   Data   RW            5    .data               main.o
    0x20000001   0x08003349   0x00000003   PAD
    0x20000004   0x0800334c   0x00000014   Data   RW          233    .data               system_stm32f4xx.o
    0x20000018   0x08003360   0x00000010   Data   RW          779    .data               stm32f4xx_rcc.o
    0x20000028   0x08003370   0x00000004   Data   RW          986    .data               delay.o
    0x2000002c   0x08003374   0x00000002   Data   RW         1027    .data               usart.o
    0x2000002e   0x08003376   0x0000000e   Data   RW         1059    .data               usart3.o
    0x2000003c   0x08003384   0x0000000c   Data   RW         1094    .data               emg.o
    0x20000048   0x08003390   0x00000001   Data   RW         1172    .data               key.o
    0x20000049   0x08003391   0x00000002   Data   RW         1193    .data               exti.o
    0x2000004b   0x08003393   0x00000001   PAD
    0x2000004c   0x08003394   0x00000004   Data   RW         1238    .data               config.o
    0x20000050   0x08003398   0x00000001   Data   RW         1239    .data               config.o
    0x20000051   0x08003399   0x00000001   PAD
    0x20000052   0x0800339a   0x00000002   Data   RW         1240    .data               config.o
    0x20000054   0x0800339c   0x00000014   Data   RW         1241    .data               config.o
    0x20000068   0x080033b0   0x0000000c   Data   RW         1242    .data               config.o
    0x20000074        -       0x000003e8   Zero   RW            4    .bss                main.o
    0x2000045c        -       0x000000c8   Zero   RW         1026    .bss                usart.o
    0x20000524   0x080033bc   0x00000004   PAD
    0x20000528        -       0x0000a210   Zero   RW         1058    .bss                usart3.o
    0x2000a738        -       0x00007b00   Zero   RW         1092    .bss                emg.o
    0x20012238        -       0x0000cd00   Zero   RW         1093    .bss                emg.o
    0x2001ef38        -       0x00000060   Zero   RW         1418    .bss                c_w.l(libspace.o)
    0x2001ef98        -       0x00000800   Zero   RW          257    HEAP                startup_stm32f40_41xxx.o
    0x2001f798        -       0x00000800   Zero   RW          256    STACK               startup_stm32f40_41xxx.o


==============================================================================

Image component sizes


      Code (inc. data)   RO Data    RW Data    ZI Data      Debug   Object Name

         0          0          0         39          0        844   config.o
       184          4          0          4          0       1717   delay.o
      2244         92          0         12      83968       5689   emg.o
       264         30          0          2          0       1451   exti.o
       260         12          0          1          0       1044   key.o
        64          6          0          0          0        643   led.o
       504         58          0          1       1000     287170   main.o
       176         12          0          0          0       2137   misc.o
       740         22          0          0          0       2148   sram.o
        64         26        392          0       4096        920   startup_stm32f40_41xxx.o
       224         10          0          0          0       2583   stm32f4xx_exti.o
      1096          8         28          0          0       6446   stm32f4xx_fsmc.o
       568         46          0          0          0       4713   stm32f4xx_gpio.o
        18          0          0          0          0       1310   stm32f4xx_it.o
      1152         48          0         16          0      13620   stm32f4xx_rcc.o
       124         16          0          0          0       2013   stm32f4xx_syscfg.o
       856         32          0          0          0       8368   stm32f4xx_usart.o
       380         36          0         20          0       2191   system_stm32f4xx.o
       292         16          0          2        200       3614   usart.o
      1198        104          0         14      41488       4081   usart3.o

    ----------------------------------------------------------------------
     10412        578        452        116     130756     352702   Object Totals
         0          0         32          0          0          0   (incl. Generated)
         4          0          0          5          4          0   (incl. Padding)

    ----------------------------------------------------------------------

      Code (inc. data)   RO Data    RW Data    ZI Data      Debug   Library Member Name

         8          0          0          0          0         68   __main.o
         0          0          0          0          0          0   __rtentry.o
        12          0          0          0          0          0   __rtentry2.o
         6          0          0          0          0          0   __rtentry4.o
        52          8          0          0          0          0   __scatter.o
        26          0          0          0          0          0   __scatter_copy.o
        28          0          0          0          0          0   __scatter_zi.o
        18          0          0          0          0         80   exit.o
         6          0          0          0          0        152   heapauxi.o
         2          0          0          0          0          0   libinit.o
         6          0          0          0          0          0   libinit2.o
         2          0          0          0          0          0   libshutdown.o
         2          0          0          0          0          0   libshutdown2.o
         8          4          0          0         96         68   libspace.o
         2          0          0          0          0          0   rtexit.o
        10          0          0          0          0          0   rtexit2.o
        74          0          0          0          0         80   sys_stackheap_outer.o
        98          4          0          0          0        140   d2f.o
       826         16          0          0          0        492   daddsub_clz.o
        24          0          0          0          0        116   dcmpi.o
        38          0          0          0          0        116   dflt_clz.o
       120          4          0          0          0        140   dleqf.o
       340         12          0          0          0        152   dmul.o
       156          4          0          0          0        140   dnaninf.o
        12          0          0          0          0        116   dretinf.o
       108          0          0          0          0        128   drleqf.o
        86          4          0          0          0        132   f2d.o
       140          4          0          0          0        132   fnaninf.o
        10          0          0          0          0        116   fpinit.o
        10          0          0          0          0        116   fretinf.o
         0          0          0          0          0          0   usenofp.o
        20          0          0          0          0        124   fabs.o

    ----------------------------------------------------------------------
      2264         60          0          0         96       2608   Library Totals
        14          0          0          0          0          0   (incl. Padding)

    ----------------------------------------------------------------------

      Code (inc. data)   RO Data    RW Data    ZI Data      Debug   Library Name

       262         12          0          0         96        448   c_w.l
      1968         48          0          0          0       2036   fz_wm.l
        20          0          0          0          0        124   m_wm.l

    ----------------------------------------------------------------------
      2264         60          0          0         96       2608   Library Totals

    ----------------------------------------------------------------------

==============================================================================


      Code (inc. data)   RO Data    RW Data    ZI Data      Debug   

     12676        638        452        116     130852     350058   Grand Totals
     12676        638        452        116     130852     350058   ELF Image Totals
     12676        638        452        116          0          0   ROM Totals

==============================================================================

    Total RO  Size (Code + RO Data)                13128 (  12.82kB)
    Total RW  Size (RW Data + ZI Data)            130968 ( 127.90kB)
    Total ROM Size (Code + RO Data + RW Data)      13244 (  12.93kB)

==============================================================================

