Component: ARM Compiler 5.06 update 5 (build 528) Tool: armlink [4d35e2]

==============================================================================

Section Cross References

    usart.o(i.Filter) refers to dmul.o(.text) for __aeabi_dmul
    usart.o(i.Filter) refers to dadd.o(.text) for __aeabi_dadd
    usart.o(i.Filter) refers to usart.o(.data) for .data
    usart.o(i.Filter) refers to usart.o(.bss) for .bss
    usart.o(i.HAL_UART_MspDeInit) refers to stm32f4xx_hal_gpio.o(i.HAL_GPIO_DeInit) for HAL_GPIO_DeInit
    usart.o(i.HAL_UART_MspDeInit) refers to stm32f4xx_hal_dma.o(i.HAL_DMA_DeInit) for HAL_DMA_DeInit
    usart.o(i.HAL_UART_MspDeInit) refers to stm32f4xx_hal_cortex.o(i.HAL_NVIC_DisableIRQ) for HAL_NVIC_DisableIRQ
    usart.o(i.HAL_UART_MspInit) refers to stm32f4xx_hal_gpio.o(i.HAL_GPIO_Init) for HAL_GPIO_Init
    usart.o(i.HAL_UART_MspInit) refers to stm32f4xx_hal_dma.o(i.HAL_DMA_Init) for HAL_DMA_Init
    usart.o(i.HAL_UART_MspInit) refers to main.o(i._Error_Handler) for _Error_Handler
    usart.o(i.HAL_UART_MspInit) refers to stm32f4xx_hal_cortex.o(i.HAL_NVIC_SetPriority) for HAL_NVIC_SetPriority
    usart.o(i.HAL_UART_MspInit) refers to stm32f4xx_hal_cortex.o(i.HAL_NVIC_EnableIRQ) for HAL_NVIC_EnableIRQ
    usart.o(i.HAL_UART_MspInit) refers to usart.o(.bss) for .bss
    usart.o(i.HAL_UART_RxCpltCallback) refers to usart.o(.data) for .data
    usart.o(i.MX_USART1_UART_Init) refers to stm32f4xx_hal_uart.o(i.HAL_UART_Init) for HAL_UART_Init
    usart.o(i.MX_USART1_UART_Init) refers to main.o(i._Error_Handler) for _Error_Handler
    usart.o(i.MX_USART1_UART_Init) refers to usart.o(.bss) for .bss
    usart.o(i.MX_USART3_UART_Init) refers to stm32f4xx_hal_uart.o(i.HAL_UART_Init) for HAL_UART_Init
    usart.o(i.MX_USART3_UART_Init) refers to main.o(i._Error_Handler) for _Error_Handler
    usart.o(i.MX_USART3_UART_Init) refers to usart.o(.bss) for .bss
    usart.o(i.SetData) refers to config.o(.data) for dur
    usart.o(i.SetData) refers to usart.o(.data) for .data
    usart.o(i.SetData) refers to usart.o(.bss) for .bss
    usart.o(i.SetData) refers to exti.o(.data) for testing_flag
    usart.o(i.SetData) refers to config.o(.data) for state
    usart.o(i.deal_with_recv_buff) refers to usart.o(i.decode) for decode
    usart.o(i.deal_with_recv_buff) refers to dfltui.o(.text) for __aeabi_ui2d
    usart.o(i.deal_with_recv_buff) refers to dadd.o(.text) for __aeabi_dadd
    usart.o(i.deal_with_recv_buff) refers to usart.o(i.Filter) for Filter
    usart.o(i.deal_with_recv_buff) refers to usart.o(i.SetData) for SetData
    usart.o(i.deal_with_recv_buff) refers to usart.o(.data) for .data
    usart.o(i.deal_with_recv_buff) refers to usart.o(.bss) for .bss
    usart.o(i.fgetc) refers to stm32f4xx_hal_uart.o(i.HAL_UART_Receive) for HAL_UART_Receive
    usart.o(i.fgetc) refers to usart.o(.bss) for .bss
    usart.o(i.fputc) refers to stm32f4xx_hal_uart.o(i.HAL_UART_Transmit) for HAL_UART_Transmit
    usart.o(i.fputc) refers to usart.o(.bss) for .bss
    usart.o(i.initiate_filter) refers to usart.o(.data) for .data
    usart.o(i.initiate_filter) refers to usart.o(.bss) for .bss
    gpio.o(i.MX_GPIO_Init) refers to stm32f4xx_hal_gpio.o(i.HAL_GPIO_WritePin) for HAL_GPIO_WritePin
    gpio.o(i.MX_GPIO_Init) refers to stm32f4xx_hal_gpio.o(i.HAL_GPIO_Init) for HAL_GPIO_Init
    gpio.o(i.MX_GPIO_Init) refers to stm32f4xx_hal_cortex.o(i.HAL_NVIC_SetPriority) for HAL_NVIC_SetPriority
    gpio.o(i.MX_GPIO_Init) refers to stm32f4xx_hal_cortex.o(i.HAL_NVIC_EnableIRQ) for HAL_NVIC_EnableIRQ
    main.o(i.SystemClock_Config) refers to stm32f4xx_hal_rcc.o(i.HAL_RCC_OscConfig) for HAL_RCC_OscConfig
    main.o(i.SystemClock_Config) refers to stm32f4xx_hal_rcc.o(i.HAL_RCC_ClockConfig) for HAL_RCC_ClockConfig
    main.o(i.SystemClock_Config) refers to stm32f4xx_hal_rcc.o(i.HAL_RCC_EnableCSS) for HAL_RCC_EnableCSS
    main.o(i.SystemClock_Config) refers to stm32f4xx_hal_rcc.o(i.HAL_RCC_GetHCLKFreq) for HAL_RCC_GetHCLKFreq
    main.o(i.SystemClock_Config) refers to stm32f4xx_hal_cortex.o(i.HAL_SYSTICK_Config) for HAL_SYSTICK_Config
    main.o(i.SystemClock_Config) refers to stm32f4xx_hal_cortex.o(i.HAL_SYSTICK_CLKSourceConfig) for HAL_SYSTICK_CLKSourceConfig
    main.o(i.SystemClock_Config) refers to stm32f4xx_hal_cortex.o(i.HAL_NVIC_SetPriority) for HAL_NVIC_SetPriority
    main.o(i.main) refers to stm32f4xx_hal.o(i.HAL_Init) for HAL_Init
    main.o(i.main) refers to main.o(i.SystemClock_Config) for SystemClock_Config
    main.o(i.main) refers to gpio.o(i.MX_GPIO_Init) for MX_GPIO_Init
    main.o(i.main) refers to dma.o(i.MX_DMA_Init) for MX_DMA_Init
    main.o(i.main) refers to usart.o(i.MX_USART3_UART_Init) for MX_USART3_UART_Init
    main.o(i.main) refers to spi.o(i.MX_SPI1_Init) for MX_SPI1_Init
    main.o(i.main) refers to usart.o(i.MX_USART1_UART_Init) for MX_USART1_UART_Init
    main.o(i.main) refers to usart.o(i.initiate_filter) for initiate_filter
[...]
    Removing stm32f4xx_hal.o(i.HAL_GetDEVID), (16 bytes).
    Removing stm32f4xx_hal.o(i.HAL_GetHalVersion), (8 bytes).
    Removing stm32f4xx_hal.o(i.HAL_GetREVID), (12 bytes).
    Removing stm32f4xx_hal.o(i.HAL_GetUID), (28 bytes).
    Removing stm32f4xx_hal.o(i.HAL_MspDeInit), (2 bytes).
    Removing stm32f4xx_hal.o(i.HAL_MspInit), (2 bytes).
    Removing stm32f4xx_hal.o(i.HAL_ResumeTick), (14 bytes).
    Removing stm32f4xx_hal.o(i.HAL_SuspendTick), (14 bytes).
    Removing stm32f4xx_hal_pwr_ex.o(.rev16_text), (4 bytes).
    Removing stm32f4xx_hal_pwr_ex.o(.revsh_text), (4 bytes).
    Removing stm32f4xx_hal_pwr_ex.o(.rrx_text), (6 bytes).
    Removing stm32f4xx_hal_pwr_ex.o(i.HAL_PWREx_ControlVoltageScaling), (88 bytes).
    Removing stm32f4xx_hal_pwr_ex.o(i.HAL_PWREx_DisableBkUpReg), (60 bytes).
    Removing stm32f4xx_hal_pwr_ex.o(i.HAL_PWREx_DisableFlashPowerDown), (12 bytes).
    Removing stm32f4xx_hal_pwr_ex.o(i.HAL_PWREx_EnableBkUpReg), (60 bytes).
    Removing stm32f4xx_hal_pwr_ex.o(i.HAL_PWREx_EnableFlashPowerDown), (12 bytes).
    Removing stm32f4xx_hal_pwr_ex.o(i.HAL_PWREx_GetVoltageRange), (16 bytes).
    Removing stm32f4xx_hal_rcc_ex.o(.rev16_text), (4 bytes).
    Removing stm32f4xx_hal_rcc_ex.o(.revsh_text), (4 bytes).
    Removing stm32f4xx_hal_rcc_ex.o(.rrx_text), (6 bytes).
    Removing stm32f4xx_hal_rcc_ex.o(i.HAL_RCCEx_GetPeriphCLKConfig), (52 bytes).
    Removing stm32f4xx_hal_rcc_ex.o(i.HAL_RCCEx_GetPeriphCLKFreq), (92 bytes).
    Removing stm32f4xx_hal_rcc_ex.o(i.HAL_RCCEx_PeriphCLKConfig), (316 bytes).
    Removing stm32f4xx_hal_rcc_ex.o(i.HAL_RCC_DeInit), (260 bytes).
    Removing stm32f4xx_hal_rcc.o(.rev16_text), (4 bytes).
    Removing stm32f4xx_hal_rcc.o(.revsh_text), (4 bytes).
    Removing stm32f4xx_hal_rcc.o(.rrx_text), (6 bytes).
    Removing stm32f4xx_hal_rcc.o(i.HAL_RCC_DeInit), (4 bytes).
    Removing stm32f4xx_hal_rcc.o(i.HAL_RCC_DisableCSS), (12 bytes).
    Removing stm32f4xx_hal_rcc.o(i.HAL_RCC_GetClockConfig), (64 bytes).
    Removing stm32f4xx_hal_rcc.o(i.HAL_RCC_GetOscConfig), (180 bytes).
    Removing stm32f4xx_hal_rcc.o(i.HAL_RCC_MCOConfig), (140 bytes).
    Removing stm32f4xx_hal_spi.o(.rev16_text), (4 bytes).
    Removing stm32f4xx_hal_spi.o(.revsh_text), (4 bytes).
    Removing stm32f4xx_hal_spi.o(.rrx_text), (6 bytes).
    Removing stm32f4xx_hal_spi.o(i.HAL_SPI_Abort), (192 bytes).
    Removing stm32f4xx_hal_spi.o(i.HAL_SPI_AbortCpltCallback), (2 bytes).
    Removing stm32f4xx_hal_spi.o(i.HAL_SPI_Abort_IT), (232 bytes).
    Removing stm32f4xx_hal_spi.o(i.HAL_SPI_DMAPause), (38 bytes).
    Removing stm32f4xx_hal_spi.o(i.HAL_SPI_DMAResume), (38 bytes).
    Removing stm32f4xx_hal_spi.o(i.HAL_SPI_DMAStop), (40 bytes).
    Removing stm32f4xx_hal_spi.o(i.HAL_SPI_DeInit), (46 bytes).
    Removing stm32f4xx_hal_spi.o(i.HAL_SPI_ErrorCallback), (2 bytes).
    Removing stm32f4xx_hal_spi.o(i.HAL_SPI_GetError), (4 bytes).
    Removing stm32f4xx_hal_spi.o(i.HAL_SPI_GetState), (6 bytes).
    Removing stm32f4xx_hal_spi.o(i.HAL_SPI_IRQHandler), (212 bytes).
    Removing stm32f4xx_hal_spi.o(i.HAL_SPI_MspDeInit), (2 bytes).
    Removing stm32f4xx_hal_spi.o(i.HAL_SPI_MspInit), (2 bytes).
    Removing stm32f4xx_hal_spi.o(i.HAL_SPI_Receive), (336 bytes).
    Removing stm32f4xx_hal_spi.o(i.HAL_SPI_Receive_DMA), (212 bytes).
    Removing stm32f4xx_hal_spi.o(i.HAL_SPI_Receive_IT), (164 bytes).
    Removing stm32f4xx_hal_spi.o(i.HAL_SPI_RxCpltCallback), (2 bytes).
    Removing stm32f4xx_hal_spi.o(i.HAL_SPI_RxHalfCpltCallback), (2 bytes).
    Removing stm32f4xx_hal_spi.o(i.HAL_SPI_Transmit), (360 bytes).
    Removing stm32f4xx_hal_spi.o(i.HAL_SPI_TransmitReceive_DMA), (264 bytes).
    Removing stm32f4xx_hal_spi.o(i.HAL_SPI_TransmitReceive_IT), (164 bytes).
    Removing stm32f4xx_hal_spi.o(i.HAL_SPI_Transmit_DMA), (184 bytes).
    Removing stm32f4xx_hal_spi.o(i.HAL_SPI_Transmit_IT), (152 bytes).
    Removing stm32f4xx_hal_spi.o(i.HAL_SPI_TxCpltCallback), (2 bytes).
    Removing stm32f4xx_hal_spi.o(i.HAL_SPI_TxHalfCpltCallback), (2 bytes).
    Removing stm32f4xx_hal_spi.o(i.HAL_SPI_TxRxCpltCallback), (2 bytes).
    Removing stm32f4xx_hal_spi.o(i.HAL_SPI_TxRxHalfCpltCallback), (2 bytes).
    Removing stm32f4xx_hal_spi.o(i.SPI_2linesRxISR_16BIT), (48 bytes).
    Removing stm32f4xx_hal_spi.o(i.SPI_2linesRxISR_8BIT), (46 bytes).
    Removing stm32f4xx_hal_spi.o(i.SPI_2linesTxISR_16BIT), (48 bytes).
    Removing stm32f4xx_hal_spi.o(i.SPI_2linesTxISR_8BIT), (46 bytes).
    Removing stm32f4xx_hal_spi.o(i.SPI_AbortRx_ISR), (80 bytes).
    Removing stm32f4xx_hal_spi.o(i.SPI_AbortTx_ISR), (22 bytes).
    Removing stm32f4xx_hal_spi.o(i.SPI_CloseRxTx_ISR), (144 bytes).
    Removing stm32f4xx_hal_spi.o(i.SPI_CloseRx_ISR), (78 bytes).
    Removing stm32f4xx_hal_spi.o(i.SPI_CloseTx_ISR), (124 bytes).
    Removing stm32f4xx_hal_spi.o(i.SPI_DMAAbortOnError), (16 bytes).
    Removing stm32f4xx_hal_spi.o(i.SPI_DMAError), (34 bytes).
    Removing stm32f4xx_hal_spi.o(i.SPI_DMAHalfReceiveCplt), (10 bytes).
    Removing stm32f4xx_hal_spi.o(i.SPI_DMAHalfTransmitCplt), (10 bytes).
    Removing stm32f4xx_hal_spi.o(i.SPI_DMAHalfTransmitReceiveCplt), (10 bytes).
    Removing stm32f4xx_hal_spi.o(i.SPI_DMAReceiveCplt), (82 bytes).
    Removing stm32f4xx_hal_spi.o(i.SPI_DMARxAbortCallback), (70 bytes).
    Removing stm32f4xx_hal_spi.o(i.SPI_DMATransmitCplt), (90 bytes).
    Removing stm32f4xx_hal_spi.o(i.SPI_DMATransmitReceiveCplt), (80 bytes).
    Removing stm32f4xx_hal_spi.o(i.SPI_DMATxAbortCallback), (104 bytes).
    Removing stm32f4xx_hal_spi.o(i.SPI_RxISR_16BIT), (32 bytes).
    Removing stm32f4xx_hal_spi.o(i.SPI_RxISR_8BIT), (30 bytes).
    Removing stm32f4xx_hal_spi.o(i.SPI_TxISR_16BIT), (32 bytes).
    Removing stm32f4xx_hal_spi.o(i.SPI_TxISR_8BIT), (30 bytes).
    Removing config.o(.rev16_text), (4 bytes).
    Removing config.o(.revsh_text), (4 bytes).
    Removing config.o(.rrx_text), (6 bytes).
    Removing exti.o(.rev16_text), (4 bytes).
    Removing exti.o(.revsh_text), (4 bytes).
    Removing exti.o(.rrx_text), (6 bytes).
    Removing emg.o(.rev16_text), (4 bytes).
    Removing emg.o(.revsh_text), (4 bytes).
    Removing emg.o(.rrx_text), (6 bytes).
    Removing w25q128.o(.rev16_text), (4 bytes).
    Removing w25q128.o(.revsh_text), (4 bytes).
    Removing w25q128.o(.rrx_text), (6 bytes).
    Removing w25q128.o(i.SPI_FLASH_BulkErase), (48 bytes).
    Removing w25q128.o(i.SPI_FLASH_ReadByte), (44 bytes).
    Removing w25q128.o(i.SPI_FLASH_StartReadSequence), (52 bytes).
    Removing w25q128.o(i.SPI_Flash_PowerDown), (40 bytes).
    Removing w25q128.o(i.SPI_Flash_WAKEUP), (40 bytes).

282 unused section(s) (total 15428 bytes) removed from the image.

==============================================================================

Image Symbol Table

    Local Symbols

    Symbol Name                              Value     Ov Type        Size  Object(Section)

    ../Drivers/STM32F4xx_HAL_Driver/Src/stm32f4xx_hal.c 0x00000000   Number         0  stm32f4xx_hal.o ABSOLUTE
    ../Drivers/STM32F4xx_HAL_Driver/Src/stm32f4xx_hal_cortex.c 0x00000000   Number         0  stm32f4xx_hal_cortex.o ABSOLUTE
    ../Drivers/STM32F4xx_HAL_Driver/Src/stm32f4xx_hal_dma.c 0x00000000   Number         0  stm32f4xx_hal_dma.o ABSOLUTE
    ../Drivers/STM32F4xx_HAL_Driver/Src/stm32f4xx_hal_dma_ex.c 0x00000000   Number         0  stm32f4xx_hal_dma_ex.o ABSOLUTE
    ../Drivers/STM32F4xx_HAL_Driver/Src/stm32f4xx_hal_flash.c 0x00000000   Number         0  stm32f4xx_hal_flash.o ABSOLUTE
    ../Drivers/STM32F4xx_HAL_Driver/Src/stm32f4xx_hal_flash_ex.c 0x00000000   Number         0  stm32f4xx_hal_flash_ex.o ABSOLUTE
    ../Drivers/STM32F4xx_HAL_Driver/Src/stm32f4xx_hal_flash_ramfunc.c 0x00000000   Number         0  stm32f4xx_hal_flash_ramfunc.o ABSOLUTE
    ../Drivers/STM32F4xx_HAL_Driver/Src/stm32f4xx_hal_gpio.c 0x00000000   Number         0  stm32f4xx_hal_gpio.o ABSOLUTE
    ../Drivers/STM32F4xx_HAL_Driver/Src/stm32f4xx_hal_pwr.c 0x00000000   Number         0  stm32f4xx_hal_pwr.o ABSOLUTE
    ../Drivers/STM32F4xx_HAL_Driver/Src/stm32f4xx_hal_pwr_ex.c 0x00000000   Number         0  stm32f4xx_hal_pwr_ex.o ABSOLUTE
    ../Drivers/STM32F4xx_HAL_Driver/Src/stm32f4xx_hal_rcc.c 0x00000000   Number         0  stm32f4xx_hal_rcc.o ABSOLUTE
    ../Drivers/STM32F4xx_HAL_Driver/Src/stm32f4xx_hal_rcc_ex.c 0x00000000   Number         0  stm32f4xx_hal_rcc_ex.o ABSOLUTE
    ../Drivers/STM32F4xx_HAL_Driver/Src/stm32f4xx_hal_spi.c 0x00000000   Number         0  stm32f4xx_hal_spi.o ABSOLUTE
    ../Drivers/STM32F4xx_HAL_Driver/Src/stm32f4xx_hal_tim.c 0x00000000   Number         0  stm32f4xx_hal_tim.o ABSOLUTE
    ../Drivers/STM32F4xx_HAL_Driver/Src/stm32f4xx_hal_tim_ex.c 0x00000000   Number         0  stm32f4xx_hal_tim_ex.o ABSOLUTE
    ../Drivers/STM32F4xx_HAL_Driver/Src/stm32f4xx_hal_uart.c 0x00000000   Number         0  stm32f4xx_hal_uart.o ABSOLUTE
    ../Src/dma.c                             0x00000000   Number         0  dma.o ABSOLUTE
    ../Src/gpio.c                            0x00000000   Number         0  gpio.o ABSOLUTE
    ../Src/main.c                            0x00000000   Number         0  main.o ABSOLUTE
    ../Src/spi.c                             0x00000000   Number         0  spi.o ABSOLUTE
    ../Src/stm32f4xx_hal_msp.c               0x00000000   Number         0  stm32f4xx_hal_msp.o ABSOLUTE
    ../Src/stm32f4xx_it.c                    0x00000000   Number         0  stm32f4xx_it.o ABSOLUTE
    ../Src/system_stm32f4xx.c                0x00000000   Number         0  system_stm32f4xx.o ABSOLUTE
    ../Src/usart.c                           0x00000000   Number         0  usart.o ABSOLUTE
    ../clib/microlib/division.c              0x00000000   Number         0  uldiv.o ABSOLUTE
    ../clib/microlib/division.c              0x00000000   Number         0  uidiv.o ABSOLUTE
    ../clib/microlib/init/entry.s            0x00000000   Number         0  entry10b.o ABSOLUTE
    ../clib/microlib/init/entry.s            0x00000000   Number         0  entry10a.o ABSOLUTE
    ../clib/microlib/init/entry.s            0x00000000   Number         0  entry7b.o ABSOLUTE
    ../clib/microlib/init/entry.s            0x00000000   Number         0  entry9b.o ABSOLUTE
    ../clib/microlib/init/entry.s            0x00000000   Number         0  entry11a.o ABSOLUTE
    ../clib/microlib/init/entry.s            0x00000000   Number         0  entry9a.o ABSOLUTE
    ../clib/microlib/init/entry.s            0x00000000   Number         0  entry8a.o ABSOLUTE
    ../clib/microlib/init/entry.s            0x00000000   Number         0  entry7a.o ABSOLUTE
    ../clib/microlib/init/entry.s            0x00000000   Number         0  entry11b.o ABSOLUTE
    ../clib/microlib/init/entry.s            0x00000000   Number         0  entry.o ABSOLUTE
    ../clib/microlib/init/entry.s            0x00000000   Number         0  entry8b.o ABSOLUTE
    ../clib/microlib/init/entry.s            0x00000000   Number         0  entry2.o ABSOLUTE
    ../clib/microlib/init/entry.s            0x00000000   Number         0  entry5.o ABSOLUTE
    ../clib/microlib/longlong.c              0x00000000   Number         0  llshl.o ABSOLUTE
    ../clib/microlib/longlong.c              0x00000000   Number         0  llushr.o ABSOLUTE
    ../clib/microlib/longlong.c              0x00000000   Number         0  llsshr.o ABSOLUTE
    ../clib/microlib/printf/printf.c         0x00000000   Number         0  printf5.o ABSOLUTE
    ../clib/microlib/printf/printf.c         0x00000000   Number         0  printf3.o ABSOLUTE
    ../clib/microlib/printf/printf.c         0x00000000   Number         0  printf2.o ABSOLUTE
    ../clib/microlib/printf/printf.c         0x00000000   Number         0  printfa.o ABSOLUTE
    ../clib/microlib/printf/printf.c         0x00000000   Number         0  printf1.o ABSOLUTE
    ../clib/microlib/printf/printf.c         0x00000000   Number         0  printf0.o ABSOLUTE
    ../clib/microlib/printf/printf.c         0x00000000   Number         0  printfb.o ABSOLUTE
    ../clib/microlib/printf/printf.c         0x00000000   Number         0  printf6.o ABSOLUTE
    ../clib/microlib/printf/printf.c         0x00000000   Number         0  printf7.o ABSOLUTE
    ../clib/microlib/printf/printf.c         0x00000000   Number         0  printf8.o ABSOLUTE
    ../clib/microlib/printf/printf.c         0x00000000   Number         0  printf4.o ABSOLUTE
    ../clib/microlib/printf/stubs.s          0x00000000   Number         0  stubs.o ABSOLUTE
    ../clib/microlib/stdio/streams.c         0x00000000   Number         0  stdout.o ABSOLUTE
    ../clib/microlib/stubs.s                 0x00000000   Number         0  iusefp.o ABSOLUTE
    ../fplib/microlib/d2f.c                  0x00000000   Number         0  d2f.o ABSOLUTE
    ../fplib/microlib/f2d.c                  0x00000000   Number         0  f2d.o ABSOLUTE
    ../fplib/microlib/fpadd.c                0x00000000   Number         0  dadd.o ABSOLUTE
    ../fplib/microlib/fpdiv.c                0x00000000   Number         0  ddiv.o ABSOLUTE
    ../fplib/microlib/fpepilogue.c           0x00000000   Number         0  fepilogue.o ABSOLUTE
    ../fplib/microlib/fpepilogue.c           0x00000000   Number         0  depilogue.o ABSOLUTE
    ../fplib/microlib/fpfix.c                0x00000000   Number         0  dfixul.o ABSOLUTE
    ../fplib/microlib/fpflt.c                0x00000000   Number         0  dfltui.o ABSOLUTE
    ../fplib/microlib/fpmul.c                0x00000000   Number         0  dmul.o ABSOLUTE
    ../mathlib/fabs.c                        0x00000000   Number         0  fabs.o ABSOLUTE
    ..\Drivers\STM32F4xx_HAL_Driver\Src\stm32f4xx_hal.c 0x00000000   Number         0  stm32f4xx_hal.o ABSOLUTE
    ..\Drivers\STM32F4xx_HAL_Driver\Src\stm32f4xx_hal_cortex.c 0x00000000   Number         0  stm32f4xx_hal_cortex.o ABSOLUTE
    ..\Drivers\STM32F4xx_HAL_Driver\Src\stm32f4xx_hal_dma.c 0x00000000   Number         0  stm32f4xx_hal_dma.o ABSOLUTE
    ..\Drivers\STM32F4xx_HAL_Driver\Src\stm32f4xx_hal_dma_ex.c 0x00000000   Number         0  stm32f4xx_hal_dma_ex.o ABSOLUTE
    ..\Drivers\STM32F4xx_HAL_Driver\Src\stm32f4xx_hal_flash.c 0x00000000   Number         0  stm32f4xx_hal_flash.o ABSOLUTE
    ..\Drivers\STM32F4xx_HAL_Driver\Src\stm32f4xx_hal_flash_ex.c 0x00000000   Number         0  stm32f4xx_hal_flash_ex.o ABSOLUTE
    ..\Drivers\STM32F4xx_HAL_Driver\Src\stm32f4xx_hal_flash_ramfunc.c 0x00000000   Number         0  stm32f4xx_hal_flash_ramfunc.o ABSOLUTE
    ..\Drivers\STM32F4xx_HAL_Driver\Src\stm32f4xx_hal_gpio.c 0x00000000   Number         0  stm32f4xx_hal_gpio.o ABSOLUTE
    ..\Drivers\STM32F4xx_HAL_Driver\Src\stm32f4xx_hal_pwr.c 0x00000000   Number         0  stm32f4xx_hal_pwr.o ABSOLUTE
    ..\Drivers\STM32F4xx_HAL_Driver\Src\stm32f4xx_hal_pwr_ex.c 0x00000000   Number         0  stm32f4xx_hal_pwr_ex.o ABSOLUTE
    ..\Drivers\STM32F4xx_HAL_Driver\Src\stm32f4xx_hal_rcc.c 0x00000000   Number         0  stm32f4xx_hal_rcc.o ABSOLUTE
    ..\Drivers\STM32F4xx_HAL_Driver\Src\stm32f4xx_hal_rcc_ex.c 0x00000000   Number         0  stm32f4xx_hal_rcc_ex.o ABSOLUTE
    ..\Drivers\STM32F4xx_HAL_Driver\Src\stm32f4xx_hal_spi.c 0x00000000   Number         0  stm32f4xx_hal_spi.o ABSOLUTE
    ..\Drivers\STM32F4xx_HAL_Driver\Src\stm32f4xx_hal_tim.c 0x00000000   Number         0  stm32f4xx_hal_tim.o ABSOLUTE
    ..\Drivers\STM32F4xx_HAL_Driver\Src\stm32f4xx_hal_tim_ex.c 0x00000000   Number         0  stm32f4xx_hal_tim_ex.o ABSOLUTE
    ..\Drivers\STM32F4xx_HAL_Driver\Src\stm32f4xx_hal_uart.c 0x00000000   Number         0  stm32f4xx_hal_uart.o ABSOLUTE
    ..\Src\dma.c                             0x00000000   Number         0  dma.o ABSOLUTE
    ..\Src\gpio.c                            0x00000000   Number         0  gpio.o ABSOLUTE
    ..\Src\main.c                            0x00000000   Number         0  main.o ABSOLUTE
    ..\Src\spi.c                             0x00000000   Number         0  spi.o ABSOLUTE
    ..\Src\stm32f4xx_hal_msp.c               0x00000000   Number         0  stm32f4xx_hal_msp.o ABSOLUTE
    ..\Src\stm32f4xx_it.c                    0x00000000   Number         0  stm32f4xx_it.o ABSOLUTE
    ..\Src\system_stm32f4xx.c                0x00000000   Number         0  system_stm32f4xx.o ABSOLUTE
    ..\Src\usart.c                           0x00000000   Number         0  usart.o ABSOLUTE
    ..\\config\\config.c                     0x00000000   Number         0  config.o ABSOLUTE
    ..\\config\\emg\\emg.c                   0x00000000   Number         0  emg.o ABSOLUTE
    ..\\config\\exit\\exti.c                 0x00000000   Number         0  exti.o ABSOLUTE
    ..\\config\\w25q128\\w25q128.c           0x00000000   Number         0  w25q128.o ABSOLUTE
    ..\config\config.c                       0x00000000   Number         0  config.o ABSOLUTE
    ..\config\emg\emg.c                      0x00000000   Number         0  emg.o ABSOLUTE
    ..\config\exit\exti.c                    0x00000000   Number         0  exti.o ABSOLUTE
    ..\config\w25q128\w25q128.c              0x00000000   Number         0  w25q128.o ABSOLUTE
    cdrcmple.s                               0x00000000   Number         0  cdrcmple.o ABSOLUTE
    dc.s                                     0x00000000   Number         0  dc.o ABSOLUTE
    handlers.s                               0x00000000   Number         0  handlers.o ABSOLUTE
    init.s                                   0x00000000   Number         0  init.o ABSOLUTE
    startup_stm32f407xx.s                    0x00000000   Number         0  startup_stm32f407xx.o ABSOLUTE
    RESET                                    0x08000000   Section      392  startup_stm32f407xx.o(RESET)
    .ARM.Collect$$$$00000000                 0x08000188   Section        0  entry.o(.ARM.Collect$$$$00000000)
    .ARM.Collect$$$$00000001                 0x08000188   Section        4  entry2.o(.ARM.Collect$$$$00000001)
    .ARM.Collect$$$$00000004                 0x0800018c   Section        4  entry5.o(.ARM.Collect$$$$00000004)
    .ARM.Collect$$$$00000008                 0x08000190   Section        0  entry7b.o(.ARM.Collect$$$$00000008)
    .ARM.Collect$$$$0000000A                 0x08000190   Section        0  entry8b.o(.ARM.Collect$$$$0000000A)
    .ARM.Collect$$$$0000000B                 0x08000190   Section        8  entry9a.o(.ARM.Collect$$$$0000000B)
    .ARM.Collect$$$$0000000D                 0x08000198   Section        0  entry10a.o(.ARM.Collect$$$$0000000D)
    .ARM.Collect$$$$0000000F                 0x08000198   Section        0  entry11a.o(.ARM.Collect$$$$0000000F)
    .ARM.Collect$$$$00002712                 0x08000198   Section        4  entry2.o(.ARM.Collect$$$$00002712)
    __lit__00000000                          0x08000198   Data           4  entry2.o(.ARM.Collect$$$$00002712)
    .text                                    0x0800019c   Section       36  startup_stm32f407xx.o(.text)
    $v0                                      0x0800019c   Number         0  startup_stm32f407xx.o(.text)
    .text                                    0x080001c0   Section        0  uldiv.o(.text)
    .text                                    0x08000222   Section        0  dadd.o(.text)
    .text                                    0x08000370   Section        0  dmul.o(.text)
    .text                                    0x08000454   Section        0  dfltui.o(.text)
    .text                                    0x0800046e   Section        0  f2d.o(.text)
    .text                                    0x08000494   Section       48  cdrcmple.o(.text)
    .text                                    0x080004c4   Section        0  d2f.o(.text)
    .text                                    0x080004fc   Section        0  uidiv.o(.text)
    .text                                    0x08000528   Section        0  llshl.o(.text)
    .text                                    0x08000546   Section        0  llushr.o(.text)
    .text                                    0x08000566   Section        0  llsshr.o(.text)
    .text                                    0x0800058a   Section        0  fepilogue.o(.text)
    .text                                    0x0800058a   Section        0  iusefp.o(.text)
    .text                                    0x080005f8   Section        0  depilogue.o(.text)
    .text                                    0x080006b2   Section        0  ddiv.o(.text)
    .text                                    0x08000790   Section        0  dfixul.o(.text)
    .text                                    0x080007c0   Section       36  init.o(.text)
    i.BusFault_Handler                       0x080007e4   Section        0  stm32f4xx_it.o(i.BusFault_Handler)
    i.DMA1_Stream1_IRQHandler                0x080007e8   Section        0  stm32f4xx_it.o(i.DMA1_Stream1_IRQHandler)
    i.DMA_CalcBaseAndBitshift                0x080007f4   Section        0  stm32f4xx_hal_dma.o(i.DMA_CalcBaseAndBitshift)
    DMA_CalcBaseAndBitshift                  0x080007f5   Thumb Code    34  stm32f4xx_hal_dma.o(i.DMA_CalcBaseAndBitshift)
    i.DMA_CheckFifoParam                     0x0800081c   Section        0  stm32f4xx_hal_dma.o(i.DMA_CheckFifoParam)
    DMA_CheckFifoParam                       0x0800081d   Thumb Code    84  stm32f4xx_hal_dma.o(i.DMA_CheckFifoParam)
    i.DMA_SetConfig                          0x08000870   Section        0  stm32f4xx_hal_dma.o(i.DMA_SetConfig)
    DMA_SetConfig                            0x08000871   Thumb Code    40  stm32f4xx_hal_dma.o(i.DMA_SetConfig)
    i.DebugMon_Handler                       0x08000898   Section        0  stm32f4xx_it.o(i.DebugMon_Handler)
    i.EXTI0_IRQHandler                       0x0800089a   Section        0  stm32f4xx_it.o(i.EXTI0_IRQHandler)
    i.EXTI1_IRQHandler                       0x080008a0   Section        0  stm32f4xx_it.o(i.EXTI1_IRQHandler)
    i.Filter                                 0x080008a8   Section        0  usart.o(i.Filter)
    i.HAL_DMA_Abort_IT                       0x080009bc   Section        0  stm32f4xx_hal_dma.o(i.HAL_DMA_Abort_IT)
    i.HAL_DMA_IRQHandler                     0x080009e0   Section        0  stm32f4xx_hal_dma.o(i.HAL_DMA_IRQHandler)
    i.HAL_DMA_Init                           0x08000b80   Section        0  stm32f4xx_hal_dma.o(i.HAL_DMA_Init)
    i.HAL_DMA_Start_IT                       0x08000c54   Section        0  stm32f4xx_hal_dma.o(i.HAL_DMA_Start_IT)
    i.HAL_Delay                              0x08000ccc   Section        0  stm32f4xx_hal.o(i.HAL_Delay)
    i.HAL_GPIO_EXTI_Callback                 0x08000ce8   Section        0  exti.o(i.HAL_GPIO_EXTI_Callback)
    i.HAL_GPIO_EXTI_IRQHandler               0x08000d78   Section        0  stm32f4xx_hal_gpio.o(i.HAL_GPIO_EXTI_IRQHandler)
    i.HAL_GPIO_Init                          0x08000d90   Section        0  stm32f4xx_hal_gpio.o(i.HAL_GPIO_Init)
    i.HAL_GPIO_ReadPin                       0x08000f40   Section        0  stm32f4xx_hal_gpio.o(i.HAL_GPIO_ReadPin)
    i.HAL_GPIO_WritePin                      0x08000f4a   Section        0  stm32f4xx_hal_gpio.o(i.HAL_GPIO_WritePin)
    i.HAL_GetTick                            0x08000f54   Section        0  stm32f4xx_hal.o(i.HAL_GetTick)
    i.HAL_IncTick                            0x08000f60   Section        0  stm32f4xx_hal.o(i.HAL_IncTick)
    i.HAL_Init                               0x08000f70   Section        0  stm32f4xx_hal.o(i.HAL_Init)
    i.HAL_InitTick                           0x08000fa4   Section        0  stm32f4xx_hal.o(i.HAL_InitTick)
    i.HAL_MspInit                            0x08000fcc   Section        0  stm32f4xx_hal_msp.o(i.HAL_MspInit)
    i.HAL_NVIC_EnableIRQ                     0x08001024   Section        0  stm32f4xx_hal_cortex.o(i.HAL_NVIC_EnableIRQ)
    i.HAL_NVIC_SetPriority                   0x0800103c   Section        0  stm32f4xx_hal_cortex.o(i.HAL_NVIC_SetPriority)
    i.HAL_NVIC_SetPriorityGrouping           0x0800107c   Section        0  stm32f4xx_hal_cortex.o(i.HAL_NVIC_SetPriorityGrouping)
    i.HAL_RCC_CSSCallback                    0x080010a0   Section        0  stm32f4xx_hal_rcc.o(i.HAL_RCC_CSSCallback)
    i.HAL_RCC_ClockConfig                    0x080010a4   Section        0  stm32f4xx_hal_rcc.o(i.HAL_RCC_ClockConfig)
    i.HAL_RCC_EnableCSS                      0x080011d4   Section        0  stm32f4xx_hal_rcc.o(i.HAL_RCC_EnableCSS)
    i.HAL_RCC_GetHCLKFreq                    0x080011e0   Section        0  stm32f4xx_hal_rcc.o(i.HAL_RCC_GetHCLKFreq)
    i.HAL_RCC_GetPCLK1Freq                   0x080011ec   Section        0  stm32f4xx_hal_rcc.o(i.HAL_RCC_GetPCLK1Freq)
    i.HAL_RCC_GetPCLK2Freq                   0x0800120c   Section        0  stm32f4xx_hal_rcc.o(i.HAL_RCC_GetPCLK2Freq)
    i.HAL_RCC_GetSysClockFreq                0x0800122c   Section        0  stm32f4xx_hal_rcc.o(i.HAL_RCC_GetSysClockFreq)
    i.HAL_RCC_NMI_IRQHandler                 0x0800128c   Section        0  stm32f4xx_hal_rcc.o(i.HAL_RCC_NMI_IRQHandler)
    i.HAL_RCC_OscConfig                      0x080012a8   Section        0  stm32f4xx_hal_rcc.o(i.HAL_RCC_OscConfig)
    i.HAL_SPI_Init                           0x08001598   Section        0  stm32f4xx_hal_spi.o(i.HAL_SPI_Init)
    i.HAL_SPI_MspInit                        0x08001618   Section        0  spi.o(i.HAL_SPI_MspInit)
    i.HAL_SPI_TransmitReceive                0x08001664   Section        0  stm32f4xx_hal_spi.o(i.HAL_SPI_TransmitReceive)
    i.HAL_SYSTICK_CLKSourceConfig            0x0800183c   Section        0  stm32f4xx_hal_cortex.o(i.HAL_SYSTICK_CLKSourceConfig)
    i.HAL_SYSTICK_Callback                   0x08001854   Section        0  stm32f4xx_hal_cortex.o(i.HAL_SYSTICK_Callback)
    i.HAL_SYSTICK_Config                     0x08001856   Section        0  stm32f4xx_hal_cortex.o(i.HAL_SYSTICK_Config)
    i.HAL_SYSTICK_IRQHandler                 0x0800187e   Section        0  stm32f4xx_hal_cortex.o(i.HAL_SYSTICK_IRQHandler)
    i.HAL_UART_ErrorCallback                 0x08001886   Section        0  stm32f4xx_hal_uart.o(i.HAL_UART_ErrorCallback)
    i.HAL_UART_IRQHandler                    0x08001888   Section        0  stm32f4xx_hal_uart.o(i.HAL_UART_IRQHandler)
    i.HAL_UART_Init                          0x08001998   Section        0  stm32f4xx_hal_uart.o(i.HAL_UART_Init)
    i.HAL_UART_MspInit                       0x080019fc   Section        0  usart.o(i.HAL_UART_MspInit)
    i.HAL_UART_Receive_DMA                   0x08001ad4   Section        0  stm32f4xx_hal_uart.o(i.HAL_UART_Receive_DMA)
    i.HAL_UART_RxCpltCallback                0x08001b6c   Section        0  usart.o(i.HAL_UART_RxCpltCallback)
    i.HAL_UART_RxHalfCpltCallback            0x08001b78   Section        0  stm32f4xx_hal_uart.o(i.HAL_UART_RxHalfCpltCallback)
    i.HAL_UART_Transmit                      0x08001b7a   Section        0  stm32f4xx_hal_uart.o(i.HAL_UART_Transmit)
    i.HAL_UART_TxCpltCallback                0x08001c34   Section        0  stm32f4xx_hal_uart.o(i.HAL_UART_TxCpltCallback)
    i.HardFault_Handler                      0x08001c36   Section        0  stm32f4xx_it.o(i.HardFault_Handler)
    i.LDA_predict                            0x08001c38   Section        0  emg.o(i.LDA_predict)
    i.LDA_train                              0x08001d00   Section        0  emg.o(i.LDA_train)
    i.MX_DMA_Init                            0x080020d4   Section        0  dma.o(i.MX_DMA_Init)
    i.MX_GPIO_Init                           0x08002100   Section        0  gpio.o(i.MX_GPIO_Init)
    i.MX_SPI1_Init                           0x0800221c   Section        0  spi.o(i.MX_SPI1_Init)
    i.MX_USART1_UART_Init                    0x08002278   Section        0  usart.o(i.MX_USART1_UART_Init)
    i.MX_USART3_UART_Init                    0x080022c4   Section        0  usart.o(i.MX_USART3_UART_Init)
    i.MemManage_Handler                      0x08002310   Section        0  stm32f4xx_it.o(i.MemManage_Handler)
    i.NMI_Handler                            0x08002312   Section        0  stm32f4xx_it.o(i.NMI_Handler)
    i.NVIC_SetPriority                       0x08002316   Section        0  stm32f4xx_hal_cortex.o(i.NVIC_SetPriority)
    NVIC_SetPriority                         0x08002317   Thumb Code    32  stm32f4xx_hal_cortex.o(i.NVIC_SetPriority)
    i.PendSV_Handler                         0x08002336   Section        0  stm32f4xx_it.o(i.PendSV_Handler)
    i.SPI_CheckFlag_BSY                      0x08002338   Section        0  stm32f4xx_hal_spi.o(i.SPI_CheckFlag_BSY)
    SPI_CheckFlag_BSY                        0x08002339   Thumb Code    32  stm32f4xx_hal_spi.o(i.SPI_CheckFlag_BSY)
    i.SPI_FLASH_BufferRead                   0x08002358   Section        0  w25q128.o(i.SPI_FLASH_BufferRead)
    i.SPI_FLASH_BufferWrite                  0x080023b0   Section        0  w25q128.o(i.SPI_FLASH_BufferWrite)
    i.SPI_FLASH_PageWrite                    0x0800246c   Section        0  w25q128.o(i.SPI_FLASH_PageWrite)
    i.SPI_FLASH_ReadDeviceID                 0x080024d0   Section        0  w25q128.o(i.SPI_FLASH_ReadDeviceID)
    i.SPI_FLASH_ReadID                       0x08002510   Section        0  w25q128.o(i.SPI_FLASH_ReadID)
    i.SPI_FLASH_SectorErase                  0x08002558   Section        0  w25q128.o(i.SPI_FLASH_SectorErase)
    i.SPI_FLASH_SendByte                     0x080025a4   Section        0  w25q128.o(i.SPI_FLASH_SendByte)
    i.SPI_FLASH_WaitForWriteEnd              0x080025d0   Section        0  w25q128.o(i.SPI_FLASH_WaitForWriteEnd)
    i.SPI_FLASH_WriteEnable                  0x08002600   Section        0  w25q128.o(i.SPI_FLASH_WriteEnable)
    i.SPI_WaitFlagStateUntilTimeout          0x08002628   Section        0  stm32f4xx_hal_spi.o(i.SPI_WaitFlagStateUntilTimeout)
    SPI_WaitFlagStateUntilTimeout            0x08002629   Thumb Code   150  stm32f4xx_hal_spi.o(i.SPI_WaitFlagStateUntilTimeout)
    i.SVC_Handler                            0x080026be   Section        0  stm32f4xx_it.o(i.SVC_Handler)
    i.SetData                                0x080026c0   Section        0  usart.o(i.SetData)
    i.SysTick_Handler                        0x080027cc   Section        0  stm32f4xx_it.o(i.SysTick_Handler)
    i.SystemClock_Config                     0x080027dc   Section        0  main.o(i.SystemClock_Config)
    i.SystemInit                             0x08002880   Section        0  system_stm32f4xx.o(i.SystemInit)
    i.UART_DMAAbortOnError                   0x080028d4   Section        0  stm32f4xx_hal_uart.o(i.UART_DMAAbortOnError)
    UART_DMAAbortOnError                     0x080028d5   Thumb Code    16  stm32f4xx_hal_uart.o(i.UART_DMAAbortOnError)
    i.UART_DMAError                          0x080028e4   Section        0  stm32f4xx_hal_uart.o(i.UART_DMAError)
    UART_DMAError                            0x080028e5   Thumb Code    74  stm32f4xx_hal_uart.o(i.UART_DMAError)
    i.UART_DMAReceiveCplt                    0x0800292e   Section        0  stm32f4xx_hal_uart.o(i.UART_DMAReceiveCplt)
    UART_DMAReceiveCplt                      0x0800292f   Thumb Code    60  stm32f4xx_hal_uart.o(i.UART_DMAReceiveCplt)
    i.UART_DMARxHalfCplt                     0x0800296a   Section        0  stm32f4xx_hal_uart.o(i.UART_DMARxHalfCplt)
    UART_DMARxHalfCplt                       0x0800296b   Thumb Code    10  stm32f4xx_hal_uart.o(i.UART_DMARxHalfCplt)
    i.UART_EndRxTransfer                     0x08002974   Section        0  stm32f4xx_hal_uart.o(i.UART_EndRxTransfer)
    UART_EndRxTransfer                       0x08002975   Thumb Code    28  stm32f4xx_hal_uart.o(i.UART_EndRxTransfer)
    i.UART_EndTxTransfer                     0x08002990   Section        0  stm32f4xx_hal_uart.o(i.UART_EndTxTransfer)
    UART_EndTxTransfer                       0x08002991   Thumb Code    18  stm32f4xx_hal_uart.o(i.UART_EndTxTransfer)
    i.UART_Receive_IT                        0x080029a2   Section        0  stm32f4xx_hal_uart.o(i.UART_Receive_IT)
    UART_Receive_IT                          0x080029a3   Thumb Code   140  stm32f4xx_hal_uart.o(i.UART_Receive_IT)
    i.UART_SetConfig                         0x08002a30   Section        0  stm32f4xx_hal_uart.o(i.UART_SetConfig)
    UART_SetConfig                           0x08002a31   Thumb Code   676  stm32f4xx_hal_uart.o(i.UART_SetConfig)
    i.UART_Transmit_IT                       0x08002cdc   Section        0  stm32f4xx_hal_uart.o(i.UART_Transmit_IT)
    UART_Transmit_IT                         0x08002cdd   Thumb Code    98  stm32f4xx_hal_uart.o(i.UART_Transmit_IT)
    i.UART_WaitOnFlagUntilTimeout            0x08002d3e   Section        0  stm32f4xx_hal_uart.o(i.UART_WaitOnFlagUntilTimeout)
    UART_WaitOnFlagUntilTimeout              0x08002d3f   Thumb Code   100  stm32f4xx_hal_uart.o(i.UART_WaitOnFlagUntilTimeout)
    i.USART3_IRQHandler                      0x08002da4   Section        0  stm32f4xx_it.o(i.USART3_IRQHandler)
    i.UsageFault_Handler                     0x08002db0   Section        0  stm32f4xx_it.o(i.UsageFault_Handler)
    i._Error_Handler                         0x08002db2   Section        0  main.o(i._Error_Handler)
    i.__0printf                              0x08002db4   Section        0  printfa.o(i.__0printf)
    i.__hardfp_fabs                          0x08002dd4   Section        0  fabs.o(i.__hardfp_fabs)
    i.__scatterload_copy                     0x08002de8   Section       14  handlers.o(i.__scatterload_copy)
    i.__scatterload_null                     0x08002df6   Section        2  handlers.o(i.__scatterload_null)
    i.__scatterload_zeroinit                 0x08002df8   Section       14  handlers.o(i.__scatterload_zeroinit)
    i._fp_digits                             0x08002e08   Section        0  printfa.o(i._fp_digits)
    _fp_digits                               0x08002e09   Thumb Code   366  printfa.o(i._fp_digits)
    i._printf_core                           0x08002f8c   Section        0  printfa.o(i._printf_core)
    _printf_core                             0x08002f8d   Thumb Code  1744  printfa.o(i._printf_core)
    i._printf_post_padding                   0x08003668   Section        0  printfa.o(i._printf_post_padding)
    _printf_post_padding                     0x08003669   Thumb Code    36  printfa.o(i._printf_post_padding)
    i._printf_pre_padding                    0x0800368c   Section        0  printfa.o(i._printf_pre_padding)
    _printf_pre_padding                      0x0800368d   Thumb Code    46  printfa.o(i._printf_pre_padding)
    i.deal_with_recv_buff                    0x080036bc   Section        0  usart.o(i.deal_with_recv_buff)
    i.decode                                 0x080038a4   Section        0  usart.o(i.decode)
    i.feature_extraction                     0x080038b8   Section        0  emg.o(i.feature_extraction)
    i.fputc                                  0x08003a90   Section        0  usart.o(i.fputc)
    i.initiate_filter                        0x08003aa8   Section        0  usart.o(i.initiate_filter)
    i.main                                   0x08003b6c   Section        0  main.o(i.main)
    i.qiuni                                  0x0800411c   Section        0  emg.o(i.qiuni)
    .constdata                               0x08004388   Section       16  system_stm32f4xx.o(.constdata)
    .constdata                               0x08004398   Section        8  system_stm32f4xx.o(.constdata)
    .constdata                               0x080043a0   Section        8  stm32f4xx_hal_dma.o(.constdata)
    flagBitshiftOffset                       0x080043a0   Data           8  stm32f4xx_hal_dma.o(.constdata)
    .data                                    0x10000000   Section       18  usart.o(.data)
    .data                                    0x10000014   Section       12  main.o(.data)
    .data                                    0x10000020   Section        4  system_stm32f4xx.o(.data)
    .data                                    0x10000024   Section        4  stm32f4xx_hal.o(.data)
    .data                                    0x10000028   Section        4  config.o(.data)
    .data                                    0x1000002c   Section        1  config.o(.data)
    .data                                    0x1000002e   Section        2  config.o(.data)
    .data                                    0x10000030   Section       20  config.o(.data)
    .data                                    0x10000044   Section       12  config.o(.data)
    .data                                    0x10000050   Section        2  exti.o(.data)
    .data                                    0x10000052   Section       12  emg.o(.data)
    .data                                    0x10000060   Section        4  stdout.o(.data)
    .bss                                     0x10000064   Section       88  spi.o(.bss)
    .bss                                     0x100000bc   Section    31488  emg.o(.bss)
    STACK                                    0x10007bc0   Section     1024  startup_stm32f407xx.o(STACK)
    .bss                                     0x20000000   Section    42728  usart.o(.bss)
    .bss                                     0x2000a6e8   Section     3440  main.o(.bss)
    .bss                                     0x2000b458   Section    52480  emg.o(.bss)

    Global Symbols

    Symbol Name                              Value     Ov Type        Size  Object(Section)

    BuildAttributes$$THM_ISAv4$E$P$D$K$B$S$7EM$VFPi3$EXTD16$VFPS$VFMA$PE$A:L22UL41UL21$X:L11$S22US41US21$IEEE1$IW$USESV6$~STKCKD$USESV7$~SHL$OTIME$ROPI$IEEEJ$EBA8$MICROLIB$REQ8$PRES8$EABIv2 0x00000000   Number         0  anon$$obj.o ABSOLUTE
    __ARM_use_no_argv                        0x00000000   Number         0  main.o ABSOLUTE
    _printf_a                                0x00000000   Number         0  stubs.o ABSOLUTE
    _printf_c                                0x00000000   Number         0  stubs.o ABSOLUTE
    _printf_charcount                        0x00000000   Number         0  stubs.o ABSOLUTE
    _printf_d                                0x00000000   Number         0  stubs.o ABSOLUTE
    _printf_e                                0x00000000   Number         0  stubs.o ABSOLUTE
    _printf_f                                0x00000000   Number         0  stubs.o ABSOLUTE
    _printf_flags                            0x00000000   Number         0  stubs.o ABSOLUTE
    _printf_fp_dec                           0x00000000   Number         0  stubs.o ABSOLUTE
    _printf_fp_hex                           0x00000000   Number         0  stubs.o ABSOLUTE
    _printf_g                                0x00000000   Number         0  stubs.o ABSOLUTE
    _printf_i                                0x00000000   Number         0  stubs.o ABSOLUTE
    _printf_int_dec                          0x00000000   Number         0  stubs.o ABSOLUTE
    _printf_l                                0x00000000   Number         0  stubs.o ABSOLUTE
    _printf_lc                               0x00000000   Number         0  stubs.o ABSOLUTE
    _printf_ll                               0x00000000   Number         0  stubs.o ABSOLUTE
    _printf_lld                              0x00000000   Number         0  stubs.o ABSOLUTE
    _printf_lli                              0x00000000   Number         0  stubs.o ABSOLUTE
    _printf_llo                              0x00000000   Number         0  stubs.o ABSOLUTE
    _printf_llu                              0x00000000   Number         0  stubs.o ABSOLUTE
    _printf_llx                              0x00000000   Number         0  stubs.o ABSOLUTE
    _printf_longlong_dec                     0x00000000   Number         0  stubs.o ABSOLUTE
    _printf_longlong_hex                     0x00000000   Number         0  stubs.o ABSOLUTE
    _printf_longlong_oct                     0x00000000   Number         0  stubs.o ABSOLUTE
    _printf_ls                               0x00000000   Number         0  stubs.o ABSOLUTE
    _printf_mbtowc                           0x00000000   Number         0  stubs.o ABSOLUTE
    _printf_n                                0x00000000   Number         0  stubs.o ABSOLUTE
    _printf_o                                0x00000000   Number         0  stubs.o ABSOLUTE
    _printf_p                                0x00000000   Number         0  stubs.o ABSOLUTE
    _printf_percent                          0x00000000   Number         0  stubs.o ABSOLUTE
    _printf_pre_padding                      0x00000000   Number         0  stubs.o ABSOLUTE
    _printf_return_value                     0x00000000   Number         0  stubs.o ABSOLUTE
    _printf_s                                0x00000000   Number         0  stubs.o ABSOLUTE
    _printf_sizespec                         0x00000000   Number         0  stubs.o ABSOLUTE
    _printf_str                              0x00000000   Number         0  stubs.o ABSOLUTE
    _printf_truncate_signed                  0x00000000   Number         0  stubs.o ABSOLUTE
    _printf_truncate_unsigned                0x00000000   Number         0  stubs.o ABSOLUTE
    _printf_u                                0x00000000   Number         0  stubs.o ABSOLUTE
    _printf_wc                               0x00000000   Number         0  stubs.o ABSOLUTE
    _printf_wctomb                           0x00000000   Number         0  stubs.o ABSOLUTE
    _printf_widthprec                        0x00000000   Number         0  stubs.o ABSOLUTE
    _printf_x                                0x00000000   Number         0  stubs.o ABSOLUTE
    __cpp_initialize__aeabi_                  - Undefined Weak Reference
    __cxa_finalize                            - Undefined Weak Reference
    __decompress                              - Undefined Weak Reference
    _clock_init                               - Undefined Weak Reference
    _microlib_exit                            - Undefined Weak Reference
    __Vectors_Size                           0x00000188   Number         0  startup_stm32f407xx.o ABSOLUTE
    __Vectors                                0x08000000   Data           4  startup_stm32f407xx.o(RESET)
    __Vectors_End                            0x08000188   Data           0  startup_stm32f407xx.o(RESET)
    __main                                   0x08000189   Thumb Code     0  entry.o(.ARM.Collect$$$$00000000)
    _main_stk                                0x08000189   Thumb Code     0  entry2.o(.ARM.Collect$$$$00000001)
    _main_scatterload                        0x0800018d   Thumb Code     0  entry5.o(.ARM.Collect$$$$00000004)
    __main_after_scatterload                 0x08000191   Thumb Code     0  entry5.o(.ARM.Collect$$$$00000004)
    _main_clock                              0x08000191   Thumb Code     0  entry7b.o(.ARM.Collect$$$$00000008)
    _main_cpp_init                           0x08000191   Thumb Code     0  entry8b.o(.ARM.Collect$$$$0000000A)
    _main_init                               0x08000191   Thumb Code     0  entry9a.o(.ARM.Collect$$$$0000000B)
    __rt_final_cpp                           0x08000199   Thumb Code     0  entry10a.o(.ARM.Collect$$$$0000000D)
    __rt_final_exit                          0x08000199   Thumb Code     0  entry11a.o(.ARM.Collect$$$$0000000F)
    Reset_Handler                            0x0800019d   Thumb Code     8  startup_stm32f407xx.o(.text)
    ADC_IRQHandler                           0x080001b7   Thumb Code     0  startup_stm32f407xx.o(.text)
    CAN1_RX0_IRQHandler                      0x080001b7   Thumb Code     0  startup_stm32f407xx.o(.text)
    CAN1_RX1_IRQHandler                      0x080001b7   Thumb Code     0  startup_stm32f407xx.o(.text)
    CAN1_SCE_IRQHandler                      0x080001b7   Thumb Code     0  startup_stm32f407xx.o(.text)
    CAN1_TX_IRQHandler                       0x080001b7   Thumb Code     0  startup_stm32f407xx.o(.text)
    CAN2_RX0_IRQHandler                      0x080001b7   Thumb Code     0  startup_stm32f407xx.o(.text)
    CAN2_RX1_IRQHandler                      0x080001b7   Thumb Code     0  startup_stm32f407xx.o(.text)
    CAN2_SCE_IRQHandler                      0x080001b7   Thumb Code     0  startup_stm32f407xx.o(.text)
    CAN2_TX_IRQHandler                       0x080001b7   Thumb Code     0  startup_stm32f407xx.o(.text)
    DCMI_IRQHandler                          0x080001b7   Thumb Code     0  startup_stm32f407xx.o(.text)
    DMA1_Stream0_IRQHandler                  0x080001b7   Thumb Code     0  startup_stm32f407xx.o(.text)
    DMA1_Stream2_IRQHandler                  0x080001b7   Thumb Code     0  startup_stm32f407xx.o(.text)
    DMA1_Stream3_IRQHandler                  0x080001b7   Thumb Code     0  startup_stm32f407xx.o(.text)
    DMA1_Stream4_IRQHandler                  0x080001b7   Thumb Code     0  startup_stm32f407xx.o(.text)
    DMA1_Stream5_IRQHandler                  0x080001b7   Thumb Code     0  startup_stm32f407xx.o(.text)
    DMA1_Stream6_IRQHandler                  0x080001b7   Thumb Code     0  startup_stm32f407xx.o(.text)
    DMA1_Stream7_IRQHandler                  0x080001b7   Thumb Code     0  startup_stm32f407xx.o(.text)
    DMA2_Stream0_IRQHandler                  0x080001b7   Thumb Code     0  startup_stm32f407xx.o(.text)
    DMA2_Stream1_IRQHandler                  0x080001b7   Thumb Code     0  startup_stm32f407xx.o(.text)
    DMA2_Stream2_IRQHandler                  0x080001b7   Thumb Code     0  startup_stm32f407xx.o(.text)
    DMA2_Stream3_IRQHandler                  0x080001b7   Thumb Code     0  startup_stm32f407xx.o(.text)
    DMA2_Stream4_IRQHandler                  0x080001b7   Thumb Code     0  startup_stm32f407xx.o(.text)
    DMA2_Stream5_IRQHandler                  0x080001b7   Thumb Code     0  startup_stm32f407xx.o(.text)
    DMA2_Stream6_IRQHandler                  0x080001b7   Thumb Code     0  startup_stm32f407xx.o(.text)
    DMA2_Stream7_IRQHandler                  0x080001b7   Thumb Code     0  startup_stm32f407xx.o(.text)
    ETH_IRQHandler                           0x080001b7   Thumb Code     0  startup_stm32f407xx.o(.text)
    ETH_WKUP_IRQHandler                      0x080001b7   Thumb Code     0  startup_stm32f407xx.o(.text)
    EXTI15_10_IRQHandler                     0x080001b7   Thumb Code     0  startup_stm32f407xx.o(.text)
    EXTI2_IRQHandler                         0x080001b7   Thumb Code     0  startup_stm32f407xx.o(.text)
    EXTI3_IRQHandler                         0x080001b7   Thumb Code     0  startup_stm32f407xx.o(.text)
    EXTI4_IRQHandler                         0x080001b7   Thumb Code     0  startup_stm32f407xx.o(.text)
    EXTI9_5_IRQHandler                       0x080001b7   Thumb Code     0  startup_stm32f407xx.o(.text)
    FLASH_IRQHandler                         0x080001b7   Thumb Code     0  startup_stm32f407xx.o(.text)
    FMC_IRQHandler                           0x080001b7   Thumb Code     0  startup_stm32f407xx.o(.text)
    FPU_IRQHandler                           0x080001b7   Thumb Code     0  startup_stm32f407xx.o(.text)
    HASH_RNG_IRQHandler                      0x080001b7   Thumb Code     0  startup_stm32f407xx.o(.text)
    I2C1_ER_IRQHandler                       0x080001b7   Thumb Code     0  startup_stm32f407xx.o(.text)
    I2C1_EV_IRQHandler                       0x080001b7   Thumb Code     0  startup_stm32f407xx.o(.text)
    I2C2_ER_IRQHandler                       0x080001b7   Thumb Code     0  startup_stm32f407xx.o(.text)
    I2C2_EV_IRQHandler                       0x080001b7   Thumb Code     0  startup_stm32f407xx.o(.text)
    I2C3_ER_IRQHandler                       0x080001b7   Thumb Code     0  startup_stm32f407xx.o(.text)
    I2C3_EV_IRQHandler                       0x080001b7   Thumb Code     0  startup_stm32f407xx.o(.text)
    OTG_FS_IRQHandler                        0x080001b7   Thumb Code     0  startup_stm32f407xx.o(.text)
    OTG_FS_WKUP_IRQHandler                   0x080001b7   Thumb Code     0  startup_stm32f407xx.o(.text)
    OTG_HS_EP1_IN_IRQHandler                 0x080001b7   Thumb Code     0  startup_stm32f407xx.o(.text)
    OTG_HS_EP1_OUT_IRQHandler                0x080001b7   Thumb Code     0  startup_stm32f407xx.o(.text)
    OTG_HS_IRQHandler                        0x080001b7   Thumb Code     0  startup_stm32f407xx.o(.text)
    OTG_HS_WKUP_IRQHandler                   0x080001b7   Thumb Code     0  startup_stm32f407xx.o(.text)
    PVD_IRQHandler                           0x080001b7   Thumb Code     0  startup_stm32f407xx.o(.text)
    RCC_IRQHandler                           0x080001b7   Thumb Code     0  startup_stm32f407xx.o(.text)
    RTC_Alarm_IRQHandler                     0x080001b7   Thumb Code     0  startup_stm32f407xx.o(.text)
    RTC_WKUP_IRQHandler                      0x080001b7   Thumb Code     0  startup_stm32f407xx.o(.text)
    SDIO_IRQHandler                          0x080001b7   Thumb Code     0  startup_stm32f407xx.o(.text)
    SPI1_IRQHandler                          0x080001b7   Thumb Code     0  startup_stm32f407xx.o(.text)
    SPI2_IRQHandler                          0x080001b7   Thumb Code     0  startup_stm32f407xx.o(.text)
    SPI3_IRQHandler                          0x080001b7   Thumb Code     0  startup_stm32f407xx.o(.text)
    TAMP_STAMP_IRQHandler                    0x080001b7   Thumb Code     0  startup_stm32f407xx.o(.text)
    TIM1_BRK_TIM9_IRQHandler                 0x080001b7   Thumb Code     0  startup_stm32f407xx.o(.text)
    TIM1_CC_IRQHandler                       0x080001b7   Thumb Code     0  startup_stm32f407xx.o(.text)
    TIM1_TRG_COM_TIM11_IRQHandler            0x080001b7   Thumb Code     0  startup_stm32f407xx.o(.text)
    TIM1_UP_TIM10_IRQHandler                 0x080001b7   Thumb Code     0  startup_stm32f407xx.o(.text)
    TIM2_IRQHandler                          0x080001b7   Thumb Code     0  startup_stm32f407xx.o(.text)
    TIM3_IRQHandler                          0x080001b7   Thumb Code     0  startup_stm32f407xx.o(.text)
    TIM4_IRQHandler                          0x080001b7   Thumb Code     0  startup_stm32f407xx.o(.text)
    TIM5_IRQHandler                          0x080001b7   Thumb Code     0  startup_stm32f407xx.o(.text)
    TIM6_DAC_IRQHandler                      0x080001b7   Thumb Code     0  startup_stm32f407xx.o(.text)
    TIM7_IRQHandler                          0x080001b7   Thumb Code     0  startup_stm32f407xx.o(.text)
    TIM8_BRK_TIM12_IRQHandler                0x080001b7   Thumb Code     0  startup_stm32f407xx.o(.text)
    TIM8_CC_IRQHandler                       0x080001b7   Thumb Code     0  startup_stm32f407xx.o(.text)
    TIM8_TRG_COM_TIM14_IRQHandler            0x080001b7   Thumb Code     0  startup_stm32f407xx.o(.text)
    TIM8_UP_TIM13_IRQHandler                 0x080001b7   Thumb Code     0  startup_stm32f407xx.o(.text)
    UART4_IRQHandler                         0x080001b7   Thumb Code     0  startup_stm32f407xx.o(.text)
    UART5_IRQHandler                         0x080001b7   Thumb Code     0  startup_stm32f407xx.o(.text)
    USART1_IRQHandler                        0x080001b7   Thumb Code     0  startup_stm32f407xx.o(.text)
    USART2_IRQHandler                        0x080001b7   Thumb Code     0  startup_stm32f407xx.o(.text)
    USART6_IRQHandler                        0x080001b7   Thumb Code     0  startup_stm32f407xx.o(.text)
    WWDG_IRQHandler                          0x080001b7   Thumb Code     0  startup_stm32f407xx.o(.text)
    __aeabi_uldivmod                         0x080001c1   Thumb Code    98  uldiv.o(.text)
    __aeabi_dadd                             0x08000223   Thumb Code   322  dadd.o(.text)
    __aeabi_dsub                             0x08000365   Thumb Code     6  dadd.o(.text)
    __aeabi_drsub                            0x0800036b   Thumb Code     6  dadd.o(.text)
    __aeabi_dmul                             0x08000371   Thumb Code   228  dmul.o(.text)
    __aeabi_ui2d                             0x08000455   Thumb Code    26  dfltui.o(.text)
    __aeabi_f2d                              0x0800046f   Thumb Code    38  f2d.o(.text)
    __aeabi_cdrcmple                         0x08000495   Thumb Code    48  cdrcmple.o(.text)
    __aeabi_d2f                              0x080004c5   Thumb Code    56  d2f.o(.text)
    __aeabi_uidiv                            0x080004fd   Thumb Code     0  uidiv.o(.text)
    __aeabi_uidivmod                         0x080004fd   Thumb Code    44  uidiv.o(.text)
    __aeabi_llsl                             0x08000529   Thumb Code    30  llshl.o(.text)
    _ll_shift_l                              0x08000529   Thumb Code     0  llshl.o(.text)
    __aeabi_llsr                             0x08000547   Thumb Code    32  llushr.o(.text)
    _ll_ushift_r                             0x08000547   Thumb Code     0  llushr.o(.text)
    __aeabi_lasr                             0x08000567   Thumb Code    36  llsshr.o(.text)
    _ll_sshift_r                             0x08000567   Thumb Code     0  llsshr.o(.text)
    __I$use$fp                               0x0800058b   Thumb Code     0  iusefp.o(.text)
    _float_round                             0x0800058b   Thumb Code    18  fepilogue.o(.text)
    _float_epilogue                          0x0800059d   Thumb Code    92  fepilogue.o(.text)
    _double_round                            0x080005f9   Thumb Code    30  depilogue.o(.text)
    _double_epilogue                         0x08000617   Thumb Code   156  depilogue.o(.text)
    __aeabi_ddiv                             0x080006b3   Thumb Code   222  ddiv.o(.text)
    __aeabi_d2ulz                            0x08000791   Thumb Code    48  dfixul.o(.text)
    __scatterload                            0x080007c1   Thumb Code    28  init.o(.text)
    __scatterload_rt2                        0x080007c1   Thumb Code     0  init.o(.text)
    BusFault_Handler                         0x080007e5   Thumb Code     2  stm32f4xx_it.o(i.BusFault_Handler)
    DMA1_Stream1_IRQHandler                  0x080007e9   Thumb Code     6  stm32f4xx_it.o(i.DMA1_Stream1_IRQHandler)
    DebugMon_Handler                         0x08000899   Thumb Code     2  stm32f4xx_it.o(i.DebugMon_Handler)
    EXTI0_IRQHandler                         0x0800089b   Thumb Code     6  stm32f4xx_it.o(i.EXTI0_IRQHandler)
    EXTI1_IRQHandler                         0x080008a1   Thumb Code     6  stm32f4xx_it.o(i.EXTI1_IRQHandler)
    Filter                                   0x080008a9   Thumb Code   254  usart.o(i.Filter)
    HAL_DMA_Abort_IT                         0x080009bd   Thumb Code    36  stm32f4xx_hal_dma.o(i.HAL_DMA_Abort_IT)
    HAL_DMA_IRQHandler                       0x080009e1   Thumb Code   412  stm32f4xx_hal_dma.o(i.HAL_DMA_IRQHandler)
    HAL_DMA_Init                             0x08000b81   Thumb Code   206  stm32f4xx_hal_dma.o(i.HAL_DMA_Init)
    HAL_DMA_Start_IT                         0x08000c55   Thumb Code   120  stm32f4xx_hal_dma.o(i.HAL_DMA_Start_IT)
    HAL_Delay                                0x08000ccd   Thumb Code    28  stm32f4xx_hal.o(i.HAL_Delay)
    HAL_GPIO_EXTI_Callback                   0x08000ce9   Thumb Code   114  exti.o(i.HAL_GPIO_EXTI_Callback)
    HAL_GPIO_EXTI_IRQHandler                 0x08000d79   Thumb Code    18  stm32f4xx_hal_gpio.o(i.HAL_GPIO_EXTI_IRQHandler)
    HAL_GPIO_Init                            0x08000d91   Thumb Code   388  stm32f4xx_hal_gpio.o(i.HAL_GPIO_Init)
    HAL_GPIO_ReadPin                         0x08000f41   Thumb Code    10  stm32f4xx_hal_gpio.o(i.HAL_GPIO_ReadPin)
    HAL_GPIO_WritePin                        0x08000f4b   Thumb Code    10  stm32f4xx_hal_gpio.o(i.HAL_GPIO_WritePin)
    HAL_GetTick                              0x08000f55   Thumb Code     6  stm32f4xx_hal.o(i.HAL_GetTick)
    HAL_IncTick                              0x08000f61   Thumb Code    10  stm32f4xx_hal.o(i.HAL_IncTick)
    HAL_Init                                 0x08000f71   Thumb Code    48  stm32f4xx_hal.o(i.HAL_Init)
    HAL_InitTick                             0x08000fa5   Thumb Code    34  stm32f4xx_hal.o(i.HAL_InitTick)
    HAL_MspInit                              0x08000fcd   Thumb Code    88  stm32f4xx_hal_msp.o(i.HAL_MspInit)
    HAL_NVIC_EnableIRQ                       0x08001025   Thumb Code    22  stm32f4xx_hal_cortex.o(i.HAL_NVIC_EnableIRQ)
    HAL_NVIC_SetPriority                     0x0800103d   Thumb Code    60  stm32f4xx_hal_cortex.o(i.HAL_NVIC_SetPriority)
    HAL_NVIC_SetPriorityGrouping             0x0800107d   Thumb Code    26  stm32f4xx_hal_cortex.o(i.HAL_NVIC_SetPriorityGrouping)
    HAL_RCC_CSSCallback                      0x080010a1   Thumb Code     2  stm32f4xx_hal_rcc.o(i.HAL_RCC_CSSCallback)
    HAL_RCC_ClockConfig                      0x080010a5   Thumb Code   286  stm32f4xx_hal_rcc.o(i.HAL_RCC_ClockConfig)
    HAL_RCC_EnableCSS                        0x080011d5   Thumb Code     8  stm32f4xx_hal_rcc.o(i.HAL_RCC_EnableCSS)
    HAL_RCC_GetHCLKFreq                      0x080011e1   Thumb Code     6  stm32f4xx_hal_rcc.o(i.HAL_RCC_GetHCLKFreq)
    HAL_RCC_GetPCLK1Freq                     0x080011ed   Thumb Code    20  stm32f4xx_hal_rcc.o(i.HAL_RCC_GetPCLK1Freq)
    HAL_RCC_GetPCLK2Freq                     0x0800120d   Thumb Code    20  stm32f4xx_hal_rcc.o(i.HAL_RCC_GetPCLK2Freq)
    HAL_RCC_GetSysClockFreq                  0x0800122d   Thumb Code    88  stm32f4xx_hal_rcc.o(i.HAL_RCC_GetSysClockFreq)
    HAL_RCC_NMI_IRQHandler                   0x0800128d   Thumb Code    24  stm32f4xx_hal_rcc.o(i.HAL_RCC_NMI_IRQHandler)
    HAL_RCC_OscConfig                        0x080012a9   Thumb Code   730  stm32f4xx_hal_rcc.o(i.HAL_RCC_OscConfig)
    HAL_SPI_Init                             0x08001599   Thumb Code   128  stm32f4xx_hal_spi.o(i.HAL_SPI_Init)
    HAL_SPI_MspInit                          0x08001619   Thumb Code    62  spi.o(i.HAL_SPI_MspInit)
    HAL_SPI_TransmitReceive                  0x08001665   Thumb Code   472  stm32f4xx_hal_spi.o(i.HAL_SPI_TransmitReceive)
    HAL_SYSTICK_CLKSourceConfig              0x0800183d   Thumb Code    24  stm32f4xx_hal_cortex.o(i.HAL_SYSTICK_CLKSourceConfig)
    HAL_SYSTICK_Callback                     0x08001855   Thumb Code     2  stm32f4xx_hal_cortex.o(i.HAL_SYSTICK_Callback)
    HAL_SYSTICK_Config                       0x08001857   Thumb Code    40  stm32f4xx_hal_cortex.o(i.HAL_SYSTICK_Config)
    HAL_SYSTICK_IRQHandler                   0x0800187f   Thumb Code     8  stm32f4xx_hal_cortex.o(i.HAL_SYSTICK_IRQHandler)
    HAL_UART_ErrorCallback                   0x08001887   Thumb Code     2  stm32f4xx_hal_uart.o(i.HAL_UART_ErrorCallback)
    HAL_UART_IRQHandler                      0x08001889   Thumb Code   266  stm32f4xx_hal_uart.o(i.HAL_UART_IRQHandler)
    HAL_UART_Init                            0x08001999   Thumb Code    98  stm32f4xx_hal_uart.o(i.HAL_UART_Init)
    HAL_UART_MspInit                         0x080019fd   Thumb Code   172  usart.o(i.HAL_UART_MspInit)
    HAL_UART_Receive_DMA                     0x08001ad5   Thumb Code   138  stm32f4xx_hal_uart.o(i.HAL_UART_Receive_DMA)
    HAL_UART_RxCpltCallback                  0x08001b6d   Thumb Code     8  usart.o(i.HAL_UART_RxCpltCallback)
    HAL_UART_RxHalfCpltCallback              0x08001b79   Thumb Code     2  stm32f4xx_hal_uart.o(i.HAL_UART_RxHalfCpltCallback)
    HAL_UART_Transmit                        0x08001b7b   Thumb Code   186  stm32f4xx_hal_uart.o(i.HAL_UART_Transmit)
    HAL_UART_TxCpltCallback                  0x08001c35   Thumb Code     2  stm32f4xx_hal_uart.o(i.HAL_UART_TxCpltCallback)
    HardFault_Handler                        0x08001c37   Thumb Code     2  stm32f4xx_it.o(i.HardFault_Handler)
    LDA_predict                              0x08001c39   Thumb Code   184  emg.o(i.LDA_predict)
    LDA_train                                0x08001d01   Thumb Code   928  emg.o(i.LDA_train)
    MX_DMA_Init                              0x080020d5   Thumb Code    40  dma.o(i.MX_DMA_Init)
    MX_GPIO_Init                             0x08002101   Thumb Code   258  gpio.o(i.MX_GPIO_Init)
    MX_SPI1_Init                             0x0800221d   Thumb Code    68  spi.o(i.MX_SPI1_Init)
    MX_USART1_UART_Init                      0x08002279   Thumb Code    52  usart.o(i.MX_USART1_UART_Init)
    MX_USART3_UART_Init                      0x080022c5   Thumb Code    52  usart.o(i.MX_USART3_UART_Init)
    MemManage_Handler                        0x08002311   Thumb Code     2  stm32f4xx_it.o(i.MemManage_Handler)
    NMI_Handler                              0x08002313   Thumb Code     4  stm32f4xx_it.o(i.NMI_Handler)
    PendSV_Handler                           0x08002337   Thumb Code     2  stm32f4xx_it.o(i.PendSV_Handler)
    SPI_FLASH_BufferRead                     0x08002359   Thumb Code    82  w25q128.o(i.SPI_FLASH_BufferRead)
    SPI_FLASH_BufferWrite                    0x080023b1   Thumb Code   188  w25q128.o(i.SPI_FLASH_BufferWrite)
    SPI_FLASH_PageWrite                      0x0800246d   Thumb Code    94  w25q128.o(i.SPI_FLASH_PageWrite)
    SPI_FLASH_ReadDeviceID                   0x080024d1   Thumb Code    60  w25q128.o(i.SPI_FLASH_ReadDeviceID)
    SPI_FLASH_ReadID                         0x08002511   Thumb Code    68  w25q128.o(i.SPI_FLASH_ReadID)
    SPI_FLASH_SectorErase                    0x08002559   Thumb Code    70  w25q128.o(i.SPI_FLASH_SectorErase)
    SPI_FLASH_SendByte                       0x080025a5   Thumb Code    38  w25q128.o(i.SPI_FLASH_SendByte)
    SPI_FLASH_WaitForWriteEnd                0x080025d1   Thumb Code    44  w25q128.o(i.SPI_FLASH_WaitForWriteEnd)
    SPI_FLASH_WriteEnable                    0x08002601   Thumb Code    34  w25q128.o(i.SPI_FLASH_WriteEnable)
    SVC_Handler                              0x080026bf   Thumb Code     2  stm32f4xx_it.o(i.SVC_Handler)
    SetData                                  0x080026c1   Thumb Code   242  usart.o(i.SetData)
    SysTick_Handler                          0x080027cd   Thumb Code    14  stm32f4xx_it.o(i.SysTick_Handler)
    SystemClock_Config                       0x080027dd   Thumb Code   156  main.o(i.SystemClock_Config)
    SystemInit                               0x08002881   Thumb Code    66  system_stm32f4xx.o(i.SystemInit)
    USART3_IRQHandler                        0x08002da5   Thumb Code     6  stm32f4xx_it.o(i.USART3_IRQHandler)
    UsageFault_Handler                       0x08002db1   Thumb Code     2  stm32f4xx_it.o(i.UsageFault_Handler)
    _Error_Handler                           0x08002db3   Thumb Code     2  main.o(i._Error_Handler)
    __0printf                                0x08002db5   Thumb Code    22  printfa.o(i.__0printf)
    __1printf                                0x08002db5   Thumb Code     0  printfa.o(i.__0printf)
    __2printf                                0x08002db5   Thumb Code     0  printfa.o(i.__0printf)
    __c89printf                              0x08002db5   Thumb Code     0  printfa.o(i.__0printf)
    printf                                   0x08002db5   Thumb Code     0  printfa.o(i.__0printf)
    __hardfp_fabs                            0x08002dd5   Thumb Code    20  fabs.o(i.__hardfp_fabs)
    __scatterload_copy                       0x08002de9   Thumb Code    14  handlers.o(i.__scatterload_copy)
    __scatterload_null                       0x08002df7   Thumb Code     2  handlers.o(i.__scatterload_null)
    __scatterload_zeroinit                   0x08002df9   Thumb Code    14  handlers.o(i.__scatterload_zeroinit)
    deal_with_recv_buff                      0x080036bd   Thumb Code   476  usart.o(i.deal_with_recv_buff)
    decode                                   0x080038a5   Thumb Code    20  usart.o(i.decode)
    feature_extraction                       0x080038b9   Thumb Code   444  emg.o(i.feature_extraction)
    fputc                                    0x08003a91   Thumb Code    20  usart.o(i.fputc)
    initiate_filter                          0x08003aa9   Thumb Code   142  usart.o(i.initiate_filter)
    main                                     0x08003b6d   Thumb Code  1448  main.o(i.main)
    qiuni                                    0x0800411d   Thumb Code   598  emg.o(i.qiuni)
    AHBPrescTable                            0x08004388   Data          16  system_stm32f4xx.o(.constdata)
    APBPrescTable                            0x08004398   Data           8  system_stm32f4xx.o(.constdata)
    Region$$Table$$Base                      0x080043a8   Number         0  anon$$obj.o(Region$$Table)
    Region$$Table$$Limit                     0x080043d8   Number         0  anon$$obj.o(Region$$Table)
    DMA_recv_complete_flag                   0x10000000   Data           1  usart.o(.data)
    data_cnt_state                           0x10000001   Data           1  usart.o(.data)
    data_cnt_max                             0x10000002   Data           1  usart.o(.data)
    data_cnt_count                           0x10000003   Data           1  usart.o(.data)
    data_full_flag                           0x10000004   Data           1  usart.o(.data)
    first_flag                               0x10000005   Data           1  usart.o(.data)
    kill_flag                                0x10000006   Data           1  usart.o(.data)
    filter_n                                 0x10000007   Data           1  usart.o(.data)
    filter_index                             0x10000008   Data           1  usart.o(.data)
    recv_buff_index                          0x1000000a   Data           2  usart.o(.data)
    data_cnt_check                           0x1000000c   Data           2  usart.o(.data)
    data_index                               0x1000000e   Data           2  usart.o(.data)
    count_temp                               0x10000010   Data           2  usart.o(.data)
    motiondetect                             0x10000014   Data           1  main.o(.data)
    DeviceID                                 0x10000018   Data           4  main.o(.data)
    FlashID                                  0x1000001c   Data           4  main.o(.data)
    SystemCoreClock                          0x10000020   Data           4  system_stm32f4xx.o(.data)
    uwTick                                   0x10000024   Data           4  stm32f4xx_hal.o(.data)
    dur                                      0x10000028   Data           4  config.o(.data)
    state                                    0x1000002c   Data           1  config.o(.data)
    window_count                             0x1000002e   Data           2  config.o(.data)
    action_serial                            0x10000030   Data          20  config.o(.data)
    UNILABEL                                 0x10000044   Data          12  config.o(.data)
    trainig_flag                             0x10000050   Data           1  exti.o(.data)
    testing_flag                             0x10000051   Data           1  exti.o(.data)
    channel_index                            0x10000052   Data           1  emg.o(.data)
    count                                    0x10000054   Data           2  emg.o(.data)
    channel_used                             0x10000056   Data           8  emg.o(.data)
    __stdout                                 0x10000060   Data           4  stdout.o(.data)
    hspi1                                    0x10000064   Data          88  spi.o(.bss)
    feat_num_perclass                        0x100000bc   Data          24  emg.o(.bss)
    feat                                     0x100000d4   Data         132  emg.o(.bss)
    LABEL                                    0x10000158   Data         820  emg.o(.bss)
    pDataDst                                 0x1000048c   Data          24  emg.o(.bss)
    LDA_TEMP                                 0x100004a4   Data         768  emg.o(.bss)
    MeanMat                                  0x100007a4   Data         768  emg.o(.bss)
    CovMat                                   0x10000aa4   Data        4096  emg.o(.bss)
    CovMat_Inverse                           0x10001aa4   Data        4096  emg.o(.bss)
    CovMat_class                             0x10002aa4   Data        4096  emg.o(.bss)
    Temp_Mat                                 0x10003aa4   Data         128  emg.o(.bss)
    Temp_Mat_T                               0x10003b24   Data         128  emg.o(.bss)
    Bias_Mat                                 0x10003ba4   Data          24  emg.o(.bss)
    a                                        0x10003bbc   Data        4096  emg.o(.bss)
    b                                        0x10004bbc   Data        8192  emg.o(.bss)
    c                                        0x10006bbc   Data        4096  emg.o(.bss)
    __initial_sp                             0x10007fc0   Data           0  startup_stm32f407xx.o(STACK)
    recv_buff                                0x20000000   Data        1000  usart.o(.bss)
    temp_from_recv_buff                      0x200003e8   Data          12  usart.o(.bss)
    data_buff                                0x200003f8   Data          64  usart.o(.bss)
    data                                     0x20000438   Data       38400  usart.o(.bss)
    data_src                                 0x20009a38   Data        1344  usart.o(.bss)
    data_filter                              0x20009f78   Data        1344  usart.o(.bss)
    filter_a                                 0x2000a4b8   Data         168  usart.o(.bss)
    filter_b                                 0x2000a560   Data         168  usart.o(.bss)
    huart1                                   0x2000a608   Data          64  usart.o(.bss)
    huart3                                   0x2000a648   Data          64  usart.o(.bss)
    hdma_usart3_rx                           0x2000a688   Data          96  usart.o(.bss)
    predict                                  0x2000a6e8   Data        1000  main.o(.bss)
    SAVE_LDA_TEMP                            0x2000aad0   Data         800  main.o(.bss)
    dtest                                    0x2000adf0   Data         800  main.o(.bss)
    extract_LDA_TEMP                         0x2000b110   Data         768  main.o(.bss)
    SAVE_Bias_Mat                            0x2000b410   Data          24  main.o(.bss)
    etest                                    0x2000b428   Data          24  main.o(.bss)
    extract_Bias_Mat                         0x2000b440   Data          24  main.o(.bss)
    feat_matrix                              0x2000b458   Data       52480  emg.o(.bss)



==============================================================================

Memory Map of the image

  Image Entry point : 0x08000189

  Load Region LR_IROM1 (Base: 0x08000000, Size: 0x0000443c, Max: 0x00080000, ABSOLUTE)

    Execution Region ER_IROM1 (Exec base: 0x08000000, Load base: 0x08000000, Size: 0x000043d8, Max: 0x00080000, ABSOLUTE)

    Exec Addr    Load Addr    Size         Type   Attr      Idx    E Section Name        Object

    0x08000000   0x08000000   0x00000188   Data   RO          530    RESET               startup_stm32f407xx.o
    0x08000188   0x08000188   0x00000000   Code   RO         2444  * .ARM.Collect$$$$00000000  mc_w.l(entry.o)
    0x08000188   0x08000188   0x00000004   Code   RO         2722    .ARM.Collect$$$$00000001  mc_w.l(entry2.o)
    0x0800018c   0x0800018c   0x00000004   Code   RO         2725    .ARM.Collect$$$$00000004  mc_w.l(entry5.o)
    0x08000190   0x08000190   0x00000000   Code   RO         2727    .ARM.Collect$$$$00000008  mc_w.l(entry7b.o)
    0x08000190   0x08000190   0x00000000   Code   RO         2729    .ARM.Collect$$$$0000000A  mc_w.l(entry8b.o)
    0x08000190   0x08000190   0x00000008   Code   RO         2730    .ARM.Collect$$$$0000000B  mc_w.l(entry9a.o)
    0x08000198   0x08000198   0x00000000   Code   RO         2732    .ARM.Collect$$$$0000000D  mc_w.l(entry10a.o)
    0x08000198   0x08000198   0x00000000   Code   RO         2734    .ARM.Collect$$$$0000000F  mc_w.l(entry11a.o)
    0x08000198   0x08000198   0x00000004   Code   RO         2723    .ARM.Collect$$$$00002712  mc_w.l(entry2.o)
    0x0800019c   0x0800019c   0x00000024   Code   RO          531    .text               startup_stm32f407xx.o
    0x080001c0   0x080001c0   0x00000062   Code   RO         2447    .text               mc_w.l(uldiv.o)
    0x08000222   0x08000222   0x0000014e   Code   RO         2710    .text               mf_w.l(dadd.o)
    0x08000370   0x08000370   0x000000e4   Code   RO         2712    .text               mf_w.l(dmul.o)
    0x08000454   0x08000454   0x0000001a   Code   RO         2714    .text               mf_w.l(dfltui.o)
    0x0800046e   0x0800046e   0x00000026   Code   RO         2716    .text               mf_w.l(f2d.o)
    0x08000494   0x08000494   0x00000030   Code   RO         2718    .text               mf_w.l(cdrcmple.o)
    0x080004c4   0x080004c4   0x00000038   Code   RO         2720    .text               mf_w.l(d2f.o)
    0x080004fc   0x080004fc   0x0000002c   Code   RO         2737    .text               mc_w.l(uidiv.o)
    0x08000528   0x08000528   0x0000001e   Code   RO         2739    .text               mc_w.l(llshl.o)
    0x08000546   0x08000546   0x00000020   Code   RO         2741    .text               mc_w.l(llushr.o)
    0x08000566   0x08000566   0x00000024   Code   RO         2743    .text               mc_w.l(llsshr.o)
    0x0800058a   0x0800058a   0x00000000   Code   RO         2745    .text               mc_w.l(iusefp.o)
    0x0800058a   0x0800058a   0x0000006e   Code   RO         2746    .text               mf_w.l(fepilogue.o)
    0x080005f8   0x080005f8   0x000000ba   Code   RO         2748    .text               mf_w.l(depilogue.o)
    0x080006b2   0x080006b2   0x000000de   Code   RO         2750    .text               mf_w.l(ddiv.o)
    0x08000790   0x08000790   0x00000030   Code   RO         2752    .text               mf_w.l(dfixul.o)
    0x080007c0   0x080007c0   0x00000024   Code   RO         2754    .text               mc_w.l(init.o)
    0x080007e4   0x080007e4   0x00000002   Code   RO          327    i.BusFault_Handler  stm32f4xx_it.o
    0x080007e6   0x080007e6   0x00000002   PAD
    0x080007e8   0x080007e8   0x0000000c   Code   RO          328    i.DMA1_Stream1_IRQHandler  stm32f4xx_it.o
    0x080007f4   0x080007f4   0x00000028   Code   RO         1278    i.DMA_CalcBaseAndBitshift  stm32f4xx_hal_dma.o
    0x0800081c   0x0800081c   0x00000054   Code   RO         1279    i.DMA_CheckFifoParam  stm32f4xx_hal_dma.o
    0x08000870   0x08000870   0x00000028   Code   RO         1280    i.DMA_SetConfig     stm32f4xx_hal_dma.o
    0x08000898   0x08000898   0x00000002   Code   RO          329    i.DebugMon_Handler  stm32f4xx_it.o
    0x0800089a   0x0800089a   0x00000006   Code   RO          330    i.EXTI0_IRQHandler  stm32f4xx_it.o
    0x080008a0   0x080008a0   0x00000006   Code   RO          331    i.EXTI1_IRQHandler  stm32f4xx_it.o
    0x080008a6   0x080008a6   0x00000002   PAD
    0x080008a8   0x080008a8   0x00000114   Code   RO            4    i.Filter            usart.o
    0x080009bc   0x080009bc   0x00000024   Code   RO         1282    i.HAL_DMA_Abort_IT  stm32f4xx_hal_dma.o
    0x080009e0   0x080009e0   0x000001a0   Code   RO         1286    i.HAL_DMA_IRQHandler  stm32f4xx_hal_dma.o
    0x08000b80   0x08000b80   0x000000d4   Code   RO         1287    i.HAL_DMA_Init      stm32f4xx_hal_dma.o
    0x08000c54   0x08000c54   0x00000078   Code   RO         1291    i.HAL_DMA_Start_IT  stm32f4xx_hal_dma.o
    0x08000ccc   0x08000ccc   0x0000001c   Code   RO         1571    i.HAL_Delay         stm32f4xx_hal.o
    0x08000ce8   0x08000ce8   0x00000090   Code   RO         2260    i.HAL_GPIO_EXTI_Callback  exti.o
    0x08000d78   0x08000d78   0x00000018   Code   RO          617    i.HAL_GPIO_EXTI_IRQHandler  stm32f4xx_hal_gpio.o
    0x08000d90   0x08000d90   0x000001b0   Code   RO          618    i.HAL_GPIO_Init     stm32f4xx_hal_gpio.o
    0x08000f40   0x08000f40   0x0000000a   Code   RO          620    i.HAL_GPIO_ReadPin  stm32f4xx_hal_gpio.o
    0x08000f4a   0x08000f4a   0x0000000a   Code   RO          622    i.HAL_GPIO_WritePin  stm32f4xx_hal_gpio.o
    0x08000f54   0x08000f54   0x0000000c   Code   RO         1577    i.HAL_GetTick       stm32f4xx_hal.o
    0x08000f60   0x08000f60   0x00000010   Code   RO         1579    i.HAL_IncTick       stm32f4xx_hal.o
    0x08000f70   0x08000f70   0x00000034   Code   RO         1580    i.HAL_Init          stm32f4xx_hal.o
    0x08000fa4   0x08000fa4   0x00000028   Code   RO         1581    i.HAL_InitTick      stm32f4xx_hal.o
    0x08000fcc   0x08000fcc   0x00000058   Code   RO          427    i.HAL_MspInit       stm32f4xx_hal_msp.o
    0x08001024   0x08001024   0x00000016   Code   RO          686    i.HAL_NVIC_EnableIRQ  stm32f4xx_hal_cortex.o
    0x0800103a   0x0800103a   0x00000002   PAD
    0x0800103c   0x0800103c   0x00000040   Code   RO          692    i.HAL_NVIC_SetPriority  stm32f4xx_hal_cortex.o
    0x0800107c   0x0800107c   0x00000024   Code   RO          693    i.HAL_NVIC_SetPriorityGrouping  stm32f4xx_hal_cortex.o
    0x080010a0   0x080010a0   0x00000002   Code   RO         1813    i.HAL_RCC_CSSCallback  stm32f4xx_hal_rcc.o
    0x080010a2   0x080010a2   0x00000002   PAD
    0x080010a4   0x080010a4   0x00000130   Code   RO         1814    i.HAL_RCC_ClockConfig  stm32f4xx_hal_rcc.o
    0x080011d4   0x080011d4   0x0000000c   Code   RO         1817    i.HAL_RCC_EnableCSS  stm32f4xx_hal_rcc.o
    0x080011e0   0x080011e0   0x0000000c   Code   RO         1819    i.HAL_RCC_GetHCLKFreq  stm32f4xx_hal_rcc.o
    0x080011ec   0x080011ec   0x00000020   Code   RO         1821    i.HAL_RCC_GetPCLK1Freq  stm32f4xx_hal_rcc.o
    0x0800120c   0x0800120c   0x00000020   Code   RO         1822    i.HAL_RCC_GetPCLK2Freq  stm32f4xx_hal_rcc.o
    0x0800122c   0x0800122c   0x00000060   Code   RO         1823    i.HAL_RCC_GetSysClockFreq  stm32f4xx_hal_rcc.o
    0x0800128c   0x0800128c   0x0000001c   Code   RO         1825    i.HAL_RCC_NMI_IRQHandler  stm32f4xx_hal_rcc.o
    0x080012a8   0x080012a8   0x000002f0   Code   RO         1826    i.HAL_RCC_OscConfig  stm32f4xx_hal_rcc.o
    0x08001598   0x08001598   0x00000080   Code   RO         1926    i.HAL_SPI_Init      stm32f4xx_hal_spi.o
    0x08001618   0x08001618   0x0000004c   Code   RO          452    i.HAL_SPI_MspInit   spi.o
    0x08001664   0x08001664   0x000001d8   Code   RO         1935    i.HAL_SPI_TransmitReceive  stm32f4xx_hal_spi.o
    0x0800183c   0x0800183c   0x00000018   Code   RO          695    i.HAL_SYSTICK_CLKSourceConfig  stm32f4xx_hal_cortex.o
    0x08001854   0x08001854   0x00000002   Code   RO          696    i.HAL_SYSTICK_Callback  stm32f4xx_hal_cortex.o
    0x08001856   0x08001856   0x00000028   Code   RO          697    i.HAL_SYSTICK_Config  stm32f4xx_hal_cortex.o
    0x0800187e   0x0800187e   0x00000008   Code   RO          698    i.HAL_SYSTICK_IRQHandler  stm32f4xx_hal_cortex.o
    0x08001886   0x08001886   0x00000002   Code   RO          837    i.HAL_UART_ErrorCallback  stm32f4xx_hal_uart.o
    0x08001888   0x08001888   0x00000110   Code   RO          840    i.HAL_UART_IRQHandler  stm32f4xx_hal_uart.o
    0x08001998   0x08001998   0x00000062   Code   RO          841    i.HAL_UART_Init     stm32f4xx_hal_uart.o
    0x080019fa   0x080019fa   0x00000002   PAD
    0x080019fc   0x080019fc   0x000000d8   Code   RO            6    i.HAL_UART_MspInit  usart.o
    0x08001ad4   0x08001ad4   0x00000098   Code   RO          845    i.HAL_UART_Receive_DMA  stm32f4xx_hal_uart.o
    0x08001b6c   0x08001b6c   0x0000000c   Code   RO            7    i.HAL_UART_RxCpltCallback  usart.o
    0x08001b78   0x08001b78   0x00000002   Code   RO          848    i.HAL_UART_RxHalfCpltCallback  stm32f4xx_hal_uart.o
    0x08001b7a   0x08001b7a   0x000000ba   Code   RO          849    i.HAL_UART_Transmit  stm32f4xx_hal_uart.o
    0x08001c34   0x08001c34   0x00000002   Code   RO          852    i.HAL_UART_TxCpltCallback  stm32f4xx_hal_uart.o
    0x08001c36   0x08001c36   0x00000002   Code   RO          332    i.HardFault_Handler  stm32f4xx_it.o
    0x08001c38   0x08001c38   0x000000c8   Code   RO         2290    i.LDA_predict       emg.o
    0x08001d00   0x08001d00   0x000003d4   Code   RO         2291    i.LDA_train         emg.o
    0x080020d4   0x080020d4   0x0000002c   Code   RO          303    i.MX_DMA_Init       dma.o
    0x08002100   0x08002100   0x0000011c   Code   RO          214    i.MX_GPIO_Init      gpio.o
    0x0800221c   0x0800221c   0x0000005c   Code   RO          453    i.MX_SPI1_Init      spi.o
    0x08002278   0x08002278   0x0000004c   Code   RO            8    i.MX_USART1_UART_Init  usart.o
    0x080022c4   0x080022c4   0x0000004c   Code   RO            9    i.MX_USART3_UART_Init  usart.o
    0x08002310   0x08002310   0x00000002   Code   RO          333    i.MemManage_Handler  stm32f4xx_it.o
    0x08002312   0x08002312   0x00000004   Code   RO          334    i.NMI_Handler       stm32f4xx_it.o
    0x08002316   0x08002316   0x00000020   Code   RO          699    i.NVIC_SetPriority  stm32f4xx_hal_cortex.o
    0x08002336   0x08002336   0x00000002   Code   RO          335    i.PendSV_Handler    stm32f4xx_it.o
    0x08002338   0x08002338   0x00000020   Code   RO         1950    i.SPI_CheckFlag_BSY  stm32f4xx_hal_spi.o
    0x08002358   0x08002358   0x00000058   Code   RO         2340    i.SPI_FLASH_BufferRead  w25q128.o
    0x080023b0   0x080023b0   0x000000bc   Code   RO         2341    i.SPI_FLASH_BufferWrite  w25q128.o
    0x0800246c   0x0800246c   0x00000064   Code   RO         2343    i.SPI_FLASH_PageWrite  w25q128.o
    0x080024d0   0x080024d0   0x00000040   Code   RO         2345    i.SPI_FLASH_ReadDeviceID  w25q128.o
    0x08002510   0x08002510   0x00000048   Code   RO         2346    i.SPI_FLASH_ReadID  w25q128.o
    0x08002558   0x08002558   0x0000004c   Code   RO         2347    i.SPI_FLASH_SectorErase  w25q128.o
    0x080025a4   0x080025a4   0x0000002c   Code   RO         2348    i.SPI_FLASH_SendByte  w25q128.o
    0x080025d0   0x080025d0   0x00000030   Code   RO         2350    i.SPI_FLASH_WaitForWriteEnd  w25q128.o
    0x08002600   0x08002600   0x00000028   Code   RO         2351    i.SPI_FLASH_WriteEnable  w25q128.o
    0x08002628   0x08002628   0x00000096   Code   RO         1968    i.SPI_WaitFlagStateUntilTimeout  stm32f4xx_hal_spi.o
    0x080026be   0x080026be   0x00000002   Code   RO          336    i.SVC_Handler       stm32f4xx_it.o
    0x080026c0   0x080026c0   0x0000010c   Code   RO           10    i.SetData           usart.o
    0x080027cc   0x080027cc   0x0000000e   Code   RO          337    i.SysTick_Handler   stm32f4xx_it.o
    0x080027da   0x080027da   0x00000002   PAD
    0x080027dc   0x080027dc   0x000000a4   Code   RO          238    i.SystemClock_Config  main.o
    0x08002880   0x08002880   0x00000054   Code   RO          494    i.SystemInit        system_stm32f4xx.o
    0x080028d4   0x080028d4   0x00000010   Code   RO          854    i.UART_DMAAbortOnError  stm32f4xx_hal_uart.o
    0x080028e4   0x080028e4   0x0000004a   Code   RO          855    i.UART_DMAError     stm32f4xx_hal_uart.o
    0x0800292e   0x0800292e   0x0000003c   Code   RO          856    i.UART_DMAReceiveCplt  stm32f4xx_hal_uart.o
    0x0800296a   0x0800296a   0x0000000a   Code   RO          858    i.UART_DMARxHalfCplt  stm32f4xx_hal_uart.o
    0x08002974   0x08002974   0x0000001c   Code   RO          864    i.UART_EndRxTransfer  stm32f4xx_hal_uart.o
    0x08002990   0x08002990   0x00000012   Code   RO          865    i.UART_EndTxTransfer  stm32f4xx_hal_uart.o
    0x080029a2   0x080029a2   0x0000008c   Code   RO          866    i.UART_Receive_IT   stm32f4xx_hal_uart.o
    0x08002a2e   0x08002a2e   0x00000002   PAD
    0x08002a30   0x08002a30   0x000002ac   Code   RO          867    i.UART_SetConfig    stm32f4xx_hal_uart.o
    0x08002cdc   0x08002cdc   0x00000062   Code   RO          868    i.UART_Transmit_IT  stm32f4xx_hal_uart.o
    0x08002d3e   0x08002d3e   0x00000064   Code   RO          869    i.UART_WaitOnFlagUntilTimeout  stm32f4xx_hal_uart.o
    0x08002da2   0x08002da2   0x00000002   PAD
    0x08002da4   0x08002da4   0x0000000c   Code   RO          338    i.USART3_IRQHandler  stm32f4xx_it.o
    0x08002db0   0x08002db0   0x00000002   Code   RO          339    i.UsageFault_Handler  stm32f4xx_it.o
    0x08002db2   0x08002db2   0x00000002   Code   RO          239    i._Error_Handler    main.o
    0x08002db4   0x08002db4   0x00000020   Code   RO         2682    i.__0printf         mc_w.l(printfa.o)
    0x08002dd4   0x08002dd4   0x00000014   Code   RO         2438    i.__hardfp_fabs     m_wm.l(fabs.o)
    0x08002de8   0x08002de8   0x0000000e   Code   RO         2758    i.__scatterload_copy  mc_w.l(handlers.o)
    0x08002df6   0x08002df6   0x00000002   Code   RO         2759    i.__scatterload_null  mc_w.l(handlers.o)
    0x08002df8   0x08002df8   0x0000000e   Code   RO         2760    i.__scatterload_zeroinit  mc_w.l(handlers.o)
    0x08002e06   0x08002e06   0x00000002   PAD
    0x08002e08   0x08002e08   0x00000184   Code   RO         2689    i._fp_digits        mc_w.l(printfa.o)
    0x08002f8c   0x08002f8c   0x000006dc   Code   RO         2690    i._printf_core      mc_w.l(printfa.o)
    0x08003668   0x08003668   0x00000024   Code   RO         2691    i._printf_post_padding  mc_w.l(printfa.o)
    0x0800368c   0x0800368c   0x0000002e   Code   RO         2692    i._printf_pre_padding  mc_w.l(printfa.o)
    0x080036ba   0x080036ba   0x00000002   PAD
    0x080036bc   0x080036bc   0x000001e8   Code   RO           11    i.deal_with_recv_buff  usart.o
    0x080038a4   0x080038a4   0x00000014   Code   RO           12    i.decode            usart.o
    0x080038b8   0x080038b8   0x000001d8   Code   RO         2292    i.feature_extraction  emg.o
    0x08003a90   0x08003a90   0x00000018   Code   RO           14    i.fputc             usart.o
    0x08003aa8   0x08003aa8   0x000000c4   Code   RO           15    i.initiate_filter   usart.o
    0x08003b6c   0x08003b6c   0x000005b0   Code   RO          240    i.main              main.o
    0x0800411c   0x0800411c   0x0000026c   Code   RO         2293    i.qiuni             emg.o
    0x08004388   0x08004388   0x00000010   Data   RO          495    .constdata          system_stm32f4xx.o
    0x08004398   0x08004398   0x00000008   Data   RO          496    .constdata          system_stm32f4xx.o
    0x080043a0   0x080043a0   0x00000008   Data   RO         1293    .constdata          stm32f4xx_hal_dma.o
    0x080043a8   0x080043a8   0x00000030   Data   RO         2756    Region$$Table       anon$$obj.o


    Execution Region RW_IRAM2 (Exec base: 0x10000000, Load base: 0x080043d8, Size: 0x00007fc0, Max: 0x00010000, ABSOLUTE)

    Exec Addr    Load Addr    Size         Type   Attr      Idx    E Section Name        Object

    0x10000000   0x080043d8   0x00000012   Data   RW           17    .data               usart.o
    0x10000012   0x080043ea   0x00000002   PAD
    0x10000014   0x080043ec   0x0000000c   Data   RW          242    .data               main.o
    0x10000020   0x080043f8   0x00000004   Data   RW          497    .data               system_stm32f4xx.o
    0x10000024   0x080043fc   0x00000004   Data   RW         1586    .data               stm32f4xx_hal.o
    0x10000028   0x08004400   0x00000004   Data   RW         2232    .data               config.o
    0x1000002c   0x08004404   0x00000001   Data   RW         2233    .data               config.o
    0x1000002d   0x08004405   0x00000001   PAD
    0x1000002e   0x08004406   0x00000002   Data   RW         2234    .data               config.o
    0x10000030   0x08004408   0x00000014   Data   RW         2235    .data               config.o
    0x10000044   0x0800441c   0x0000000c   Data   RW         2236    .data               config.o
    0x10000050   0x08004428   0x00000002   Data   RW         2261    .data               exti.o
    0x10000052   0x0800442a   0x0000000c   Data   RW         2296    .data               emg.o
    0x1000005e   0x08004436   0x00000002   PAD
    0x10000060   0x08004438   0x00000004   Data   RW         2736    .data               mc_w.l(stdout.o)
    0x10000064        -       0x00000058   Zero   RW          454    .bss                spi.o
    0x100000bc        -       0x00007b00   Zero   RW         2294    .bss                emg.o
    0x10007bbc   0x0800443c   0x00000004   PAD
    0x10007bc0        -       0x00000400   Zero   RW          528    STACK               startup_stm32f407xx.o


    Execution Region RW_IRAM1 (Exec base: 0x20000000, Load base: 0x080043d8, Size: 0x00018158, Max: 0x00020000, ABSOLUTE)

    Exec Addr    Load Addr    Size         Type   Attr      Idx    E Section Name        Object

    0x20000000        -       0x0000a6e8   Zero   RW           16    .bss                usart.o
    0x2000a6e8        -       0x00000d70   Zero   RW          241    .bss                main.o
    0x2000b458        -       0x0000cd00   Zero   RW         2295    .bss                emg.o


==============================================================================

Image component sizes


      Code (inc. data)   RO Data    RW Data    ZI Data      Debug   Object Name

         0          0          0         39          0        656   config.o
        44          4          0          0          0        786   dma.o
      2272        118          0         12      83968       6135   emg.o
       144         30          0          2          0        941   exti.o
       284         26          0          0          0       1067   gpio.o
      1622        166          0         12       3440      17807   main.o
       168         38          0          0         88       1681   spi.o
        36          8        392          0       1024        820   startup_stm32f407xx.o
       148         22          0          4          0       4515   stm32f4xx_hal.o
       228         14          0          0          0      32293   stm32f4xx_hal_cortex.o
       948         16          8          0          0       6610   stm32f4xx_hal_dma.o
       476         50          0          0          0       3790   stm32f4xx_hal_gpio.o
        88          0          0          0          0        538   stm32f4xx_hal_msp.o
      1270         86          0          0          0       7347   stm32f4xx_hal_rcc.o
       782          0          0          0          0       4497   stm32f4xx_hal_spi.o
      1942         28          0          0          0      13102   stm32f4xx_hal_uart.o
        68         12          0          0          0       6194   stm32f4xx_it.o
        84         18         24          4          0       1207   system_stm32f4xx.o
      1652        214          0         18      42728     662121   usart.o
       720         42          0          0          0       6412   w25q128.o

    ----------------------------------------------------------------------
     12992        892        472         96     131252     778519   Object Totals
         0          0         48          0          0          0   (incl. Generated)
        16          0          0          5          4          0   (incl. Padding)

    ----------------------------------------------------------------------

      Code (inc. data)   RO Data    RW Data    ZI Data      Debug   Library Member Name

        20          0          0          0          0        124   fabs.o
         0          0          0          0          0          0   entry.o
         0          0          0          0          0          0   entry10a.o
         0          0          0          0          0          0   entry11a.o
         8          4          0          0          0          0   entry2.o
         4          0          0          0          0          0   entry5.o
         0          0          0          0          0          0   entry7b.o
         0          0          0          0          0          0   entry8b.o
         8          4          0          0          0          0   entry9a.o
        30          0          0          0          0          0   handlers.o
        36          8          0          0          0         68   init.o
         0          0          0          0          0          0   iusefp.o
        30          0          0          0          0         68   llshl.o
        36          0          0          0          0         68   llsshr.o
        32          0          0          0          0         68   llushr.o
      2258         90          0          0          0        452   printfa.o
         0          0          0          4          0          0   stdout.o
        44          0          0          0          0         80   uidiv.o
        98          0          0          0          0         92   uldiv.o
        48          0          0          0          0         68   cdrcmple.o
        56          0          0          0          0         88   d2f.o
       334          0          0          0          0        148   dadd.o
       222          0          0          0          0        100   ddiv.o
       186          0          0          0          0        176   depilogue.o
        48          0          0          0          0         68   dfixul.o
        26          0          0          0          0         76   dfltui.o
       228          0          0          0          0         96   dmul.o
        38          0          0          0          0         68   f2d.o
       110          0          0          0          0        168   fepilogue.o

    ----------------------------------------------------------------------
      3904        106          0          4          0       2076   Library Totals
         4          0          0          0          0          0   (incl. Padding)

    ----------------------------------------------------------------------

      Code (inc. data)   RO Data    RW Data    ZI Data      Debug   Library Name

        20          0          0          0          0        124   m_wm.l
      2584        106          0          4          0        896   mc_w.l
      1296          0          0          0          0       1056   mf_w.l

    ----------------------------------------------------------------------
      3904        106          0          4          0       2076   Library Totals

    ----------------------------------------------------------------------

==============================================================================


      Code (inc. data)   RO Data    RW Data    ZI Data      Debug   

     16896        998        472        100     131252     770763   Grand Totals
     16896        998        472        100     131252     770763   ELF Image Totals
     16896        998        472        100          0          0   ROM Totals

==============================================================================

    Total RO  Size (Code + RO Data)                17368 (  16.96kB)
    Total RW  Size (RW Data + ZI Data)            131352 ( 128.27kB)
    Total ROM Size (Code + RO Data + RW Data)      17468 (  17.06kB)

==============================================================================

